06-24 11:19:33.037   481   481 V EmulatedCamera_Camera: doStopPreview
06-24 11:19:33.038   481   481 I CameraService: disconnect: Disconnected client for camera 1 for PID 481
06-24 11:19:33.038   481   481 D NuPlayerDriver: reset(0xf61d9c60)
06-24 11:19:33.038   481   481 D NuPlayerDriver: notifyListener_l(0xf61d9c60), (8, 0, 0)
06-24 11:19:33.039   481  1302 D NuPlayerDriver: notifyResetComplete(0xf61d9c60)
06-24 11:19:33.039   481   481 D NuPlayerDriver: reset(0xf61d9cc0)
06-24 11:19:33.039   481   481 D NuPlayerDriver: notifyListener_l(0xf61d9cc0), (8, 0, 0)
06-24 11:19:33.040   481  1304 D NuPlayerDriver: notifyResetComplete(0xf61d9cc0)
06-24 11:19:33.040   481   481 E CameraService: disconnect: Disconnect called on already disconnected client for device 1
06-24 11:19:33.050   481   877 V EmulatedCamera_Camera: getCameraInfo
06-24 11:19:33.050   481   877 V EmulatedCamera_BaseCamera: getCameraInfo
06-24 11:19:33.051   481   481 V EmulatedCamera_Camera: getCameraInfo
06-24 11:19:33.051   481   481 V EmulatedCamera_BaseCamera: getCameraInfo
06-24 11:19:33.061   815   815 I DefaultPermGrantPolicy: Granting permissions to default sms app for user:0
06-24 11:19:33.062   815   815 I DefaultPermGrantPolicy: Granting permissions to default dialer app for user:0
06-24 11:19:33.085   481   877 V EmulatedCamera_Camera: getCameraInfo
06-24 11:19:33.085   481   877 V EmulatedCamera_BaseCamera: getCameraInfo
06-24 11:19:33.086   815   815 I Telecom : PhoneAccountRegistrar: SimCallManager queried, returning: null
06-24 11:19:33.090   481   481 V EmulatedCamera_Camera: getCameraInfo
06-24 11:19:33.090   481   481 V EmulatedCamera_BaseCamera: getCameraInfo
06-24 11:19:33.145  1163  1174 W art     : Suspending all threads took: 6.315ms
06-24 11:19:33.146  1163  1174 I art     : Background sticky concurrent mark sweep GC freed 609(54KB) AllocSpace objects, 0(0B) LOS objects, 4% free, 3MB/3MB, paused 6.582ms total 20.237ms
06-24 11:19:33.170  1163  1239 W Launcher: setApplicationContext called twice! old=android.app.Application@8466df2 new=android.app.Application@8466df2
06-24 11:19:33.170   815   827 I AccountManagerService: getTypesVisibleToCaller: isPermitted? true
06-24 11:19:33.189   815  1206 I ActivityManager: Start proc 1311:com.android.smspush/u0a55 for service com.android.smspush/.WapPushManager
06-24 11:19:33.224   815   815 I AccountManagerService: getTypesVisibleToCaller: isPermitted? true
06-24 11:19:33.266   815   828 D GpsLocationProvider: received SIM related action: 
06-24 11:19:33.291  1149  1339 E DcSwitchStateMachine-0: DctController is not ready
06-24 11:19:33.294  1311  1311 W System  : ClassLoader referenced unknown path: /system/app/WAPPushManager/lib/x86
06-24 11:19:33.302   815   871 E ConnectivityService: Failed to find Messenger in unregisterNetworkFactory
06-24 11:19:33.316  1163  1344 D OpenGLRenderer: Use EGL_SWAP_BEHAVIOR_PRESERVED: true
06-24 11:19:33.317   815   871 D ConnectivityService: Got NetworkFactory Messenger for Telephony
06-24 11:19:33.317   815   871 D ConnectivityService: Ignoring this network
06-24 11:19:33.336  1193  1347 D DownloadManager: Removed 0 stale downloads
06-24 11:19:33.339   815   815 I ActivityManager: Start proc 1348:com.gotokeep.keep:xg_service_v2/u0a66 for broadcast com.gotokeep.keep/com.tencent.android.tpush.XGPushReceiver
06-24 11:19:33.341   815   828 D GpsLocationProvider: SIM MCC/MNC is still not available
06-24 11:19:33.344   815   815 I FusedLocation: engine started (com.android.location.fused)
06-24 11:19:33.357  1193  1347 D DownloadManager: Found 0 files in database
06-24 11:19:33.357  1193  1347 D DownloadManager: Found 0 files on disk
06-24 11:19:33.358  1348  1348 I chatty  : uid=0(root) com.gotokeep.keep:xg_service_v2 expire 1 line
06-24 11:19:33.386  1163  1163 D         : HostConnection::get() New Host Connection established 0xe87be0a0, tid 1163
06-24 11:19:33.392  1348  1348 D houdini : [1348] Initialize library(version: 6.0.0_x.47745 RELEASE)... successfully.
06-24 11:19:33.414  1193  1354 D DownloadManager: Removed 0 stale downloads
06-24 11:19:33.416  1193  1354 D DownloadManager: Found 0 files in database
06-24 11:19:33.416  1193  1354 D DownloadManager: Found 0 files on disk
06-24 11:19:33.478   921  1364 D OpenGLRenderer: Use EGL_SWAP_BEHAVIOR_PRESERVED: true
06-24 11:19:33.478   921  1364 D OpenGLRenderer: profile bars disabled
06-24 11:19:33.491   921  1364 D OpenGLRenderer: ambientRatio = 1.50
06-24 11:19:33.524  1149  1149 D CarrierConfigLoader: CarrierConfigLoader has started
06-24 11:19:33.525   921   921 D         : HostConnection::get() New Host Connection established 0xee275d30, tid 921
06-24 11:19:33.529  1149  1149 E BluetoothAdapter: Bluetooth binder is null
06-24 11:19:33.563  1225  1268 I ContactLocale: AddressBook Labels [en-US]: [, A, B, C, D, E, F, G, H, I, J, K, L, M, N, O, P, Q, R, S, T, U, V, W, X, Y, Z, , , , , , , , , , , , , , , , , , , , , , , , , , , , , , , , , , , , , , , , , , , , , , , , , , , , , , , , , , , , , , , , , , , , , , , , , , , , , , , , , , , , , , , , , , , , , , , , , , , , , , , , , , , , , , , , , , , , , , , , , , , , , , , , , , , , , , , , , , , , , , , , , , , , , , , , , , , , , , , , , , , , , , , , , , , , , , , , , , , , , , , , , , , #, ]
06-24 11:19:33.662  1163  1344 D libEGL  : loaded /system/lib/egl/libEGL_emulation.so
06-24 11:19:33.665  1163  1344 D libEGL  : loaded /system/lib/egl/libGLESv1_CM_emulation.so
06-24 11:19:33.687  1163  1344 D libEGL  : loaded /system/lib/egl/libGLESv2_emulation.so
06-24 11:19:33.690   921   921 D PhoneStatusBar: disable: < expand icons alerts system_info back home recent clock search quick_settings >
06-24 11:19:33.702  1163  1344 D         : HostConnection::get() New Host Connection established 0xee2929e0, tid 1344
06-24 11:19:33.745   921   921 D PhoneStatusBar: heads up is enabled
06-24 11:19:33.822  1163  1344 I OpenGLRenderer: Initialized EGL, version 1.4
06-24 11:19:33.870   921   921 I Choreographer: Skipped 96 frames!  The application may be doing too much work on its main thread.
06-24 11:19:33.873   921   921 D ViewRootImpl: changeCanvasOpacity: opaque=true
06-24 11:19:33.901   815   895 V KeyValueBackupJob: Scheduling k/v pass in 249 minutes
06-24 11:19:33.967  1163  1344 W EGL_emulation: eglSurfaceAttrib not implemented
06-24 11:19:33.967  1163  1344 W OpenGLRenderer: Failed to set EGL_SWAP_BEHAVIOR on surface 0xe92ba3c0, error=EGL_SUCCESS
06-24 11:19:33.974  1149  1149 I Telephony: TtyManager: updateUiTtyMode -1 -> 0
06-24 11:19:34.031   921  1364 D libEGL  : loaded /system/lib/egl/libEGL_emulation.so
06-24 11:19:34.034   921  1364 D libEGL  : loaded /system/lib/egl/libGLESv1_CM_emulation.so
06-24 11:19:34.064   921  1364 D libEGL  : loaded /system/lib/egl/libGLESv2_emulation.so
06-24 11:19:34.073   921  1364 D         : HostConnection::get() New Host Connection established 0xee292970, tid 1364
06-24 11:19:34.114   815  1191 I AccountManagerService: getTypesVisibleToCaller: isPermitted? true
06-24 11:19:34.194   921  1364 I OpenGLRenderer: Initialized EGL, version 1.4
06-24 11:19:34.342   815   828 D GpsLocationProvider: received SIM related action: 
06-24 11:19:34.356   815   828 D GpsLocationProvider: SIM MCC/MNC is still not available
06-24 11:19:34.360   921  1364 W EGL_emulation: eglSurfaceAttrib not implemented
06-24 11:19:34.360   921  1364 W OpenGLRenderer: Failed to set EGL_SWAP_BEHAVIOR on surface 0xe92bad80, error=EGL_SUCCESS
06-24 11:19:34.416  1348  1348 I MultiDex: VM with version 2.1.0 has multidex support
06-24 11:19:34.416  1348  1348 I MultiDex: install
06-24 11:19:34.416  1348  1348 I MultiDex: VM has multidex support, MultiDex support library is disabled.
06-24 11:19:34.460   815   834 I ActivityManager: Displayed com.android.launcher3/.Launcher: +3s409ms
06-24 11:19:34.490   796   890 D         : HostConnection::get() New Host Connection established 0xf6bbe560, tid 890
06-24 11:19:34.545   815   829 E ActivityManager: Unable to mark boot complete for abi: armeabi-v7a
06-24 11:19:34.545   815   829 I SystemServiceManager: Starting phase 1000
06-24 11:19:34.571  1149  1149 D TelephonyDebugService: TelephonyDebugService()
06-24 11:19:34.597   815   829 V KeyguardServiceDelegate: *** Keyguard started
06-24 11:19:34.598   921  1364 W EGL_emulation: eglSurfaceAttrib not implemented
06-24 11:19:34.598   921  1364 W OpenGLRenderer: Failed to set EGL_SWAP_BEHAVIOR on surface 0xe92bada0, error=EGL_SUCCESS
06-24 11:19:34.599   815   829 W KeyguardServiceDelegate: onScreenTurningOn(): no keyguard service!
06-24 11:19:34.609   815   870 D WifiService: New client listening to asynchronous messages
06-24 11:19:34.610  1163  1163 D Launcher: bindAppWidget: AppWidget(id=3)
06-24 11:19:34.610  1163  1163 D Launcher: bindAppWidget: id=3 belongs to component ComponentInfo{com.android.deskclock/com.android.alarmclock.AnalogAppWidgetProvider}
06-24 11:19:34.648   815   870 D WifiService: New client listening to asynchronous messages
06-24 11:19:34.659  1149  1149 D CarrierConfigLoader: mHandler: 12 phoneId: 0
06-24 11:19:34.699  1149  1149 E PhoneInterfaceManager: [PhoneIntfMgr] getIccId: No UICC
06-24 11:19:34.715   815  1191 I Telecom : PhoneAccountRegistrar: New phone account registered: [[ ] PhoneAccount: ComponentInfo{com.android.phone/com.android.services.telephony.TelephonyConnectionService}, [e0184adedf913b076626646d3f52c3b49c39ad6d], UserHandle{0} Capabilities: 54 Schemes: tel voicemail ]
06-24 11:19:34.801  1348  1360 W art     : Suspending all threads took: 5.344ms
06-24 11:19:34.807   921   921 I Choreographer: Skipped 56 frames!  The application may be doing too much work on its main thread.
06-24 11:19:35.002  1163  1163 D Launcher: bound widget id=3 in 392ms
06-24 11:19:35.206   815  1191 I Telecom : : Sending phone-account intent as user
06-24 11:19:35.223  1149  1149 I Telephony: AccountEntry: Registered phoneAccount: [[ ] PhoneAccount: ComponentInfo{com.android.phone/com.android.services.telephony.TelephonyConnectionService}, [e0184adedf913b076626646d3f52c3b49c39ad6d], UserHandle{0} Capabilities: 54 Schemes: tel voicemail ] with handle: ComponentInfo{com.android.phone/com.android.services.telephony.TelephonyConnectionService}, [e0184adedf913b076626646d3f52c3b49c39ad6d], UserHandle{0}
06-24 11:19:35.233  1149  1149 I Telephony: PstnIncomingCallNotifier: Registering: Handler (com.android.internal.telephony.gsm.GSMPhone) {26791fe}
06-24 11:19:35.256  1149  1149 I Telephony: TelecomAccountRegistry: Unregistering phone account ComponentInfo{com.android.phone/com.android.services.telephony.TelephonyConnectionService}, [e2f7d48dd2b5ca523e7313cf4ba0f6ea830b6281], UserHandle{0}.
06-24 11:19:35.320   815  1049 W Telecom : : No account found for the calling user
06-24 11:19:35.362   815   828 D GpsLocationProvider: received SIM related action: 
06-24 11:19:35.375   815  1070 I DropBoxManagerService: Cleaning temp file: /data/system/dropbox/drop194.tmp
06-24 11:19:35.376   815   828 D GpsLocationProvider: SIM MCC/MNC is still not available
06-24 11:19:35.379  1149  1149 D MccTable: updateMccMncConfiguration mccmnc='310260' fromServiceState=true
06-24 11:19:35.384  1149  1149 D MccTable: updateMccMncConfiguration defaultMccMnc=
06-24 11:19:35.458  1149  1149 D MccTable: updateMccMncConfiguration: mcc=310, mnc=260
06-24 11:19:35.459  1149  1149 D MccTable: WIFI_COUNTRY_CODE set to us
06-24 11:19:35.460   815  1049 I WifiService: WifiService trying to set country code to us with persist set to true
06-24 11:19:35.563  1348  1348 D houdini : [1348] Added shared library /data/app/com.gotokeep.keep-1/lib/arm/libtpnsSecurity.so for ClassLoader by Native Bridge.
06-24 11:19:35.571  1348  1348 I TpnsSecurity: JNI_OnLoad
06-24 11:19:35.603  1149  1149 I Telephony: PstnIncomingCallNotifier: Unregistering: Handler (com.android.internal.telephony.gsm.GSMPhone) {26791fe}
06-24 11:19:35.629  1149  1149 E PhoneInterfaceManager: [PhoneIntfMgr] getIccId: No UICC
06-24 11:19:35.642   815   827 I Telecom : PhoneAccountRegistrar: [ComponentInfo{com.android.phone/com.android.services.telephony.TelephonyConnectionService}, [e0184adedf913b076626646d3f52c3b49c39ad6d], UserHandle{0}(icon: Icon(typ=BITMAP size=67x84) -> Icon(typ=BITMAP size=67x84))]
06-24 11:19:35.663   815   830 W WindowManager: Keyguard drawn timeout. Setting mKeyguardDrawComplete
06-24 11:19:35.713   815   827 I Telecom : : Sending phone-account intent as user
06-24 11:19:35.725  1407  1407 I chatty  : uid=0(root) io.rong.push expire 1 line
06-24 11:19:35.726   815   826 I ActivityManager: Start proc 1407:io.rong.push/u0a65 for broadcast com.quanleimu.activity/io.rong.push.PushReceiver
06-24 11:19:35.726  1407  1407 I chatty  : uid=10065(com.quanleimu.activity) io.rong.push expire 714 lines
06-24 11:19:35.727  1149  1149 I Telephony: AccountEntry: Registered phoneAccount: [[ ] PhoneAccount: ComponentInfo{com.android.phone/com.android.services.telephony.TelephonyConnectionService}, [e0184adedf913b076626646d3f52c3b49c39ad6d], UserHandle{0} Capabilities: 54 Schemes: tel voicemail ] with handle: ComponentInfo{com.android.phone/com.android.services.telephony.TelephonyConnectionService}, [e0184adedf913b076626646d3f52c3b49c39ad6d], UserHandle{0}
06-24 11:19:35.727  1149  1149 I Telephony: PstnIncomingCallNotifier: Registering: Handler (com.android.internal.telephony.gsm.GSMPhone) {26791fe}
06-24 11:19:35.735   815   827 W Telecom : : No account found for the calling user
06-24 11:19:35.761  1348  1417 W XgStat  : Network error
06-24 11:19:35.770   815  1049 W SettingsProvider: You shouldn't keep your settings in the secure settings. This will soon become an error.
06-24 11:19:35.832   815   828 D GpsLocationProvider: received SIM related action: 
06-24 11:19:35.834   815   828 D GpsLocationProvider: SIM MCC/MNC is still not available
06-24 11:19:35.851   815   828 D GpsLocationProvider: received SIM related action: 
06-24 11:19:35.868   815   828 D GpsLocationProvider: SIM MCC/MNC is still not available
06-24 11:19:35.889  1149  1149 D MccTable: updateMccMncConfiguration mccmnc='310260' fromServiceState=false
06-24 11:19:35.892  1149  1149 D MccTable: updateMccMncConfiguration defaultMccMnc=
06-24 11:19:35.892  1149  1149 D MccTable: updateMccMncConfiguration: mcc=310, mnc=260
06-24 11:19:35.892  1149  1149 D MccTable: updateMccMncConfiguration updateConfig config={1.0 310mcc260mnc ?locale ?layoutDir ?swdp ?wdp ?hdp ?density ?lsize ?long ?orien ?uimode ?night ?touch ?keyb/?/? ?nav/?}
06-24 11:19:35.892   815   826 I ActivityManager: Config changes=3 {1.0 310mcc260mnc en_US ldltr sw411dp w411dp h659dp 560dpi nrml port finger qwerty/v/v dpad/v s.6}
06-24 11:19:35.894  1149  1339 E DcSwitchStateMachine-0: EVENT_DATA_DISALLOWED failed, com.android.internal.telephony.CommandException: REQUEST_NOT_SUPPORTED
06-24 11:19:35.967  1163  1344 E Surface : getSlotFromBufferLocked: unknown buffer: 0xee2b5bf0
06-24 11:19:36.037  1163  1163 W Launcher: setApplicationContext called twice! old=android.app.Application@8466df2 new=android.app.Application@8466df2
06-24 11:19:36.081   815  1206 W SettingsProvider: You shouldn't keep your settings in the secure settings. This will soon become an error.
06-24 11:19:36.254  1149  1149 I Telephony: PstnIncomingCallNotifier: Unregistering: Handler (com.android.internal.telephony.gsm.GSMPhone) {26791fe}
06-24 11:19:36.257  1348  1475 I XINGE   : [TpnsChannel] Connect to Xinge Server failed!
06-24 11:19:36.258  1149  1149 E PhoneInterfaceManager: [PhoneIntfMgr] getIccId: No UICC
06-24 11:19:36.268   815   826 I Telecom : PhoneAccountRegistrar: [ComponentInfo{com.android.phone/com.android.services.telephony.TelephonyConnectionService}, [e0184adedf913b076626646d3f52c3b49c39ad6d], UserHandle{0}(addr: tel:*********** -> tel:)(icon: Icon(typ=BITMAP size=67x84) -> Icon(typ=BITMAP size=67x84))(subAddr: tel:*********** -> tel:)]
06-24 11:19:36.391   921   921 W KeyguardUpdateMonitor: invalid subId in handleSimStateChange()
06-24 11:19:36.395   815   815 V KeyguardServiceDelegate: *** Keyguard connected (yay!)
06-24 11:19:36.397   921   921 I Choreographer: Skipped 94 frames!  The application may be doing too much work on its main thread.
06-24 11:19:36.449   815   827 W art     : Long monitor contention event with owner method=void com.android.server.appwidget.AppWidgetServiceImpl$SaveStateRunnable.run() from AppWidgetServiceImpl.java:3574 waiters=0 for 300ms
06-24 11:19:36.450   815   828 D GpsLocationProvider: received SIM related action: 
06-24 11:19:36.466   815   828 D GpsLocationProvider: SIM MCC/MNC is still not available
06-24 11:19:36.498  1163  1163 D Launcher: bindAppWidget: AppWidget(id=3)
06-24 11:19:36.498  1163  1163 D Launcher: bindAppWidget: id=3 belongs to component ComponentInfo{com.android.deskclock/com.android.alarmclock.AnalogAppWidgetProvider}
06-24 11:19:36.509  1163  1163 D Launcher: bound widget id=3 in 11ms
06-24 11:19:36.534   815   826 I Telecom : : Sending phone-account intent as user
06-24 11:19:36.535   815   950 I AccountManagerService: getTypesVisibleToCaller: isPermitted? true
06-24 11:19:36.535  1149  1149 I Telephony: AccountEntry: Registered phoneAccount: [[ ] PhoneAccount: ComponentInfo{com.android.phone/com.android.services.telephony.TelephonyConnectionService}, [e0184adedf913b076626646d3f52c3b49c39ad6d], UserHandle{0} Capabilities: 54 Schemes: tel voicemail ] with handle: ComponentInfo{com.android.phone/com.android.services.telephony.TelephonyConnectionService}, [e0184adedf913b076626646d3f52c3b49c39ad6d], UserHandle{0}
06-24 11:19:36.535  1149  1149 I Telephony: PstnIncomingCallNotifier: Registering: Handler (com.android.internal.telephony.gsm.GSMPhone) {26791fe}
06-24 11:19:36.538   815   825 I art     : Background sticky concurrent mark sweep GC freed 15448(2016KB) AllocSpace objects, 14(472KB) LOS objects, 29% free, 6MB/8MB, paused 6.719ms total 48.427ms
06-24 11:19:36.557   921   931 I art     : Background sticky concurrent mark sweep GC freed 1617(108KB) AllocSpace objects, 0(0B) LOS objects, 0% free, 34MB/34MB, paused 6.516ms total 15.035ms
06-24 11:19:36.563  1163  1163 I Choreographer: Skipped 35 frames!  The application may be doing too much work on its main thread.
06-24 11:19:36.565   815   950 W Telecom : : No account found for the calling user
06-24 11:19:36.584   815   828 D GpsLocationProvider: received SIM related action: 
06-24 11:19:36.592  1407  1479 I chatty  : uid=10065(com.quanleimu.activity) BUGLY_THREAD expire 5 lines
06-24 11:19:36.608   815   866 E Surface : getSlotFromBufferLocked: unknown buffer: 0xde20e5a0
06-24 11:19:36.610   815   828 D GpsLocationProvider: SIM MCC/MNC is still not available
06-24 11:19:36.620  1149  1149 D TelephonyProvider: subIdString = -2 subId = -2
06-24 11:19:36.691  1163  1344 W EGL_emulation: eglSurfaceAttrib not implemented
06-24 11:19:36.691  1163  1344 W OpenGLRenderer: Failed to set EGL_SWAP_BEHAVIOR on surface 0xe793fdc0, error=EGL_SUCCESS
06-24 11:19:36.811  1149  1149 I Telephony: PstnIncomingCallNotifier: Unregistering: Handler (com.android.internal.telephony.gsm.GSMPhone) {26791fe}
06-24 11:19:36.816  1149  1149 E PhoneInterfaceManager: [PhoneIntfMgr] getIccId: No UICC
06-24 11:19:36.839   815   826 I Telecom : PhoneAccountRegistrar: [ComponentInfo{com.android.phone/com.android.services.telephony.TelephonyConnectionService}, [e0184adedf913b076626646d3f52c3b49c39ad6d], UserHandle{0}(icon: Icon(typ=BITMAP size=67x84) -> Icon(typ=BITMAP size=67x84))]
06-24 11:19:36.851  1407  1481 I chatty  : uid=10065(com.quanleimu.activity) BUGLY_THREAD expire 23 lines
06-24 11:19:36.856  1407  1480 I chatty  : uid=10065(com.quanleimu.activity) BUGLY_THREAD expire 10 lines
06-24 11:19:36.885   921   921 W KeyguardUpdateMonitor: invalid subId in handleServiceStateChange()
06-24 11:19:36.895   815  1191 V KeyguardServiceDelegate: **** SHOWN CALLED ****
06-24 11:19:36.938   815   826 I Telecom : : Sending phone-account intent as user
06-24 11:19:36.943  1149  1149 I Telephony: AccountEntry: Registered phoneAccount: [[ ] PhoneAccount: ComponentInfo{com.android.phone/com.android.services.telephony.TelephonyConnectionService}, [e0184adedf913b076626646d3f52c3b49c39ad6d], UserHandle{0} Capabilities: 54 Schemes: tel voicemail ] with handle: ComponentInfo{com.android.phone/com.android.services.telephony.TelephonyConnectionService}, [e0184adedf913b076626646d3f52c3b49c39ad6d], UserHandle{0}
06-24 11:19:36.943  1149  1149 I Telephony: PstnIncomingCallNotifier: Registering: Handler (com.android.internal.telephony.gsm.GSMPhone) {26791fe}
06-24 11:19:36.958   815  1049 W Telecom : : No account found for the calling user
06-24 11:19:36.965  1149  1339 E DcSwitchStateMachine-0: EVENT_DATA_DISALLOWED failed, com.android.internal.telephony.CommandException: REQUEST_NOT_SUPPORTED
06-24 11:19:36.985   815   834 D         : HostConnection::get() New Host Connection established 0xdc947c70, tid 834
06-24 11:19:37.043  1149  1149 D MccTable: updateMccMncConfiguration mccmnc='310260' fromServiceState=false
06-24 11:19:37.043  1149  1149 D MccTable: updateMccMncConfiguration defaultMccMnc=310260
06-24 11:19:37.043  1149  1149 D MccTable: updateMccMncConfiguration: mcc=310, mnc=260
06-24 11:19:37.043  1149  1149 D MccTable: updateMccMncConfiguration updateConfig config={1.0 310mcc260mnc ?locale ?layoutDir ?swdp ?wdp ?hdp ?density ?lsize ?long ?orien ?uimode ?night ?touch ?keyb/?/? ?nav/?}
06-24 11:19:37.198   921   921 W KeyguardUpdateMonitor: invalid subId in handleServiceStateChange()
06-24 11:19:37.198   921   921 W KeyguardUpdateMonitor: invalid subId in handleSimStateChange()
06-24 11:19:37.198   921   921 W KeyguardUpdateMonitor: invalid subId in handleSimStateChange()
06-24 11:19:37.221   921   921 D PhoneStatusBar: disable: < expand icons alerts system_info back home recent clock search quick_settings >
06-24 11:19:37.254   815   828 D GpsLocationProvider: received SIM related action: 
06-24 11:19:37.255  1149  1149 D MccTable: updateMccMncConfiguration mccmnc='310260' fromServiceState=false
06-24 11:19:37.258   815   828 D GpsLocationProvider: SIM MCC/MNC is available: 310260
06-24 11:19:37.258   815   828 D GpsLocationProvider: Reset GPS properties, previous size = 8
06-24 11:19:37.258  1149  1149 D MccTable: updateMccMncConfiguration defaultMccMnc=310260
06-24 11:19:37.258  1149  1149 D MccTable: updateMccMncConfiguration: mcc=310, mnc=260
06-24 11:19:37.258   815   828 D GpsLocationProvider: GpsParamsResource: SUPL_HOST=supl.google.com
06-24 11:19:37.258  1149  1149 D MccTable: updateMccMncConfiguration updateConfig config={1.0 310mcc260mnc ?locale ?layoutDir ?swdp ?wdp ?hdp ?density ?lsize ?long ?orien ?uimode ?night ?touch ?keyb/?/? ?nav/?}
06-24 11:19:37.258   815   828 D GpsLocationProvider: GpsParamsResource: SUPL_PORT=7275
06-24 11:19:37.258   815   828 D GpsLocationProvider: GpsParamsResource: NTP_SERVER=north-america.pool.ntp.org
06-24 11:19:37.258   815   828 D GpsLocationProvider: GpsParamsResource: SUPL_VER=0x20000
06-24 11:19:37.258   815   828 D GpsLocationProvider: GpsParamsResource: SUPL_MODE=1
06-24 11:19:37.258   815   828 D GpsLocationProvider: GPS properties reloaded, size = 8
06-24 11:19:37.258   815   828 E GpsLocationProvider: no AGPS interface in set_agps_server
06-24 11:19:37.302   815   828 D GpsLocationProvider: received SIM related action: 
06-24 11:19:37.310   815   828 D GpsLocationProvider: SIM MCC/MNC is available: 310260
06-24 11:19:37.310   815   828 D GpsLocationProvider: Reset GPS properties, previous size = 8
06-24 11:19:37.310   815   828 D GpsLocationProvider: GpsParamsResource: SUPL_HOST=supl.google.com
06-24 11:19:37.310   815   828 D GpsLocationProvider: GpsParamsResource: SUPL_PORT=7275
06-24 11:19:37.311   815   828 D GpsLocationProvider: GpsParamsResource: NTP_SERVER=north-america.pool.ntp.org
06-24 11:19:37.311   815   828 D GpsLocationProvider: GpsParamsResource: SUPL_VER=0x20000
06-24 11:19:37.311   815   828 D GpsLocationProvider: GpsParamsResource: SUPL_MODE=1
06-24 11:19:37.314   815   828 D GpsLocationProvider: GPS properties reloaded, size = 8
06-24 11:19:37.316   815   828 E GpsLocationProvider: no AGPS interface in set_agps_server
06-24 11:19:37.352  1348  1496 D houdini : [1496] Added shared library /data/app/com.gotokeep.keep-1/lib/arm/libdaemon_api21.so for ClassLoader by Native Bridge.
06-24 11:19:37.357  1348  1496 D Daemon  : start try to lock file >> /data/user/0/com.gotokeep.keep/app_indicators/indicator_p <<
06-24 11:19:37.362  1348  1496 D Daemon  : lock file success  >> /data/user/0/com.gotokeep.keep/app_indicators/indicator_p <<
06-24 11:19:37.474   815   828 D GpsLocationProvider: received SIM related action: 
06-24 11:19:37.474  1149  1149 D CarrierConfigLoader: update config for phoneId: 0 simState: LOADED
06-24 11:19:37.474  1149  1149 D CarrierServiceBindHelper: update binding for phoneId: 0 simState: LOADED
06-24 11:19:37.477   815   828 D GpsLocationProvider: SIM MCC/MNC is available: 310260
06-24 11:19:37.477   815   828 D GpsLocationProvider: Reset GPS properties, previous size = 8
06-24 11:19:37.477   815   828 D GpsLocationProvider: GpsParamsResource: SUPL_HOST=supl.google.com
06-24 11:19:37.477   815   828 D GpsLocationProvider: GpsParamsResource: SUPL_PORT=7275
06-24 11:19:37.477   815   828 D GpsLocationProvider: GpsParamsResource: NTP_SERVER=north-america.pool.ntp.org
06-24 11:19:37.477   815   828 D GpsLocationProvider: GpsParamsResource: SUPL_VER=0x20000
06-24 11:19:37.477   815   828 D GpsLocationProvider: GpsParamsResource: SUPL_MODE=1
06-24 11:19:37.477   815   828 D GpsLocationProvider: GPS properties reloaded, size = 8
06-24 11:19:37.477   815   828 E GpsLocationProvider: no AGPS interface in set_agps_server
06-24 11:19:37.478   815   870 D WifiService: New client listening to asynchronous messages
06-24 11:19:37.485  1149  1149 I Telephony: PstnIncomingCallNotifier: Unregistering: Handler (com.android.internal.telephony.gsm.GSMPhone) {26791fe}
06-24 11:19:37.494  1149  1149 I Telephony: AccountEntry: updateVideoPauseSupport -- mcc/mnc for sub: {id=1, iccId=89014103211118510720 simSlotIndex=0 displayName=Android carrierName=Android nameSource=0 iconTint=-16746133 dataRoaming=0 iconBitmap=android.graphics.Bitmap@74a4ece mcc 310 mnc 260}
06-24 11:19:37.496   815   826 I Telecom : PhoneAccountRegistrar: New phone account registered: [[ ] PhoneAccount: ComponentInfo{com.android.phone/com.android.services.telephony.TelephonyConnectionService}, [e2f7d48dd2b5ca523e7313cf4ba0f6ea830b6281], UserHandle{0} Capabilities: 54 Schemes: tel voicemail ]
06-24 11:19:37.548   815   826 I Telecom : : Sending phone-account intent as user
06-24 11:19:37.549  1149  1149 I Telephony: AccountEntry: Registered phoneAccount: [[ ] PhoneAccount: ComponentInfo{com.android.phone/com.android.services.telephony.TelephonyConnectionService}, [e2f7d48dd2b5ca523e7313cf4ba0f6ea830b6281], UserHandle{0} Capabilities: 54 Schemes: tel voicemail ] with handle: ComponentInfo{com.android.phone/com.android.services.telephony.TelephonyConnectionService}, [e2f7d48dd2b5ca523e7313cf4ba0f6ea830b6281], UserHandle{0}
06-24 11:19:37.549  1149  1149 I Telephony: PstnIncomingCallNotifier: Registering: Handler (com.android.internal.telephony.gsm.GSMPhone) {26791fe}
06-24 11:19:37.551  1407  1515 I chatty  : uid=10065(com.quanleimu.activity) io.rong.push expire 10 lines
06-24 11:19:37.552  1149  1149 I Telephony: TelecomAccountRegistry: Unregistering phone account ComponentInfo{com.android.phone/com.android.services.telephony.TelephonyConnectionService}, [e0184adedf913b076626646d3f52c3b49c39ad6d], UserHandle{0}.
06-24 11:19:37.569   815   827 W Telecom : : No account found for the calling user
06-24 11:19:37.589  1407  1517 I chatty  : uid=10065(com.quanleimu.activity) io.rong.push expire 1 line
06-24 11:19:37.676   815   828 D GpsLocationProvider: received SIM related action: 
06-24 11:19:37.678   815   828 D GpsLocationProvider: SIM MCC/MNC is available: 310260
06-24 11:19:37.678   815   828 D GpsLocationProvider: Reset GPS properties, previous size = 8
06-24 11:19:37.678   815   828 D GpsLocationProvider: GpsParamsResource: SUPL_HOST=supl.google.com
06-24 11:19:37.678   815   828 D GpsLocationProvider: GpsParamsResource: SUPL_PORT=7275
06-24 11:19:37.678   815   828 D GpsLocationProvider: GpsParamsResource: NTP_SERVER=north-america.pool.ntp.org
06-24 11:19:37.678   815   828 D GpsLocationProvider: GpsParamsResource: SUPL_VER=0x20000
06-24 11:19:37.678   815   828 D GpsLocationProvider: GpsParamsResource: SUPL_MODE=1
06-24 11:19:37.678   815   828 D GpsLocationProvider: GPS properties reloaded, size = 8
06-24 11:19:37.678   815   828 E GpsLocationProvider: no AGPS interface in set_agps_server
06-24 11:19:37.701   815   828 D GpsLocationProvider: received SIM related action: 
06-24 11:19:37.703   815   828 D GpsLocationProvider: SIM MCC/MNC is available: 310260
06-24 11:19:37.703   815   828 D GpsLocationProvider: Reset GPS properties, previous size = 8
06-24 11:19:37.703   815   828 D GpsLocationProvider: GpsParamsResource: SUPL_HOST=supl.google.com
06-24 11:19:37.703   815   828 D GpsLocationProvider: GpsParamsResource: SUPL_PORT=7275
06-24 11:19:37.703   815   828 D GpsLocationProvider: GpsParamsResource: NTP_SERVER=north-america.pool.ntp.org
06-24 11:19:37.703   815   828 D GpsLocationProvider: GpsParamsResource: SUPL_VER=0x20000
06-24 11:19:37.704   815   828 D GpsLocationProvider: GpsParamsResource: SUPL_MODE=1
06-24 11:19:37.704   815   828 D GpsLocationProvider: GPS properties reloaded, size = 8
06-24 11:19:37.704   815   828 E GpsLocationProvider: no AGPS interface in set_agps_server
06-24 11:19:37.728  1149  1149 I Telephony: PstnIncomingCallNotifier: Unregistering: Handler (com.android.internal.telephony.gsm.GSMPhone) {26791fe}
06-24 11:19:37.740  1149  1149 I Telephony: AccountEntry: updateVideoPauseSupport -- mcc/mnc for sub: {id=1, iccId=89014103211118510720 simSlotIndex=0 displayName=Android carrierName=Android nameSource=0 iconTint=-16746133 dataRoaming=0 iconBitmap=android.graphics.Bitmap@a1dd3e2 mcc 310 mnc 260}
06-24 11:19:37.749   815  1206 I Telecom : PhoneAccountRegistrar: [ComponentInfo{com.android.phone/com.android.services.telephony.TelephonyConnectionService}, [e2f7d48dd2b5ca523e7313cf4ba0f6ea830b6281], UserHandle{0}(icon: Icon(typ=BITMAP size=67x84) -> Icon(typ=BITMAP size=67x84))]
06-24 11:19:37.777   815  1206 I Telecom : : Sending phone-account intent as user
06-24 11:19:37.779  1149  1149 I Telephony: AccountEntry: Registered phoneAccount: [[ ] PhoneAccount: ComponentInfo{com.android.phone/com.android.services.telephony.TelephonyConnectionService}, [e2f7d48dd2b5ca523e7313cf4ba0f6ea830b6281], UserHandle{0} Capabilities: 54 Schemes: tel voicemail ] with handle: ComponentInfo{com.android.phone/com.android.services.telephony.TelephonyConnectionService}, [e2f7d48dd2b5ca523e7313cf4ba0f6ea830b6281], UserHandle{0}
06-24 11:19:37.779  1149  1149 I Telephony: PstnIncomingCallNotifier: Registering: Handler (com.android.internal.telephony.gsm.GSMPhone) {26791fe}
06-24 11:19:37.782   815  1049 W Telecom : : No account found for the calling user
06-24 11:19:37.789  1149  1149 I Telephony: PstnIncomingCallNotifier: Unregistering: Handler (com.android.internal.telephony.gsm.GSMPhone) {26791fe}
06-24 11:19:37.795  1149  1149 I Telephony: AccountEntry: updateVideoPauseSupport -- mcc/mnc for sub: {id=1, iccId=89014103211118510720 simSlotIndex=0 displayName=Android carrierName=Android nameSource=0 iconTint=-16746133 dataRoaming=0 iconBitmap=android.graphics.Bitmap@85c015c mcc 310 mnc 260}
06-24 11:19:37.796   815  1049 I Telecom : PhoneAccountRegistrar: [ComponentInfo{com.android.phone/com.android.services.telephony.TelephonyConnectionService}, [e2f7d48dd2b5ca523e7313cf4ba0f6ea830b6281], UserHandle{0}(icon: Icon(typ=BITMAP size=67x84) -> Icon(typ=BITMAP size=67x84))]
06-24 11:19:37.802   815  1049 I Telecom : : Sending phone-account intent as user
06-24 11:19:37.806  1149  1149 I Telephony: AccountEntry: Registered phoneAccount: [[ ] PhoneAccount: ComponentInfo{com.android.phone/com.android.services.telephony.TelephonyConnectionService}, [e2f7d48dd2b5ca523e7313cf4ba0f6ea830b6281], UserHandle{0} Capabilities: 54 Schemes: tel voicemail ] with handle: ComponentInfo{com.android.phone/com.android.services.telephony.TelephonyConnectionService}, [e2f7d48dd2b5ca523e7313cf4ba0f6ea830b6281], UserHandle{0}
06-24 11:19:37.806  1149  1149 I Telephony: PstnIncomingCallNotifier: Registering: Handler (com.android.internal.telephony.gsm.GSMPhone) {26791fe}
06-24 11:19:37.810   815   826 W Telecom : : No account found for the calling user
06-24 11:19:37.811  1149  1149 D CarrierConfigLoader: mHandler: 7 phoneId: 0
06-24 11:19:37.819  1149  1149 D CarrierConfigLoader: Loaded config from XML. package=com.android.carrierconfig phoneId=0
06-24 11:19:37.824  1149  1149 D CarrierServiceBindHelper: mHandler: 0
06-24 11:19:37.824  1149  1149 D CarrierServiceBindHelper: Binding to phoneId: 0
06-24 11:19:37.827  1149  1149 D CarrierServiceBindHelper: No carrier app for: 0
06-24 11:19:37.832   815   826 I Telecom : PhoneAccountRegistrar: [ComponentInfo{com.android.phone/com.android.services.telephony.TelephonyConnectionService}, [e2f7d48dd2b5ca523e7313cf4ba0f6ea830b6281], UserHandle{0}(icon: Icon(typ=BITMAP size=67x84) -> Icon(typ=BITMAP size=67x84))]
06-24 11:19:37.835  1407  1488 I chatty  : uid=10065(com.quanleimu.activity) ProcessingThrea expire 1 line
06-24 11:19:37.837   815   826 I Telecom : : Sending phone-account intent as user
06-24 11:19:37.868  1149  1149 I Telephony: PstnIncomingCallNotifier: Unregistering: Handler (com.android.internal.telephony.gsm.GSMPhone) {26791fe}
06-24 11:19:37.875  1149  1149 I Telephony: AccountEntry: updateVideoPauseSupport -- mcc/mnc for sub: {id=1, iccId=89014103211118510720 simSlotIndex=0 displayName=Android carrierName=Android nameSource=0 iconTint=-16746133 dataRoaming=0 iconBitmap=android.graphics.Bitmap@ad4c9e1 mcc 310 mnc 260}
06-24 11:19:37.876   815  1049 I Telecom : PhoneAccountRegistrar: [ComponentInfo{com.android.phone/com.android.services.telephony.TelephonyConnectionService}, [e2f7d48dd2b5ca523e7313cf4ba0f6ea830b6281], UserHandle{0}(icon: Icon(typ=BITMAP size=67x84) -> Icon(typ=BITMAP size=67x84))]
06-24 11:19:37.894   815  1049 I Telecom : : Sending phone-account intent as user
06-24 11:19:37.895  1149  1149 I Telephony: AccountEntry: Registered phoneAccount: [[ ] PhoneAccount: ComponentInfo{com.android.phone/com.android.services.telephony.TelephonyConnectionService}, [e2f7d48dd2b5ca523e7313cf4ba0f6ea830b6281], UserHandle{0} Capabilities: 54 Schemes: tel voicemail ] with handle: ComponentInfo{com.android.phone/com.android.services.telephony.TelephonyConnectionService}, [e2f7d48dd2b5ca523e7313cf4ba0f6ea830b6281], UserHandle{0}
06-24 11:19:37.895  1149  1149 I Telephony: PstnIncomingCallNotifier: Registering: Handler (com.android.internal.telephony.gsm.GSMPhone) {26791fe}
06-24 11:19:37.902   815   827 W Telecom : : No account found for the calling user
06-24 11:19:37.910  1149  1149 I Telephony: PstnIncomingCallNotifier: Unregistering: Handler (com.android.internal.telephony.gsm.GSMPhone) {26791fe}
06-24 11:19:37.912   815   834 W WindowManager: App freeze timeout expired.
06-24 11:19:37.918  1149  1149 I Telephony: AccountEntry: updateVideoPauseSupport -- mcc/mnc for sub: {id=1, iccId=89014103211118510720 simSlotIndex=0 displayName=Android carrierName=Android nameSource=0 iconTint=-16746133 dataRoaming=0 iconBitmap=android.graphics.Bitmap@2771ebf mcc 310 mnc 260}
06-24 11:19:37.922   815   950 I Telecom : PhoneAccountRegistrar: [ComponentInfo{com.android.phone/com.android.services.telephony.TelephonyConnectionService}, [e2f7d48dd2b5ca523e7313cf4ba0f6ea830b6281], UserHandle{0}(icon: Icon(typ=BITMAP size=67x84) -> Icon(typ=BITMAP size=67x84))]
06-24 11:19:37.965   815   950 I Telecom : : Sending phone-account intent as user
06-24 11:19:37.967  1539  1539 I chatty  : uid=0(root) com.quanleimu.activity:ppd_sdk expire 1 line
06-24 11:19:37.967  1539  1539 I chatty  : uid=10065 com.quanleimu.activity:ppd_sdk expire 853 lines
06-24 11:19:37.972   815  1191 I ActivityManager: Start proc 1539:com.quanleimu.activity:ppd_sdk/u0a65 for broadcast com.quanleimu.activity/com.ppdai.module.watchdog.ScheduleDaemonReceiver
06-24 11:19:37.975  1149  1149 I Telephony: AccountEntry: Registered phoneAccount: [[ ] PhoneAccount: ComponentInfo{com.android.phone/com.android.services.telephony.TelephonyConnectionService}, [e2f7d48dd2b5ca523e7313cf4ba0f6ea830b6281], UserHandle{0} Capabilities: 54 Schemes: tel voicemail ] with handle: ComponentInfo{com.android.phone/com.android.services.telephony.TelephonyConnectionService}, [e2f7d48dd2b5ca523e7313cf4ba0f6ea830b6281], UserHandle{0}
06-24 11:19:37.975  1149  1149 I Telephony: PstnIncomingCallNotifier: Registering: Handler (com.android.internal.telephony.gsm.GSMPhone) {26791fe}
06-24 11:19:37.981   815  1049 W Telecom : : No account found for the calling user
06-24 11:19:37.982  1149  1149 I NotificationMgr: updateMwi(): subId 1 update to false
06-24 11:19:37.988   815   950 I Telecom : PhoneAccountRegistrar: [ComponentInfo{com.android.phone/com.android.services.telephony.TelephonyConnectionService}, [e2f7d48dd2b5ca523e7313cf4ba0f6ea830b6281], UserHandle{0}(icon: Icon(typ=BITMAP size=67x84) -> Icon(typ=BITMAP size=67x84))]
06-24 11:19:38.004   815   950 I Telecom : : Sending phone-account intent as user
06-24 11:19:38.006  1407  1553 I chatty  : uid=10065(com.quanleimu.activity) io.rong.push expire 10 lines
06-24 11:19:38.006   815  1206 I Telecom : PhoneAccountRegistrar: [ComponentInfo{com.android.phone/com.android.services.telephony.TelephonyConnectionService}, [e2f7d48dd2b5ca523e7313cf4ba0f6ea830b6281], UserHandle{0}(icon: Icon(typ=BITMAP size=67x84) -> Icon(typ=BITMAP size=67x84))]
06-24 11:19:38.027   815  1206 I Telecom : : Sending phone-account intent as user
06-24 11:19:38.028  1149  1149 D CarrierConfigLoader: mHandler: 5 phoneId: 0
06-24 11:19:38.032   815   815 I Telecom : PhoneAccountRegistrar: SimCallManager queried, returning: null
06-24 11:19:38.033   815  1206 I Telecom : PhoneAccountRegistrar: [ComponentInfo{com.android.phone/com.android.services.telephony.TelephonyConnectionService}, [e2f7d48dd2b5ca523e7313cf4ba0f6ea830b6281], UserHandle{0}(icon: Icon(typ=BITMAP size=67x84) -> Icon(typ=BITMAP size=67x84))]
06-24 11:19:38.040  1539  1560 I chatty  : uid=10065(com.quanleimu.activity) BUGLY_THREAD expire 22 lines
06-24 11:19:38.058   815  1206 I Telecom : : Sending phone-account intent as user
06-24 11:19:38.061   815  1191 I Telecom : PhoneAccountRegistrar: [ComponentInfo{com.android.phone/com.android.services.telephony.TelephonyConnectionService}, [e2f7d48dd2b5ca523e7313cf4ba0f6ea830b6281], UserHandle{0}(icon: Icon(typ=BITMAP size=67x84) -> Icon(typ=BITMAP size=67x84))]
06-24 11:19:38.063  1407  1537 I chatty  : uid=10065(com.quanleimu.activity) AsyncTask #1 expire 36 lines
06-24 11:19:38.070   815  1191 I Telecom : : Sending phone-account intent as user
06-24 11:19:38.094  1407  1554 I chatty  : uid=10065(com.quanleimu.activity) PushConnectivit expire 31 lines
06-24 11:19:38.163  1539  1561 I chatty  : uid=10065(com.quanleimu.activity) BUGLY_THREAD expire 14 lines
06-24 11:19:38.164  1539  1559 I chatty  : uid=10065(com.quanleimu.activity) BUGLY_THREAD expire 2 lines
06-24 11:19:38.270   815   870 D WifiService: New client listening to asynchronous messages
06-24 11:19:38.339  1539  1590 I chatty  : uid=10065 com.quanleimu.activity:ppd_sdk expire 10 lines
06-24 11:19:38.344  1539  1592 I chatty  : uid=10065 com.quanleimu.activity:ppd_sdk expire 1 line
06-24 11:19:38.548  1348  1348 I art     : Waiting for a blocking GC DisableMovingGc
06-24 11:19:38.548  1348  1348 I art     : Starting a blocking GC DisableMovingGc
06-24 11:19:38.548  1539  1598 I chatty  : uid=10065(com.quanleimu.activity) AsyncTask #1 expire 36 lines
06-24 11:19:38.561   815   827 I ActivityManager: Start proc 1600:com.android.deskclock/u0a30 for broadcast com.android.deskclock/com.android.alarmclock.AnalogAppWidgetProvider
06-24 11:19:38.583  1600  1600 W System  : ClassLoader referenced unknown path: /system/app/DeskClock/lib/x86
06-24 11:19:38.668   815   826 I ActivityManager: Start proc 1614:com.android.quicksearchbox/u0a53 for broadcast com.android.quicksearchbox/.SearchWidgetProvider
06-24 11:19:38.712  1614  1614 W System  : ClassLoader referenced unknown path: /system/app/QuickSearchBox/lib/x86
06-24 11:19:38.755   815  1049 I ActivityManager: Start proc 1635:com.android.settings/1000 for broadcast com.android.settings/.sim.SimSelectNotification
06-24 11:19:38.763  1539  1569 I chatty  : uid=10065(com.quanleimu.activity) ProcessingThrea expire 1 line
06-24 11:19:38.779   815   831 E BluetoothAdapter: Bluetooth binder is null
06-24 11:19:38.808  1635  1635 W System  : ClassLoader referenced unknown path: /system/priv-app/Settings/lib/x86
06-24 11:19:38.887   815   815 I AccountManagerService: getTypesVisibleToCaller: isPermitted? true
06-24 11:19:38.899   815  1654 I ActivityManager: Start proc 1656:com.android.keychain/1000 for service com.android.keychain/.KeyChainService
06-24 11:19:38.909   815  1662 I RecoverySystem: No recovery log file
06-24 11:19:38.918   815  1662 I BootReceiver: Copying audit failures to DropBox
06-24 11:19:38.918   815  1662 I BootReceiver: Checking for fsck errors
06-24 11:19:38.919   815  1662 I BootReceiver: Copying /data/tombstones/tombstone_01 to DropBox (SYSTEM_TOMBSTONE)
06-24 11:19:38.925   815  1191 I ActivityManager: Start proc 1672:com.android.dialer/u0a5 for broadcast com.android.dialer/.calllog.CallLogReceiver
06-24 11:19:38.936  1656  1656 W System  : ClassLoader referenced unknown path: /system/app/KeyChain/lib/x86
06-24 11:19:38.963  1672  1672 W System  : ClassLoader referenced unknown path: /system/priv-app/Dialer/lib/x86
06-24 11:19:38.993  1672  1672 D ExtensionsFactory: No custom extensions.
06-24 11:19:39.041  1149  1149 V OtaStartupReceiver: onOtaspChanged: mOtaspMode=3
06-24 11:19:39.047   815   815 I ActivityManager: Start proc 1688:com.android.providers.calendar/u0a1 for broadcast com.android.providers.calendar/.CalendarReceiver
06-24 11:19:39.077  1688  1688 W System  : ClassLoader referenced unknown path: /system/priv-app/CalendarProvider/lib/x86
06-24 11:19:39.135  1688  1688 I CalendarProvider2: Created com.android.providers.calendar.CalendarAlarmManager@7102cfd(com.android.providers.calendar.CalendarProvider2@8466df2)
06-24 11:19:39.141   815  1191 I AccountManagerService: getTypesVisibleToCaller: isPermitted? true
06-24 11:19:39.179   815   826 I ActivityManager: Start proc 1704:com.android.managedprovisioning/u0a9 for broadcast com.android.managedprovisioning/.BootReminder
06-24 11:19:39.229  1704  1704 W System  : ClassLoader referenced unknown path: /system/priv-app/ManagedProvisioning/lib/x86
06-24 11:19:39.404   815   826 I ActivityManager: Start proc 1720:com.android.onetimeinitializer/u0a11 for broadcast com.android.onetimeinitializer/.OneTimeInitializerReceiver
06-24 11:19:39.458  1720  1720 W System  : ClassLoader referenced unknown path: /system/priv-app/OneTimeInitializer/lib/x86
06-24 11:19:39.459  1720  1720 V OneTimeInitializerRece: OneTimeInitializerReceiver.onReceive
06-24 11:19:39.482   815  1206 I ActivityManager: Start proc 1736:com.android.calendar/u0a24 for broadcast com.android.calendar/.alerts.AlertReceiver
06-24 11:19:39.529  1736  1736 W System  : ClassLoader referenced unknown path: /system/app/Calendar/lib/x86
06-24 11:19:39.585  1736  1736 D ExtensionsFactory: No custom extensions.
06-24 11:19:39.594  1736  1736 D AlertReceiver: onReceive: a=android.intent.action.BOOT_COMPLETED Intent { act=android.intent.action.BOOT_COMPLETED flg=0x8000010 cmp=com.android.calendar/.alerts.AlertReceiver (has extras) }
06-24 11:19:39.601  1600  1600 V AlarmClock: AlarmInitReceiver android.intent.action.BOOT_COMPLETED
06-24 11:19:39.611  1736  1736 D AlertUtils: Flushing old alerts from shared prefs table
06-24 11:19:39.614  1736  1754 D AlertService: 0 Action = android.intent.action.BOOT_COMPLETED
06-24 11:19:39.615  1736  1754 D AlertService: Scheduling next alarm with AlarmScheduler. sEventReminderReceived: null
06-24 11:19:39.644  1600  1758 V AlarmClock: AlarmInitReceiver - Reset timers and clear stopwatch data
06-24 11:19:39.664  1736  1754 D AlarmScheduler: No events found starting within 1 week.
06-24 11:19:39.678   815  1206 I BroadcastQueue: Delay finish: com.android.deskclock/.AlarmInitReceiver
06-24 11:19:39.680  1600  1758 V AlarmClock: AlarmInitReceiver finished
06-24 11:19:39.683   815   826 I BroadcastQueue: Resuming delayed broadcast
06-24 11:19:39.702   815   826 I ActivityManager: Start proc 1760:com.android.email/u0a34 for broadcast com.android.email/.service.EmailBroadcastReceiver
06-24 11:19:39.723  1760  1760 W System  : ClassLoader referenced unknown path: /system/app/Email/lib/x86
06-24 11:19:39.939  1193  1719 W MediaScanner: Error opening directory '/oem/media/', skipping: No such file or directory.
06-24 11:19:39.982   815   950 I ActivityManager: Start proc 1774:com.android.exchange/u0a35 for service com.android.exchange/.service.EasService
06-24 11:19:40.010  1760  1786 D ActivityThread: Loading provider com.android.email.provider;com.android.email.notifier: com.android.email.provider.EmailProvider
06-24 11:19:40.011   815   826 I AccountManagerService: getTypesVisibleToCaller: isPermitted? true
06-24 11:19:40.015   815   827 I AccountManagerService: getTypesVisibleToCaller: isPermitted? true
06-24 11:19:40.021  1760  1787 D ActivityThread: Loading provider com.android.email.provider;com.android.email.notifier: com.android.email.provider.EmailProvider
06-24 11:19:40.049  1774  1774 W System  : ClassLoader referenced unknown path: /system/app/Exchange2/lib/x86
06-24 11:19:40.149   815   827 I AccountManagerService: getTypesVisibleToCaller: isPermitted? true
06-24 11:19:40.175   815  1191 I AccountManagerService: getTypesVisibleToCaller: isPermitted? true
06-24 11:19:40.197  1688  1688 I CalendarProvider2: Sending notification intent: Intent { act=android.intent.action.PROVIDER_CHANGED dat=content://com.android.calendar }
06-24 11:19:40.197  1688  1688 W ContentResolver: Failed to get type for: content://com.android.calendar (Unknown URL content://com.android.calendar)
06-24 11:19:40.271   815  1191 I ActivityManager: Start proc 1797:com.android.inputmethod.latin/u0a41 for broadcast com.android.inputmethod.latin/.SystemBroadcastReceiver
06-24 11:19:40.295   815   827 W ActivityManager: Unable to start service Intent { cmp=com.android.email/.service.AttachmentService } U=0: not found
06-24 11:19:40.296   815  1191 W ActivityManager: Unable to start service Intent { cmp=com.android.email/.service.AttachmentService } U=0: not found
06-24 11:19:40.316  1760  1792 W art     : Long monitor contention event with owner method=boolean android.os.BinderProxy.transactNative(int, android.os.Parcel, android.os.Parcel, int) from Binder.java:4294967294 waiters=0 for 284ms
06-24 11:19:40.320  1774  1774 I Exchange: EasService.onCreate
06-24 11:19:40.321   815   950 W ActivityManager: Unable to start service Intent { cmp=com.android.email/.service.AttachmentService } U=0: not found
06-24 11:19:40.333  1774  1812 I Exchange: RestartPingTask
06-24 11:19:40.333  1760  1811 I Email   : Observing account changes for notifications
06-24 11:19:40.346   815   827 I AccountManagerService: getTypesVisibleToCaller: isPermitted? true
06-24 11:19:40.347   815  1206 I AccountManagerService: getTypesVisibleToCaller: isPermitted? true
06-24 11:19:40.356   815   826 I AccountManagerService: getTypesVisibleToCaller: isPermitted? true
06-24 11:19:40.356   815  1206 I AccountManagerService: getTypesVisibleToCaller: isPermitted? true
06-24 11:19:40.360   815   827 I AccountManagerService: getTypesVisibleToCaller: isPermitted? true
06-24 11:19:40.361   815  1206 I AccountManagerService: getTypesVisibleToCaller: isPermitted? true
06-24 11:19:40.402  1797  1797 I SystemBroadcastReceiver: Boot has been completed
06-24 11:19:40.403  1797  1797 I SystemBroadcastReceiver: toggleAppIcon() : FLAG_SYSTEM = true
06-24 11:19:40.414  1797  1797 I SystemBroadcastReceiver: Killing my process: pid=1797
06-24 11:19:40.415  1797  1797 I Process : Sending signal. PID: 1797 SIG: 9
06-24 11:19:40.421  1760  1760 E ActivityThread: Service com.android.email.service.EmailBroadcastProcessorService has leaked ServiceConnection com.android.emailcommon.service.ServiceProxy$ProxyConnection@12718fa that was originally bound here
06-24 11:19:40.421  1760  1760 E ActivityThread: android.app.ServiceConnectionLeaked: Service com.android.email.service.EmailBroadcastProcessorService has leaked ServiceConnection com.android.emailcommon.service.ServiceProxy$ProxyConnection@12718fa that was originally bound here
06-24 11:19:40.421  1760  1760 E ActivityThread: 	at android.app.LoadedApk$ServiceDispatcher.<init>(LoadedApk.java:1092)
06-24 11:19:40.421  1760  1760 E ActivityThread: 	at android.app.LoadedApk.getServiceDispatcher(LoadedApk.java:986)
06-24 11:19:40.421  1760  1760 E ActivityThread: 	at android.app.ContextImpl.bindServiceCommon(ContextImpl.java:1303)
06-24 11:19:40.421  1760  1760 E ActivityThread: 	at android.app.ContextImpl.bindService(ContextImpl.java:1286)
06-24 11:19:40.421  1760  1760 E ActivityThread: 	at android.content.ContextWrapper.bindService(ContextWrapper.java:604)
06-24 11:19:40.421  1760  1760 E ActivityThread: 	at com.android.emailcommon.service.ServiceProxy.setTask(ServiceProxy.java:181)
06-24 11:19:40.421  1760  1760 E ActivityThread: 	at com.android.emailcommon.service.ServiceProxy.test(ServiceProxy.java:224)
06-24 11:19:40.421  1760  1760 E ActivityThread: 	at com.android.email.service.EmailServiceUtils.isServiceAvailable(EmailServiceUtils.java:160)
