06-24 11:25:55.988   815  2578 I WindowState: WIN DEATH: Window{626113 u0 android.tests.devicesetup/android.tests.getinfo.DeviceInfoActivity}
06-24 11:25:55.988   815  2578 W InputDispatcher: Attempted to unregister already unregistered input channel '626113 android.tests.devicesetup/android.tests.getinfo.DeviceInfoActivity (server)'
06-24 11:25:55.990   815  1191 W ActivityManager: Force removing ActivityRecord{394c3d9 u0 android.tests.devicesetup/android.tests.getinfo.DeviceInfoActivity t10}: app died, no saved state
06-24 11:25:56.017   815   826 W ActivityManager: Spurious death for ProcessRecord{fbcd1b2 0:android.tests.devicesetup/u0a120}, curProc for 5155: null
06-24 11:25:56.420   815  1049 W InputMethodManagerService: Got RemoteException sending setActive(false) notification to pid 5155 uid 10120
06-24 11:25:56.504  1838  1848 I chatty  : uid=10065(com.quanleimu.activity) HeapTaskDaemon expire 10 lines
06-24 11:25:56.633  5178  5178 D AndroidRuntime: >>>>>> START com.android.internal.os.RuntimeInit uid 0 <<<<<<
06-24 11:25:56.664  5178  5178 D AndroidRuntime: CheckJNI is OFF
06-24 11:25:56.711  5178  5178 D ICU     : No timezone override file found: /data/misc/zoneinfo/current/icu/icu_tzdata.dat
06-24 11:25:56.725  5178  5178 W         : Failed to bind-mount /system/lib/x86/cpuinfo as /proc/cpuinfo: No such file or directory
06-24 11:25:56.725  5178  5178 E         : Cannot create code cache directory ./code_cache: Read-only file system.
06-24 11:25:56.780  5178  5178 E memtrack: Couldn't load memtrack module (No such file or directory)
06-24 11:25:56.780  5178  5178 E android.os.Debug: failed to load memtrack module: -2
06-24 11:25:56.785  5178  5178 I Radio-JNI: register_android_hardware_Radio DONE
06-24 11:25:56.830  5178  5178 D AndroidRuntime: Calling main entry com.android.commands.pm.Pm
06-24 11:25:56.875   815   829 I ActivityManager: Force stopping android.tests.devicesetup appid=10120 user=-1: uninstall pkg
06-24 11:25:56.919   815   838 I art     : Starting a blocking GC Explicit
06-24 11:25:57.113   815   838 I art     : Explicit concurrent mark sweep GC freed 8717(605KB) AllocSpace objects, 3(60KB) LOS objects, 33% free, 6MB/9MB, paused 1.794ms total 192.553ms
06-24 11:25:57.118   815   838 W PackageManager: Couldn't remove dex file for package:  at location /data/app/android.tests.devicesetup-1/base.apk, retcode=-1
06-24 11:25:57.124  5178  5178 I art     : System.exit called, status: 0
06-24 11:25:57.124  5178  5178 I AndroidRuntime: VM exiting with result code 0.
06-24 11:25:57.182   815   838 I ActivityManager: Force stopping android.tests.devicesetup appid=10120 user=0: pkg removed
06-24 11:25:57.253  2615  2628 D Documents: Update found 6 roots in 3ms
06-24 11:25:57.268   815   849 I InputReader: Reconfiguring input devices.  changes=0x00000010
06-24 11:25:57.286  1225  5200 D VoicemailCleanupService: Cleaning up data for package: android.tests.devicesetup
06-24 11:25:57.321   815   815 D JobSchedulerService: Receieved: android.intent.action.PACKAGE_REMOVED
06-24 11:25:57.323  2599  2599 W ContextImpl: Calling a method in the system process without a qualified user: android.app.ContextImpl.startService:1221 android.content.ContextWrapper.startService:581 android.content.ContextWrapper.startService:581 com.android.keychain.KeyChainBroadcastReceiver.onReceive:12 android.app.ActivityThread.handleReceiver:2725 
06-24 11:25:57.370  1149  1149 D CarrierServiceBindHelper: Receive action: android.intent.action.PACKAGE_REMOVED
06-24 11:25:57.684  5198  5198 D AndroidRuntime: >>>>>> START com.android.internal.os.RuntimeInit uid 0 <<<<<<
06-24 11:25:57.685  5198  5198 D AndroidRuntime: CheckJNI is OFF
06-24 11:25:57.698  5198  5198 D ICU     : No timezone override file found: /data/misc/zoneinfo/current/icu/icu_tzdata.dat
06-24 11:25:57.704  5198  5198 W         : Failed to bind-mount /system/lib/x86/cpuinfo as /proc/cpuinfo: No such file or directory
06-24 11:25:57.704  5198  5198 E         : Cannot create code cache directory ./code_cache: Read-only file system.
06-24 11:25:57.721  5198  5198 E memtrack: Couldn't load memtrack module (No such file or directory)
06-24 11:25:57.721  5198  5198 E android.os.Debug: failed to load memtrack module: -2
06-24 11:25:57.722  5198  5198 I Radio-JNI: register_android_hardware_Radio DONE
06-24 11:25:57.729  5198  5198 D AndroidRuntime: Calling main entry com.android.commands.am.Am
06-24 11:25:57.732   815   826 I ActivityManager: START u0 {act=android.intent.action.MAIN cat=[android.intent.category.LAUNCHER] flg=0x10000000 cmp=com.quanleimu.activity/com.baixing.activity.BXMainActivity} from uid 0 on display 0
06-24 11:25:57.734  5198  5198 D AndroidRuntime: Shutting down VM
06-24 11:26:01.249  5222  5222 D AndroidRuntime: >>>>>> START com.android.internal.os.RuntimeInit uid 0 <<<<<<
06-24 11:26:01.251  5222  5222 D AndroidRuntime: CheckJNI is OFF
06-24 11:26:01.279  5222  5222 D ICU     : No timezone override file found: /data/misc/zoneinfo/current/icu/icu_tzdata.dat
06-24 11:26:01.284  5222  5222 W         : Failed to bind-mount /system/lib/x86/cpuinfo as /proc/cpuinfo: No such file or directory
06-24 11:26:01.284  5222  5222 E         : Cannot create code cache directory ./code_cache: Read-only file system.
06-24 11:26:01.300  5222  5222 E memtrack: Couldn't load memtrack module (No such file or directory)
06-24 11:26:01.300  5222  5222 E android.os.Debug: failed to load memtrack module: -2
06-24 11:26:01.301  5222  5222 I Radio-JNI: register_android_hardware_Radio DONE
06-24 11:26:01.310  5222  5222 D AndroidRuntime: Calling main entry com.android.commands.monkey.Monkey
06-24 11:26:01.323   815   829 W BroadcastQueue: Skipping deliver [background] BroadcastRecord{71e7199 u-1 android.net.conn.CONNECTIVITY_CHANGE} to ReceiverList{3e92c5e 5222 (unknown name)/0/u-1 remote:5a9f0e3}: process crashing
06-24 11:26:03.015  5222  5222 D MonkeyStub: translateCommand: wake
06-24 11:26:03.020  5222  5222 D MonkeyStub: translateCommand: getvar display.width
06-24 11:26:03.031  5222  5222 D MonkeyStub: translateCommand: getvar display.width
06-24 11:26:03.039  5222  5222 D MonkeyStub: translateCommand: getvar display.height
06-24 11:26:03.043  5222  5222 D MonkeyStub: translateCommand: tap 1286 1517
06-24 11:26:03.057   815  1049 I ActivityManager: START u0 {cmp=com.quanleimu.activity/com.baixing.activity.GeneralAdListActivity (has extras)} from uid 10065 on display 0
06-24 11:26:03.199  5222  5222 D MonkeyStub: translateCommand: touch down 148 1355
06-24 11:26:03.223   815   848 I InputDispatcher: Dropping event because there is no touchable window at (148, 1355).
06-24 11:26:03.223   815   826 W InputManager: Input event injection from pid 5222 failed.
06-24 11:26:03.223  5222  5222 D MonkeyStub: translateCommand: touch move 148 1355
06-24 11:26:03.225   815  1206 W InputManager: Input event injection from pid 5222 failed.
06-24 11:26:03.602  1838  2681 I chatty  : uid=10065(com.quanleimu.activity) RenderThread expire 22 lines
06-24 11:26:03.830   815   834 I ActivityManager: Displayed com.quanleimu.activity/com.baixing.activity.GeneralAdListActivity: +752ms
06-24 11:26:03.864  1838  1838 I chatty  : uid=10065(com.quanleimu.activity) expire 66 lines
06-24 11:26:04.229  5222  5222 D MonkeyStub: translateCommand: touch move 203 1382
06-24 11:26:04.230   815  2578 W InputManager: Input event injection from pid 5222 failed.
06-24 11:26:04.233  5222  5222 D MonkeyStub: translateCommand: touch up 203 1382
06-24 11:26:04.234   815   950 W InputManager: Input event injection from pid 5222 failed.
06-24 11:26:04.342  5222  5222 D MonkeyStub: translateCommand: tap 689 1594
06-24 11:26:04.451  5222  5222 D MonkeyStub: translateCommand: touch down 468 1197
06-24 11:26:04.454  5222  5222 D MonkeyStub: translateCommand: touch move 468 1197
06-24 11:26:04.478   481   860 D AudioFlinger: mixer(0xf1e80000) throttle end: throttle time(9)
06-24 11:26:05.466  5222  5222 D MonkeyStub: translateCommand: touch move 448 1098
06-24 11:26:05.469  5222  5222 D MonkeyStub: translateCommand: touch up 448 1098
06-24 11:26:05.587  5222  5222 D MonkeyStub: translateCommand: tap 1190 135
06-24 11:26:05.697  5222  5222 D MonkeyStub: translateCommand: touch down 108 1427
06-24 11:26:05.700  5222  5222 D MonkeyStub: translateCommand: touch move 108 1427
06-24 11:26:06.709  5222  5222 D MonkeyStub: translateCommand: touch move 384 1534
06-24 11:26:06.736  5222  5222 D MonkeyStub: translateCommand: touch up 384 1534
06-24 11:26:06.847  5222  5222 D MonkeyStub: translateCommand: tap 224 78
06-24 11:26:06.860   921   921 D PhoneStatusBar: disable: < expand ICONS* alerts SYSTEM_INFO* back home recent clock search quick_settings >
06-24 11:26:06.918   921  1364 E Surface : getSlotFromBufferLocked: unknown buffer: 0xee2b2310
06-24 11:26:06.956   921  1364 W EGL_emulation: eglSurfaceAttrib not implemented
06-24 11:26:06.956   921  1364 W OpenGLRenderer: Failed to set EGL_SWAP_BEHAVIOR on surface 0xe92bad80, error=EGL_SUCCESS
06-24 11:26:06.957  5222  5222 D MonkeyStub: translateCommand: tap 1420 380
06-24 11:26:07.048   921   921 D PhoneStatusBar: disable: < expand icons* alerts system_info* back home recent clock search quick_settings >
06-24 11:26:07.065  5222  5222 D MonkeyStub: translateCommand: press KEYCODE_BACK
06-24 11:26:07.081  1113  1113 D Utf7ImeService: onKeyDown(): keyCode = 4
06-24 11:26:07.107   921  1364 E Surface : getSlotFromBufferLocked: unknown buffer: 0xee2b2e00
06-24 11:26:07.118   921  1364 W EGL_emulation: eglSurfaceAttrib not implemented
06-24 11:26:07.118   921  1364 W OpenGLRenderer: Failed to set EGL_SWAP_BEHAVIOR on surface 0xe92bad80, error=EGL_SUCCESS
06-24 11:26:07.180  5222  5222 D MonkeyStub: translateCommand: press KEYCODE_BACK
06-24 11:26:07.183  1113  1113 D Utf7ImeService: onKeyDown(): keyCode = 4
06-24 11:26:07.294  5222  5222 D MonkeyStub: translateCommand: tap 203 2342
06-24 11:26:07.377   815   950 I ActivityManager: START u0 {cmp=com.quanleimu.activity/com.baixing.view.activity.BXVadActivity (has extras)} from uid 10065 on display 0
06-24 11:26:07.403  5222  5222 D MonkeyStub: translateCommand: press KEYCODE_BACK
06-24 11:26:07.502  1113  1113 D Utf7ImeService: onKeyDown(): keyCode = 4
06-24 11:26:07.844  5222  5222 D MonkeyStub: translateCommand: press KEYCODE_BACK
06-24 11:26:08.000  1838  1838 W ViewRootImpl: Cancelling event due to no window focus: KeyEvent { action=ACTION_UP, keyCode=KEYCODE_BACK, scanCode=0, metaState=0, flags=0x28, repeatCount=0, eventTime=416828, downTime=416828, deviceId=-1, source=0x101 }
06-24 11:26:08.000  1838  1838 W ViewRootImpl: Cancelling event due to no window focus: KeyEvent { action=ACTION_UP, keyCode=KEYCODE_BACK, scanCode=0, metaState=0, flags=0x28, repeatCount=0, eventTime=416828, downTime=416828, deviceId=-1, source=0x101 }
06-24 11:26:08.000  1838  1838 W ViewRootImpl: Cancelling event due to no window focus: KeyEvent { action=ACTION_UP, keyCode=KEYCODE_BACK, scanCode=0, metaState=0, flags=0x28, repeatCount=0, eventTime=416828, downTime=416828, deviceId=-1, source=0x101 }
06-24 11:26:08.000  1838  1838 W ViewRootImpl: Cancelling event due to no window focus: KeyEvent { action=ACTION_UP, keyCode=KEYCODE_BACK, scanCode=0, metaState=0, flags=0x28, repeatCount=0, eventTime=416828, downTime=416828, deviceId=-1, source=0x101 }
06-24 11:26:08.000  1838  1838 W ViewRootImpl: Cancelling event due to no window focus: KeyEvent { action=ACTION_UP, keyCode=KEYCODE_BACK, scanCode=0, metaState=0, flags=0x28, repeatCount=0, eventTime=416828, downTime=416828, deviceId=-1, source=0x101 }
06-24 11:26:08.000  1838  1838 W ViewRootImpl: Cancelling event due to no window focus: KeyEvent { action=ACTION_UP, keyCode=KEYCODE_BACK, scanCode=0, metaState=0, flags=0x28, repeatCount=0, eventTime=416828, downTime=416828, deviceId=-1, source=0x101 }
06-24 11:26:08.000  1838  1838 W ViewRootImpl: Cancelling event due to no window focus: KeyEvent { action=ACTION_UP, keyCode=KEYCODE_BACK, scanCode=0, metaState=0, flags=0x28, repeatCount=0, eventTime=416828, downTime=416828, deviceId=-1, source=0x101 }
06-24 11:26:08.000  1838  1838 W ViewRootImpl: Cancelling event due to no window focus: KeyEvent { action=ACTION_UP, keyCode=KEYCODE_BACK, scanCode=0, metaState=0, flags=0x28, repeatCount=0, eventTime=416828, downTime=416828, deviceId=-1, source=0x101 }
06-24 11:26:08.000  1838  1838 W ViewRootImpl: Cancelling event due to no window focus: KeyEvent { action=ACTION_UP, keyCode=KEYCODE_BACK, scanCode=0, metaState=0, flags=0x28, repeatCount=0, eventTime=416828, downTime=416828, deviceId=-1, source=0x101 }
06-24 11:26:08.330  1838  1838 W ViewRootImpl: Dropping event due to no window focus: KeyEvent { action=ACTION_DOWN, keyCode=KEYCODE_BACK, scanCode=0, metaState=0, flags=0x8, repeatCount=0, eventTime=417262, downTime=417262, deviceId=-1, source=0x101 }
06-24 11:26:08.331  1838  1838 W ViewRootImpl: Cancelling event due to no window focus: KeyEvent { action=ACTION_UP, keyCode=KEYCODE_BACK, scanCode=0, metaState=0, flags=0x28, repeatCount=0, eventTime=417419, downTime=417419, deviceId=-1, source=0x101 }
06-24 11:26:08.331  1838  1838 W ViewRootImpl: Cancelling event due to no window focus: KeyEvent { action=ACTION_UP, keyCode=KEYCODE_BACK, scanCode=0, metaState=0, flags=0x28, repeatCount=0, eventTime=417419, downTime=417419, deviceId=-1, source=0x101 }
06-24 11:26:08.331  1838  1838 W ViewRootImpl: Cancelling event due to no window focus: KeyEvent { action=ACTION_UP, keyCode=KEYCODE_BACK, scanCode=0, metaState=0, flags=0x28, repeatCount=0, eventTime=417419, downTime=417419, deviceId=-1, source=0x101 }
06-24 11:26:08.331  1838  1838 W ViewRootImpl: Cancelling event due to no window focus: KeyEvent { action=ACTION_UP, keyCode=KEYCODE_BACK, scanCode=0, metaState=0, flags=0x28, repeatCount=0, eventTime=417419, downTime=417419, deviceId=-1, source=0x101 }
06-24 11:26:08.331  1838  1838 W ViewRootImpl: Cancelling event due to no window focus: KeyEvent { action=ACTION_UP, keyCode=KEYCODE_BACK, scanCode=0, metaState=0, flags=0x28, repeatCount=0, eventTime=417419, downTime=417419, deviceId=-1, source=0x101 }
06-24 11:26:08.331  1838  1838 W ViewRootImpl: Cancelling event due to no window focus: KeyEvent { action=ACTION_UP, keyCode=KEYCODE_BACK, scanCode=0, metaState=0, flags=0x28, repeatCount=0, eventTime=417419, downTime=417419, deviceId=-1, source=0x101 }
06-24 11:26:08.331  1838  1838 W ViewRootImpl: Cancelling event due to no window focus: KeyEvent { action=ACTION_UP, keyCode=KEYCODE_BACK, scanCode=0, metaState=0, flags=0x28, repeatCount=0, eventTime=417419, downTime=417419, deviceId=-1, source=0x101 }
06-24 11:26:08.331  1838  1838 W ViewRootImpl: Cancelling event due to no window focus: KeyEvent { action=ACTION_UP, keyCode=KEYCODE_BACK, scanCode=0, metaState=0, flags=0x28, repeatCount=0, eventTime=417419, downTime=417419, deviceId=-1, source=0x101 }
06-24 11:26:08.331  1838  1838 W ViewRootImpl: Cancelling event due to no window focus: KeyEvent { action=ACTION_UP, keyCode=KEYCODE_BACK, scanCode=0, metaState=0, flags=0x28, repeatCount=0, eventTime=417419, downTime=417419, deviceId=-1, source=0x101 }
06-24 11:26:08.332  5222  5222 D MonkeyStub: translateCommand: touch down 267 1806
06-24 11:26:08.345  5222  5222 D MonkeyStub: translateCommand: touch move 267 1806
06-24 11:26:08.590   815   834 I ActivityManager: Displayed com.quanleimu.activity/com.baixing.view.activity.BXVadActivity: +1s40ms
06-24 11:26:09.352  5222  5222 D MonkeyStub: translateCommand: touch move 264 1916
06-24 11:26:09.357   815  1206 W InputManager: Input event injection from pid 5222 failed.
06-24 11:26:09.362  5222  5222 D MonkeyStub: translateCommand: touch up 264 1916
06-24 11:26:09.362   815  1049 W InputManager: Input event injection from pid 5222 failed.
06-24 11:26:09.481  5222  5222 D MonkeyStub: translateCommand: press KEYCODE_BACK
06-24 11:26:09.547  1113  1113 D Utf7ImeService: onKeyDown(): keyCode = 4
06-24 11:26:09.598  5222  5222 D MonkeyStub: translateCommand: press KEYCODE_BACK
06-24 11:26:09.815  1113  1113 D Utf7ImeService: onKeyDown(): keyCode = 4
06-24 11:26:09.831  5222  5222 D MonkeyStub: translateCommand: press KEYCODE_BACK
06-24 11:26:09.957   815   826 W ActivityManager: Duplicate finish request for ActivityRecord{f8d5940 u0 com.quanleimu.activity/com.baixing.view.activity.BXVadActivity t8 f}
06-24 11:26:09.962  1113  1113 D Utf7ImeService: onKeyDown(): keyCode = 4
06-24 11:26:09.968   815   827 W ActivityManager: Duplicate finish request for ActivityRecord{f8d5940 u0 com.quanleimu.activity/com.baixing.view.activity.BXVadActivity t8 f}
06-24 11:26:09.968  5222  5222 D MonkeyStub: translateCommand: touch down 364 1972
06-24 11:26:09.969   815   848 I InputDispatcher: Dropping event because there is no touchable window at (364, 1972).
06-24 11:26:09.969   815   826 W InputManager: Input event injection from pid 5222 failed.
06-24 11:26:09.972  5222  5222 D MonkeyStub: translateCommand: touch move 364 1972
06-24 11:26:09.972   815  2578 W InputManager: Input event injection from pid 5222 failed.
06-24 11:26:10.979  5222  5222 D MonkeyStub: translateCommand: touch move 167 1979
06-24 11:26:10.980   815   827 W InputManager: Input event injection from pid 5222 failed.
06-24 11:26:10.982  5222  5222 D MonkeyStub: translateCommand: touch up 167 1979
06-24 11:26:10.982   815  1049 W InputManager: Input event injection from pid 5222 failed.
06-24 11:26:11.088  5222  5222 D MonkeyStub: translateCommand: touch down 1198 291
06-24 11:26:11.090  5222  5222 D MonkeyStub: translateCommand: touch move 1198 291
06-24 11:26:12.097  5222  5222 D MonkeyStub: translateCommand: touch move 1268 332
06-24 11:26:12.100  5222  5222 D MonkeyStub: translateCommand: touch up 1268 332
06-24 11:26:12.112   815  2578 I ActivityManager: START u0 {cmp=com.quanleimu.activity/com.baixing.activity.ActionActivity (has extras)} from uid 10065 on display 0
06-24 11:26:12.209  5222  5222 D MonkeyStub: translateCommand: touch down 990 1868
06-24 11:26:12.210   815   848 I InputDispatcher: Dropping event because there is no touchable window at (990, 1868).
06-24 11:26:12.211   815  1049 I ActivityManager: Start proc 5833:com.android.inputmethod.latin/u0a41 for service com.android.inputmethod.latin/.spellcheck.AndroidSpellCheckerService
06-24 11:26:12.211   815  2578 W InputManager: Input event injection from pid 5222 failed.
06-24 11:26:12.211  5222  5222 D MonkeyStub: translateCommand: touch move 990 1868
06-24 11:26:12.221   815  1206 W InputManager: Input event injection from pid 5222 failed.
06-24 11:26:12.455   815   834 I ActivityManager: Displayed com.quanleimu.activity/com.baixing.activity.ActionActivity: +321ms
06-24 11:26:13.219  5222  5222 D MonkeyStub: translateCommand: touch move 965 1868
06-24 11:26:13.219   815   950 W InputManager: Input event injection from pid 5222 failed.
06-24 11:26:13.225  5222  5222 D MonkeyStub: translateCommand: touch up 965 1868
06-24 11:26:13.226   815  1191 W InputManager: Input event injection from pid 5222 failed.
06-24 11:26:13.328  5222  5222 D MonkeyStub: translateCommand: press KEYCODE_BACK
06-24 11:26:13.329  1113  1113 D Utf7ImeService: onKeyDown(): keyCode = 4
06-24 11:26:13.431  5222  5222 D MonkeyStub: translateCommand: touch down 360 818
06-24 11:26:13.435  5222  5222 D MonkeyStub: translateCommand: touch move 360 818
06-24 11:26:14.438  5222  5222 D MonkeyStub: translateCommand: touch move 331 862
06-24 11:26:14.441  5222  5222 D MonkeyStub: translateCommand: touch up 331 862
06-24 11:26:14.550  5222  5222 D MonkeyStub: translateCommand: touch down 923 1092
06-24 11:26:14.568  5222  5222 D MonkeyStub: translateCommand: touch move 923 1092
06-24 11:26:15.357   815  1206 I ActivityManager: Killing 1760:com.android.email/u0a34 (adj 15): empty #17
06-24 11:26:15.581  5222  5222 D MonkeyStub: translateCommand: touch move 934 1106
06-24 11:26:15.583  5222  5222 D MonkeyStub: translateCommand: touch up 934 1106
06-24 11:26:15.623   481   860 D AudioFlinger: mixer(0xf1e80000) throttle end: throttle time(11)
06-24 11:26:15.703  5222  5222 D MonkeyStub: translateCommand: tap 917 1679
06-24 11:26:15.765  1838  5531 I chatty  : uid=10065(com.quanleimu.activity) expire 2 lines
06-24 11:26:15.820  5222  5222 D MonkeyStub: translateCommand: touch down 25 240
06-24 11:26:15.829  5222  5222 D MonkeyStub: translateCommand: touch move 25 240
06-24 11:26:16.004  1838  1838 I chatty  : uid=10065(com.quanleimu.activity) expire 120 lines
06-24 11:26:16.689  1838  6122 I chatty  : uid=10065(com.quanleimu.activity) expire 1 line
06-24 11:26:16.797  1838  6128 I chatty  : uid=10065(com.quanleimu.activity) expire 1 line
06-24 11:26:16.854  5222  5222 D MonkeyStub: translateCommand: touch move 114 40
06-24 11:26:16.871  5222  5222 D MonkeyStub: translateCommand: touch up 114 40
06-24 11:26:16.911  1838  6132 I chatty  : uid=10065(com.quanleimu.activity) expire 1 line
06-24 11:26:16.980  5222  5222 D MonkeyStub: translateCommand: tap 752 1867
06-24 11:26:17.014  1838  6135 I chatty  : uid=10065(com.quanleimu.activity) expire 1 line
06-24 11:26:17.087  5222  5222 D MonkeyStub: translateCommand: press KEYCODE_BACK
06-24 11:26:17.111  1113  1113 D Utf7ImeService: onKeyDown(): keyCode = 4
06-24 11:26:17.128  1838  2221 I chatty  : uid=10065(com.quanleimu.activity) pool-13-thread- expire 4 lines
06-24 11:26:17.201  5222  5222 D MonkeyStub: translateCommand: press KEYCODE_BACK
06-24 11:26:17.205  1113  1113 D Utf7ImeService: onKeyDown(): keyCode = 4
06-24 11:26:17.212  1838  2223 I chatty  : uid=10065(com.quanleimu.activity) pool-13-thread- expire 4 lines
06-24 11:26:17.306  5222  5222 D MonkeyStub: translateCommand: press KEYCODE_BACK
06-24 11:26:17.527  1113  1113 D Utf7ImeService: onKeyDown(): keyCode = 4
06-24 11:26:17.528  5222  5222 D MonkeyStub: translateCommand: touch down 178 2268
06-24 11:26:17.530   815   848 I InputDispatcher: Dropping event because there is no touchable window at (178, 2268).
06-24 11:26:17.531   815  1049 W ActivityManager: Duplicate finish request for ActivityRecord{2abd50c u0 com.quanleimu.activity/com.baixing.activity.GeneralAdListActivity t8 f}
06-24 11:26:17.532   815  2578 W InputManager: Input event injection from pid 5222 failed.
06-24 11:26:17.561  5222  5222 D MonkeyStub: translateCommand: touch move 178 2268
06-24 11:26:17.569   815  1191 W InputManager: Input event injection from pid 5222 failed.
06-24 11:26:17.585  1838  1897 I chatty  : uid=10065(com.quanleimu.activity) ProcessingThrea expire 8 lines
06-24 11:26:17.730  1838  2681 I chatty  : uid=10065(com.quanleimu.activity) RenderThread expire 18 lines
06-24 11:26:18.569  5222  5222 D MonkeyStub: translateCommand: touch move 191 2313
06-24 11:26:18.571   815   826 W InputManager: Input event injection from pid 5222 failed.
06-24 11:26:18.600  5222  5222 D MonkeyStub: translateCommand: touch up 191 2313
06-24 11:26:18.606   815  1049 W InputManager: Input event injection from pid 5222 failed.
06-24 11:26:18.709  5222  5222 D MonkeyStub: translateCommand: press KEYCODE_BACK
06-24 11:26:18.723  1113  1113 D Utf7ImeService: onKeyDown(): keyCode = 4
06-24 11:26:18.813  5222  5222 D MonkeyStub: translateCommand: touch down 673 2167
06-24 11:26:18.819  5222  5222 D MonkeyStub: translateCommand: touch move 673 2167
06-24 11:26:19.827  5222  5222 D MonkeyStub: translateCommand: touch move 673 2021
06-24 11:26:19.832  5222  5222 D MonkeyStub: translateCommand: touch up 673 2021
06-24 11:26:19.870  1838  5621 I chatty  : uid=10065(com.quanleimu.activity) expire 2 lines
06-24 11:26:19.941  5222  5222 D MonkeyStub: translateCommand: press KEYCODE_BACK
06-24 11:26:19.942  1113  1113 D Utf7ImeService: onKeyDown(): keyCode = 4
06-24 11:26:19.946   815   950 I ActivityManager: moveTaskToBack: TaskRecord{69103b6 #8 A=com.quanleimu.activity U=0 sz=1}
06-24 11:26:19.964   815   950 D         : HostConnection::get() New Host Connection established 0xdc1c6d50, tid 950
06-24 11:26:20.032   796   796 E EGL_emulation: tid 796: eglCreateSyncKHR(1215): error 0x3004 (EGL_BAD_ATTRIBUTE)
06-24 11:26:20.048  5222  5222 D MonkeyStub: translateCommand: tap 639 208
06-24 11:26:20.130   815  1049 I ActivityManager: START u0 {cmp=com.quanleimu.activity/com.baixing.activity.SearchActivity (has extras)} from uid 10065 on display 0
06-24 11:26:20.153  1163  1344 W EGL_emulation: eglSurfaceAttrib not implemented
06-24 11:26:20.153  1163  1344 W OpenGLRenderer: Failed to set EGL_SWAP_BEHAVIOR on surface 0xdf6930c0, error=EGL_SUCCESS
06-24 11:26:20.153  5222  5222 D MonkeyStub: translateCommand: tap 347 1521
06-24 11:26:20.370   815   848 I InputDispatcher: Dropping event because there is no touchable window at (347, 1521).
06-24 11:26:20.370   815   827 W InputManager: Input event injection from pid 5222 failed.
06-24 11:26:20.371   815  1191 W InputManager: Input event injection from pid 5222 failed.
06-24 11:26:20.371  5222  5222 D MonkeyStub: translateCommand: touch down 1297 751
06-24 11:26:20.372   815   848 I InputDispatcher: Dropping event because there is no touchable window at (1297, 751).
06-24 11:26:20.372   815  1206 W InputManager: Input event injection from pid 5222 failed.
06-24 11:26:20.379  5222  5222 D MonkeyStub: translateCommand: touch move 1297 751
06-24 11:26:20.382   815  1049 W InputManager: Input event injection from pid 5222 failed.
06-24 11:26:20.989  6277  6277 D AndroidRuntime: >>>>>> START com.android.internal.os.RuntimeInit uid 0 <<<<<<
06-24 11:26:21.001  6277  6277 D AndroidRuntime: CheckJNI is OFF
06-24 11:26:21.043  1163  1163 I Choreographer: Skipped 39 frames!  The application may be doing too much work on its main thread.
06-24 11:26:21.053   815   834 I ActivityManager: Displayed com.quanleimu.activity/com.baixing.activity.SearchActivity: +728ms
06-24 11:26:21.073  6277  6277 D ICU     : No timezone override file found: /data/misc/zoneinfo/current/icu/icu_tzdata.dat
06-24 11:26:21.109  6277  6277 W         : Failed to bind-mount /system/lib/x86/cpuinfo as /proc/cpuinfo: No such file or directory
06-24 11:26:21.109  6277  6277 E         : Cannot create code cache directory ./code_cache: Read-only file system.
06-24 11:26:21.160  1163  1344 E Surface : getSlotFromBufferLocked: unknown buffer: 0xdf6553a0
06-24 11:26:21.188  6277  6277 E memtrack: Couldn't load memtrack module (No such file or directory)
06-24 11:26:21.188  6277  6277 E android.os.Debug: failed to load memtrack module: -2
06-24 11:26:21.190  6277  6277 I Radio-JNI: register_android_hardware_Radio DONE
06-24 11:26:21.215  6277  6277 D AndroidRuntime: Calling main entry com.android.commands.am.Am
06-24 11:26:21.224   815  1206 I ActivityManager: START u0 {act=android.intent.action.MAIN cat=[android.intent.category.LAUNCHER] flg=0x10000000 cmp=com.quanleimu.activity/com.baixing.activity.BXMainActivity} from uid 0 on display 0
06-24 11:26:21.232  6277  6277 D AndroidRuntime: Shutting down VM
06-24 11:26:21.397  5222  5222 D MonkeyStub: translateCommand: touch move 1250 698
06-24 11:26:21.418   815  1206 W InputManager: Input event injection from pid 5222 failed.
06-24 11:26:21.418  5222  5222 D MonkeyStub: translateCommand: touch up 1250 698
06-24 11:26:21.420   815  2578 W InputManager: Input event injection from pid 5222 failed.
06-24 11:26:21.527  5222  5222 D MonkeyStub: translateCommand: tap 139 2237
06-24 11:26:21.633  5222  5222 D MonkeyStub: translateCommand: touch down 506 1574
06-24 11:26:21.639  5222  5222 D MonkeyStub: translateCommand: touch move 506 1574
06-24 11:26:22.655  5222  5222 D MonkeyStub: translateCommand: touch move 523 1585
06-24 11:26:22.657  5222  5222 D MonkeyStub: translateCommand: touch up 523 1585
06-24 11:26:22.763  5222  5222 D MonkeyStub: translateCommand: touch down 207 1331
06-24 11:26:22.767  5222  5222 D MonkeyStub: translateCommand: touch move 207 1331
06-24 11:26:23.772  5222  5222 D MonkeyStub: translateCommand: touch move 151 1288
06-24 11:26:23.774  5222  5222 D MonkeyStub: translateCommand: touch up 151 1288
06-24 11:26:23.879  5222  5222 D MonkeyStub: translateCommand: touch down 1293 1763
06-24 11:26:23.881  5222  5222 D MonkeyStub: translateCommand: touch move 1293 1763
06-24 11:26:24.888  5222  5222 D MonkeyStub: translateCommand: touch move 1218 1718
06-24 11:26:24.890  5222  5222 D MonkeyStub: translateCommand: touch up 1218 1718
06-24 11:26:24.998  5222  5222 D MonkeyStub: translateCommand: press KEYCODE_BACK
06-24 11:26:24.999  1113  1113 D Utf7ImeService: onKeyDown(): keyCode = 4
06-24 11:26:25.104  5222  5222 D MonkeyStub: translateCommand: press KEYCODE_BACK
06-24 11:26:25.218  1838  1838 W ViewRootImpl: Dropping event due to no window focus: KeyEvent { action=ACTION_DOWN, keyCode=KEYCODE_BACK, scanCode=0, metaState=0, flags=0x8, repeatCount=0, eventTime=434521, downTime=434521, deviceId=-1, source=0x101 }
06-24 11:26:25.218  1838  1838 W ViewRootImpl: Cancelling event due to no window focus: KeyEvent { action=ACTION_UP, keyCode=KEYCODE_BACK, scanCode=0, metaState=0, flags=0x28, repeatCount=0, eventTime=434522, downTime=434522, deviceId=-1, source=0x101 }
06-24 11:26:25.219  1838  1838 W ViewRootImpl: Cancelling event due to no window focus: KeyEvent { action=ACTION_UP, keyCode=KEYCODE_BACK, scanCode=0, metaState=0, flags=0x28, repeatCount=0, eventTime=434522, downTime=434522, deviceId=-1, source=0x101 }
06-24 11:26:25.219  1838  1838 W ViewRootImpl: Cancelling event due to no window focus: KeyEvent { action=ACTION_UP, keyCode=KEYCODE_BACK, scanCode=0, metaState=0, flags=0x28, repeatCount=0, eventTime=434522, downTime=434522, deviceId=-1, source=0x101 }
06-24 11:26:25.219  5222  5222 D MonkeyStub: translateCommand: press KEYCODE_BACK
06-24 11:26:25.220  1838  1838 W ViewRootImpl: Cancelling event due to no window focus: KeyEvent { action=ACTION_UP, keyCode=KEYCODE_BACK, scanCode=0, metaState=0, flags=0x28, repeatCount=0, eventTime=434522, downTime=434522, deviceId=-1, source=0x101 }
06-24 11:26:25.220  1838  1838 W ViewRootImpl: Cancelling event due to no window focus: KeyEvent { action=ACTION_UP, keyCode=KEYCODE_BACK, scanCode=0, metaState=0, flags=0x28, repeatCount=0, eventTime=434522, downTime=434522, deviceId=-1, source=0x101 }
06-24 11:26:25.220  1838  1838 W ViewRootImpl: Cancelling event due to no window focus: KeyEvent { action=ACTION_UP, keyCode=KEYCODE_BACK, scanCode=0, metaState=0, flags=0x28, repeatCount=0, eventTime=434522, downTime=434522, deviceId=-1, source=0x101 }
06-24 11:26:25.220  1838  1838 W ViewRootImpl: Cancelling event due to no window focus: KeyEvent { action=ACTION_UP, keyCode=KEYCODE_BACK, scanCode=0, metaState=0, flags=0x28, repeatCount=0, eventTime=434522, downTime=434522, deviceId=-1, source=0x101 }
06-24 11:26:25.220  1838  1838 W ViewRootImpl: Cancelling event due to no window focus: KeyEvent { action=ACTION_UP, keyCode=KEYCODE_BACK, scanCode=0, metaState=0, flags=0x28, repeatCount=0, eventTime=434522, downTime=434522, deviceId=-1, source=0x101 }
06-24 11:26:25.220  1838  1838 W ViewRootImpl: Cancelling event due to no window focus: KeyEvent { action=ACTION_UP, keyCode=KEYCODE_BACK, scanCode=0, metaState=0, flags=0x28, repeatCount=0, eventTime=434522, downTime=434522, deviceId=-1, source=0x101 }
06-24 11:26:25.221  1838  1838 W ViewRootImpl: Dropping event due to no window focus: KeyEvent { action=ACTION_DOWN, keyCode=KEYCODE_BACK, scanCode=0, metaState=0, flags=0x8, repeatCount=0, eventTime=434636, downTime=434636, deviceId=-1, source=0x101 }
06-24 11:26:25.222  1838  1838 W ViewRootImpl: Cancelling event due to no window focus: KeyEvent { action=ACTION_UP, keyCode=KEYCODE_BACK, scanCode=0, metaState=0, flags=0x28, repeatCount=0, eventTime=434638, downTime=434638, deviceId=-1, source=0x101 }
06-24 11:26:25.222  1838  1838 W ViewRootImpl: Cancelling event due to no window focus: KeyEvent { action=ACTION_UP, keyCode=KEYCODE_BACK, scanCode=0, metaState=0, flags=0x28, repeatCount=0, eventTime=434638, downTime=434638, deviceId=-1, source=0x101 }
06-24 11:26:25.222  1838  1838 W ViewRootImpl: Cancelling event due to no window focus: KeyEvent { action=ACTION_UP, keyCode=KEYCODE_BACK, scanCode=0, metaState=0, flags=0x28, repeatCount=0, eventTime=434638, downTime=434638, deviceId=-1, source=0x101 }
06-24 11:26:25.225  1838  1838 W ViewRootImpl: Cancelling event due to no window focus: KeyEvent { action=ACTION_UP, keyCode=KEYCODE_BACK, scanCode=0, metaState=0, flags=0x28, repeatCount=0, eventTime=434638, downTime=434638, deviceId=-1, source=0x101 }
06-24 11:26:25.225  1838  1838 W ViewRootImpl: Cancelling event due to no window focus: KeyEvent { action=ACTION_UP, keyCode=KEYCODE_BACK, scanCode=0, metaState=0, flags=0x28, repeatCount=0, eventTime=434638, downTime=434638, deviceId=-1, source=0x101 }
06-24 11:26:25.225  1838  1838 W ViewRootImpl: Cancelling event due to no window focus: KeyEvent { action=ACTION_UP, keyCode=KEYCODE_BACK, scanCode=0, metaState=0, flags=0x28, repeatCount=0, eventTime=434638, downTime=434638, deviceId=-1, source=0x101 }
06-24 11:26:25.225  1838  1838 W ViewRootImpl: Cancelling event due to no window focus: KeyEvent { action=ACTION_UP, keyCode=KEYCODE_BACK, scanCode=0, metaState=0, flags=0x28, repeatCount=0, eventTime=434638, downTime=434638, deviceId=-1, source=0x101 }
06-24 11:26:25.225  1838  1838 W ViewRootImpl: Cancelling event due to no window focus: KeyEvent { action=ACTION_UP, keyCode=KEYCODE_BACK, scanCode=0, metaState=0, flags=0x28, repeatCount=0, eventTime=434638, downTime=434638, deviceId=-1, source=0x101 }
06-24 11:26:25.225  1838  1838 W ViewRootImpl: Cancelling event due to no window focus: KeyEvent { action=ACTION_UP, keyCode=KEYCODE_BACK, scanCode=0, metaState=0, flags=0x28, repeatCount=0, eventTime=434638, downTime=434638, deviceId=-1, source=0x101 }
06-24 11:26:25.333  5222  5222 D MonkeyStub: translateCommand: tap 676 226
06-24 11:26:25.441  5222  5222 D MonkeyStub: translateCommand: tap 720 227
06-24 11:26:25.550  5222  5222 D MonkeyStub: translateCommand: touch down 1276 809
06-24 11:26:25.556  5222  5222 D MonkeyStub: translateCommand: touch move 1276 809
06-24 11:26:25.624   815  1191 I ActivityManager: START u0 {cmp=com.quanleimu.activity/com.baixing.activity.SearchActivity (has extras)} from uid 10065 on display 0
06-24 11:26:26.186   815   834 I ActivityManager: Displayed com.quanleimu.activity/com.baixing.activity.SearchActivity: +415ms
06-24 11:26:26.580  5222  5222 D MonkeyStub: translateCommand: touch move 1268 808
06-24 11:26:26.585  5222  5222 D MonkeyStub: translateCommand: touch up 1268 808
06-24 11:26:26.589  1838  1838 W ViewRootImpl: Dropping event due to no window focus: MotionEvent { action=ACTION_MOVE, actionButton=0, id[0]=0, x[0]=1268.0, y[0]=808.0, toolType[0]=TOOL_TYPE_UNKNOWN, buttonState=0, metaState=0, flags=0x0, edgeFlags=0x0, pointerCount=1, historySize=0, eventTime=435998, downTime=-1, deviceId=0, source=0x1002 }
06-24 11:26:26.589  1838  1838 W ViewRootImpl: Cancelling event due to no window focus: MotionEvent { action=ACTION_CANCEL, actionButton=0, id[0]=0, x[0]=1268.0, y[0]=808.0, toolType[0]=TOOL_TYPE_UNKNOWN, buttonState=0, metaState=0, flags=0x0, edgeFlags=0x0, pointerCount=1, historySize=0, eventTime=436003, downTime=-1, deviceId=0, source=0x1002 }
06-24 11:26:26.589  1838  1838 W ViewRootImpl: Cancelling event due to no window focus: MotionEvent { action=ACTION_CANCEL, actionButton=0, id[0]=0, x[0]=1268.0, y[0]=808.0, toolType[0]=TOOL_TYPE_UNKNOWN, buttonState=0, metaState=0, flags=0x0, edgeFlags=0x0, pointerCount=1, historySize=0, eventTime=436003, downTime=-1, deviceId=0, source=0x1002 }
06-24 11:26:26.589  1838  1838 W ViewRootImpl: Cancelling event due to no window focus: MotionEvent { action=ACTION_CANCEL, actionButton=0, id[0]=0, x[0]=1268.0, y[0]=808.0, toolType[0]=TOOL_TYPE_UNKNOWN, buttonState=0, metaState=0, flags=0x0, edgeFlags=0x0, pointerCount=1, historySize=0, eventTime=436003, downTime=-1, deviceId=0, source=0x1002 }
06-24 11:26:26.688  5222  5222 D MonkeyStub: translateCommand: press KEYCODE_BACK
06-24 11:26:26.698  1113  1113 D Utf7ImeService: onKeyDown(): keyCode = 4
06-24 11:26:26.704  1838  1838 I chatty  : uid=10065(com.quanleimu.activity) expire 49 lines
06-24 11:26:26.793  5222  5222 D MonkeyStub: translateCommand: tap 1313 1484
06-24 11:26:26.794   815   848 I InputDispatcher: Dropping event because there is no touchable window at (1313, 1484).
06-24 11:26:26.794   815  1191 W InputManager: Input event injection from pid 5222 failed.
06-24 11:26:26.795   815  1049 W InputManager: Input event injection from pid 5222 failed.
06-24 11:26:26.900  5222  5222 D MonkeyStub: translateCommand: touch down 53 505
06-24 11:26:26.906  5222  5222 D MonkeyStub: translateCommand: touch move 53 505
06-24 11:26:27.222  1838  6151 I chatty  : uid=10065(com.quanleimu.activity) expire 2 lines
06-24 11:26:27.314   815   826 W SettingsProvider: You shouldn't keep your settings in the secure settings. This will soon become an error.
06-24 11:26:27.386  1838  1848 I chatty  : uid=10065(com.quanleimu.activity) HeapTaskDaemon expire 2 lines
06-24 11:26:27.927  5222  5222 D MonkeyStub: translateCommand: touch move 91 479
06-24 11:26:27.935  5222  5222 D MonkeyStub: translateCommand: touch up 91 479
06-24 11:26:27.966   815  1049 I ActivityManager: START u0 {cmp=com.quanleimu.activity/com.baixing.activity.ActionActivity (has extras)} from uid 10065 on display 0
06-24 11:26:28.043  5222  5222 D MonkeyStub: translateCommand: press KEYCODE_BACK
06-24 11:26:28.044   481   860 D AudioFlinger: mixer(0xf1e80000) throttle end: throttle time(16)
06-24 11:26:28.269  1838  2681 I chatty  : uid=10065(com.quanleimu.activity) RenderThread expire 11 lines
06-24 11:26:28.310  1838  1838 W ViewRootImpl: Dropping event due to no window focus: KeyEvent { action=ACTION_DOWN, keyCode=KEYCODE_BACK, scanCode=0, metaState=0, flags=0x8, repeatCount=0, eventTime=437460, downTime=437460, deviceId=-1, source=0x101 }
06-24 11:26:28.311  1838  1838 W ViewRootImpl: Cancelling event due to no window focus: KeyEvent { action=ACTION_UP, keyCode=KEYCODE_BACK, scanCode=0, metaState=0, flags=0x28, repeatCount=0, eventTime=437637, downTime=437637, deviceId=-1, source=0x101 }
06-24 11:26:28.311  1838  1838 W ViewRootImpl: Cancelling event due to no window focus: KeyEvent { action=ACTION_UP, keyCode=KEYCODE_BACK, scanCode=0, metaState=0, flags=0x28, repeatCount=0, eventTime=437637, downTime=437637, deviceId=-1, source=0x101 }
06-24 11:26:28.312  5222  5222 D MonkeyStub: Quit requested
06-24 11:26:28.315  1838  1838 W ViewRootImpl: Cancelling event due to no window focus: KeyEvent { action=ACTION_UP, keyCode=KEYCODE_BACK, scanCode=0, metaState=0, flags=0x28, repeatCount=0, eventTime=437637, downTime=437637, deviceId=-1, source=0x101 }
06-24 11:26:28.317  1838  1838 W ViewRootImpl: Cancelling event due to no window focus: KeyEvent { action=ACTION_UP, keyCode=KEYCODE_BACK, scanCode=0, metaState=0, flags=0x28, repeatCount=0, eventTime=437637, downTime=437637, deviceId=-1, source=0x101 }
06-24 11:26:28.319  1838  1838 W ViewRootImpl: Cancelling event due to no window focus: KeyEvent { action=ACTION_UP, keyCode=KEYCODE_BACK, scanCode=0, metaState=0, flags=0x28, repeatCount=0, eventTime=437637, downTime=437637, deviceId=-1, source=0x101 }
06-24 11:26:28.319  1838  1838 W ViewRootImpl: Cancelling event due to no window focus: KeyEvent { action=ACTION_UP, keyCode=KEYCODE_BACK, scanCode=0, metaState=0, flags=0x28, repeatCount=0, eventTime=437637, downTime=437637, deviceId=-1, source=0x101 }
06-24 11:26:28.319  1838  1838 W ViewRootImpl: Cancelling event due to no window focus: KeyEvent { action=ACTION_UP, keyCode=KEYCODE_BACK, scanCode=0, metaState=0, flags=0x28, repeatCount=0, eventTime=437637, downTime=437637, deviceId=-1, source=0x101 }
06-24 11:26:28.319  1838  1838 W ViewRootImpl: Cancelling event due to no window focus: KeyEvent { action=ACTION_UP, keyCode=KEYCODE_BACK, scanCode=0, metaState=0, flags=0x28, repeatCount=0, eventTime=437637, downTime=437637, deviceId=-1, source=0x101 }
06-24 11:26:28.319  1838  1838 W ViewRootImpl: Cancelling event due to no window focus: KeyEvent { action=ACTION_UP, keyCode=KEYCODE_BACK, scanCode=0, metaState=0, flags=0x28, repeatCount=0, eventTime=437637, downTime=437637, deviceId=-1, source=0x101 }
06-24 11:26:28.479  6783  6783 D         : HostConnection::get() New Host Connection established 0xf655c250, tid 6783
06-24 11:26:28.535   796   796 E EGL_emulation: tid 796: eglCreateSyncKHR(1215): error 0x3004 (EGL_BAD_ATTRIBUTE)
06-24 11:26:28.552   815   950 W art     : Long monitor contention event with owner method=void com.android.server.wm.WindowAnimator$1.doFrame(long) from WindowAnimator.java:121 waiters=2 for 107ms
06-24 11:26:28.558   815   826 W art     : Long monitor contention event with owner method=void com.android.server.am.ActivityManagerService.updateConfiguration(android.content.res.Configuration) from ActivityManagerService.java:17276 waiters=0 for 118ms
06-24 11:26:28.561   815   834 I ActivityManager: Displayed com.quanleimu.activity/com.baixing.activity.ActionActivity: +562ms
06-24 11:26:28.561  5222  5222 I art     : System.exit called, status: 136
06-24 11:26:28.561  5222  5222 I AndroidRuntime: VM exiting with result code 136.
06-24 11:26:28.667   815  1049 W WindowManager: Attempted to remove non-existing token: android.os.Binder@480b83f
06-24 11:26:29.496   815   834 I Choreographer: Skipped 38 frames!  The application may be doing too much work on its main thread.
06-24 11:26:29.496   815   830 W art     : Long monitor contention event with owner method=void com.android.server.wm.WindowAnimator$1.doFrame(long) from WindowAnimator.java:121 waiters=0 for 657ms
06-24 11:26:29.569   815   950 W art     : Long monitor contention event with owner method=void com.android.server.wm.WindowAnimator$1.doFrame(long) from WindowAnimator.java:121 waiters=1 for 545ms
06-24 11:26:29.599   815   901 W art     : Long monitor contention event with owner method=java.util.List com.android.server.am.ActivityManagerService.getAllStackInfos() from ActivityManagerService.java:8937 waiters=0 for 338ms
06-24 11:26:38.355  1539  1574 I chatty  : uid=10065(com.quanleimu.activity) ModuleDataForwa expire 3 lines
06-24 11:26:38.719   481   860 W AudioFlinger: write blocked for 9880 msecs, 3 delayed writes, thread 0xf1e80000
06-24 11:26:57.025  1838  6809 I chatty  : uid=10065(com.quanleimu.activity) expire 10 lines
06-24 11:26:57.028  1838  6810 I chatty  : uid=10065(com.quanleimu.activity) expire 26 lines
06-24 11:27:23.282  2706  2737 I chatty  : uid=10065(com.quanleimu.activity) ModuleDataForwa expire 2 lines
06-24 11:27:45.939  1407  1554 I chatty  : uid=10065(com.quanleimu.activity) PushConnectivit expire 4 lines
06-24 11:27:52.189  6851  6851 D AndroidRuntime: >>>>>> START com.android.internal.os.RuntimeInit uid 0 <<<<<<
06-24 11:27:52.191  6851  6851 D AndroidRuntime: CheckJNI is OFF
06-24 11:27:52.207  6851  6851 D ICU     : No timezone override file found: /data/misc/zoneinfo/current/icu/icu_tzdata.dat
06-24 11:27:52.212  6851  6851 W         : Failed to bind-mount /system/lib/x86/cpuinfo as /proc/cpuinfo: No such file or directory
06-24 11:27:52.212  6851  6851 E         : Cannot create code cache directory ./code_cache: Read-only file system.
06-24 11:27:52.224  6851  6851 E memtrack: Couldn't load memtrack module (No such file or directory)
06-24 11:27:52.224  6851  6851 E android.os.Debug: failed to load memtrack module: -2
06-24 11:27:52.225  6851  6851 I Radio-JNI: register_android_hardware_Radio DONE
06-24 11:27:52.235  6851  6851 D AndroidRuntime: Calling main entry com.android.commands.pm.Pm
06-24 11:27:52.245  2489  2501 D DefContainer: Copying /data/local/tmp/TestDeviceSetup.apk to base.apk
06-24 11:27:52.247   815   838 I PackageParser: android.tests.devicesetup: compat added android.permission.WRITE_EXTERNAL_STORAGE
06-24 11:27:52.253   815   838 I PackageManager.DexOptimizer: Running dexopt (dex2oat) on: /data/app/vmdl329026100.tmp/base.apk pkg=android.tests.devicesetup isa=x86 vmSafeMode=false debuggable=true oatDir = /data/app/vmdl329026100.tmp/oat
06-24 11:27:52.264  6860  6860 W dex2oat : Unexpected CPU variant for X86 using defaults: x86
06-24 11:27:52.265  6860  6860 I dex2oat : /system/bin/dex2oat --debuggable
06-24 11:27:52.289  6860  6860 I dex2oat : dex2oat took 24.834ms (threads: 4) arena alloc=233KB java alloc=101KB native alloc=1239KB free=1576KB
06-24 11:27:52.316  1407  1501 I chatty  : uid=10065(com.quanleimu.activity) ModuleDataForwa expire 1 line
06-24 11:27:52.336   815   838 V BackupManagerService: restoreAtInstall pkg=android.tests.devicesetup token=4 restoreSet=0
06-24 11:27:52.336   815   838 V BackupManagerService: Finishing install immediately
06-24 11:27:52.336   815   838 W Settings: Setting install_non_market_apps has moved from android.provider.Settings.Global to android.provider.Settings.Secure, returning read-only value.
06-24 11:27:52.336   815   838 I art     : Starting a blocking GC Explicit
06-24 11:27:52.350   815   838 I art     : Explicit concurrent mark sweep GC freed 14716(950KB) AllocSpace objects, 6(120KB) LOS objects, 33% free, 6MB/9MB, paused 430us total 13.192ms
06-24 11:27:52.356  6851  6851 I art     : System.exit called, status: 0
06-24 11:27:52.356  6851  6851 I AndroidRuntime: VM exiting with result code 0.
06-24 11:27:52.362  2615  2642 D Documents: Update found 6 roots in 6ms
06-24 11:27:52.368   815   849 I InputReader: Reconfiguring input devices.  changes=0x00000010
06-24 11:27:52.373  1149  1149 D CarrierServiceBindHelper: Receive action: android.intent.action.PACKAGE_ADDED
06-24 11:27:52.374  1149  1149 D CarrierServiceBindHelper: mHandler: 3
06-24 11:27:52.374  1149  1149 D CarrierConfigLoader: mHandler: 9 phoneId: 0
06-24 11:27:52.395   815   828 W VoiceInteractionManagerService: no available voice recognition services found for user 0
06-24 11:27:52.758  6873  6873 D AndroidRuntime: >>>>>> START com.android.internal.os.RuntimeInit uid 0 <<<<<<
06-24 11:27:52.761  6873  6873 D AndroidRuntime: CheckJNI is OFF
06-24 11:27:52.785  6873  6873 D ICU     : No timezone override file found: /data/misc/zoneinfo/current/icu/icu_tzdata.dat
06-24 11:27:52.795  6873  6873 W         : Failed to bind-mount /system/lib/x86/cpuinfo as /proc/cpuinfo: No such file or directory
06-24 11:27:52.795  6873  6873 E         : Cannot create code cache directory ./code_cache: Read-only file system.
06-24 11:27:52.809  6873  6873 E memtrack: Couldn't load memtrack module (No such file or directory)
06-24 11:27:52.809  6873  6873 E android.os.Debug: failed to load memtrack module: -2
06-24 11:27:52.810  6873  6873 I Radio-JNI: register_android_hardware_Radio DONE
06-24 11:27:52.823  6873  6873 D AndroidRuntime: Calling main entry com.android.commands.am.Am
06-24 11:27:52.827   815   950 I ActivityManager: Force stopping android.tests.devicesetup appid=10121 user=0: start instr
06-24 11:27:52.832  6882  6882 I art     : Late-enabling -Xcheck:jni
06-24 11:27:52.839   815   950 I ActivityManager: Start proc 6882:android.tests.devicesetup/u0a121 for added application android.tests.devicesetup
06-24 11:27:52.858  6882  6882 W System  : ClassLoader referenced unknown path: /data/app/android.tests.devicesetup-1/lib/x86
06-24 11:27:52.858  6882  6882 W System  : ClassLoader referenced unknown path: /data/app/android.tests.devicesetup-1/lib/x86
06-24 11:27:52.863   815  1191 I ActivityManager: START u0 {flg=0x10000000 cmp=android.tests.devicesetup/android.tests.getinfo.DeviceInfoActivity} from uid 10121 on display 0
06-24 11:27:52.872   815  1191 D         : HostConnection::get() New Host Connection established 0xdc1c6440, tid 1191
06-24 11:27:52.938   796   796 E EGL_emulation: tid 796: eglCreateSyncKHR(1215): error 0x3004 (EGL_BAD_ATTRIBUTE)
06-24 11:27:53.014   815   834 W art     : Long monitor contention event with owner method=android.graphics.Bitmap com.android.server.wm.WindowManagerService.screenshotApplicationsInner(android.os.IBinder, int, int, int, boolean) from WindowManagerService.java:6223 waiters=0 for 150ms
06-24 11:27:53.024  1838  1838 I chatty  : uid=10065(com.quanleimu.activity) expire 10 lines
06-24 11:27:53.129   921   921 V PhoneStatusBar: setLightsOn(true)
06-24 11:27:53.198  6882  6898 D libEGL  : loaded /system/lib/egl/libEGL_emulation.so
06-24 11:27:53.200  6882  6898 D libEGL  : loaded /system/lib/egl/libGLESv1_CM_emulation.so
06-24 11:27:53.216  6882  6898 D libEGL  : loaded /system/lib/egl/libGLESv2_emulation.so
06-24 11:27:53.220   921   921 V PhoneStatusBar: setLightsOn(true)
06-24 11:27:53.227  6882  6898 D         : HostConnection::get() New Host Connection established 0xee292b80, tid 6898
06-24 11:27:53.253  6882  6882 D         : HostConnection::get() New Host Connection established 0xefda09c0, tid 6882
06-24 11:27:53.471  6882  6898 I GLESSurfaceView: extensions : GL_EXT_debug_marker GL_OES_blend_func_separate GL_OES_blend_equation_separate GL_OES_blend_subtract GL_OES_byte_coordinates GL_OES_compressed_paletted_texture GL_OES_point_size_array GL_OES_point_sprite GL_OES_single_precision GL_OES_stencil_wrap GL_OES_texture_env_crossbar GL_OES_texture_mirored_repeat GL_OES_EGL_image GL_OES_element_index_uint GL_OES_draw_texture GL_OES_texture_cube_map GL_OES_draw_texture GL_OES_framebuffer_object GL_OES_depth24 GL_OES_depth32 GL_OES_fbo_render_mipmap GL_OES_rgb8_rgba8 GL_OES_stencil1 GL_OES_stencil4 GL_OES_stencil8 GL_OES_packed_depth_stencil GL_EXT_texture_format_BGRA8888 GL_APPLE_texture_format_BGRA8888 GL_OES_compressed_ETC1_RGB8_texture ANDROID_EMU_CHECKSUM_HELPER_v1 
06-24 11:27:53.471  6882  6898 I GLESSurfaceView: vendor : Google (Intel Inc.)
06-24 11:27:53.471  6882  6898 I GLESSurfaceView: renderer : Android Emulator OpenGL ES Translator (Intel(R) HD Graphics 6000)
06-24 11:27:53.474  6882  6898 I GLESSurfaceView: Compression supported: GL_OES_compressed_paletted_texture
06-24 11:27:53.475  6882  6898 I GLESSurfaceView: Compression supported: GL_OES_compressed_ETC1_RGB8_texture
