06-24 11:21:52.235  2489  2500 D DefContainer: Copying /data/local/tmp/TestDeviceSetup.apk to base.apk
06-24 11:21:52.242   815   838 I PackageParser: android.tests.devicesetup: compat added android.permission.WRITE_EXTERNAL_STORAGE
06-24 11:21:52.264   815   838 I PackageManager.DexOptimizer: Running dexopt (dex2oat) on: /data/app/vmdl1682698851.tmp/base.apk pkg=android.tests.devicesetup isa=x86 vmSafeMode=false debuggable=true oatDir = /data/app/vmdl1682698851.tmp/oat
06-24 11:21:52.275  2503  2503 W dex2oat : Unexpected CPU variant for X86 using defaults: x86
06-24 11:21:52.275  2503  2503 I dex2oat : /system/bin/dex2oat --debuggable
06-24 11:21:52.302  2503  2503 I dex2oat : dex2oat took 26.838ms (threads: 4) arena alloc=235KB java alloc=121KB native alloc=1413KB free=1402KB
06-24 11:21:52.331   815   838 V BackupManagerService: restoreAtInstall pkg=android.tests.devicesetup token=1 restoreSet=0
06-24 11:21:52.331   815   838 V BackupManagerService: Finishing install immediately
06-24 11:21:52.331   815   838 W Settings: Setting install_non_market_apps has moved from android.provider.Settings.Global to android.provider.Settings.Secure, returning read-only value.
06-24 11:21:52.331   815   838 I art     : Starting a blocking GC Explicit
06-24 11:21:52.346   815   838 I art     : Explicit concurrent mark sweep GC freed 31976(1983KB) AllocSpace objects, 8(160KB) LOS objects, 33% free, 6MB/9MB, paused 297us total 14.627ms
06-24 11:21:52.364   815   849 I InputReader: Reconfiguring input devices.  changes=0x00000010
06-24 11:21:52.382  1149  1149 D CarrierServiceBindHelper: Receive action: android.intent.action.PACKAGE_ADDED
06-24 11:21:52.383  1149  1149 D CarrierServiceBindHelper: mHandler: 3
06-24 11:21:52.383  1149  1149 D CarrierConfigLoader: mHandler: 9 phoneId: 0
06-24 11:21:52.395   815  1206 I ActivityManager: Start proc 2511:com.android.gallery3d/u0a37 for broadcast com.android.gallery3d/.app.PackagesMonitor
06-24 11:21:52.404   815   828 W VoiceInteractionManagerService: no available voice recognition services found for user 0
06-24 11:21:52.639   815   826 I ActivityManager: Start proc 2532:com.svox.pico/u0a50 for broadcast com.svox.pico/.VoiceDataInstallerReceiver
06-24 11:21:52.641   815   826 I ActivityManager: Killing 1656:com.android.keychain/1000 (adj 15): empty #17
06-24 11:21:52.673   815  1049 I ActivityManager: Killing 1672:com.android.dialer/u0a5 (adj 15): empty #17
06-24 11:21:52.806  2528  2528 I chatty  : uid=0(root) app_process expire 10 lines
06-24 11:21:52.868   815  1049 I ActivityManager: Force stopping android.tests.devicesetup appid=10069 user=0: start instr
06-24 11:21:52.873  2555  2555 I art     : Late-enabling -Xcheck:jni
06-24 11:21:52.879   815  1049 I ActivityManager: Start proc 2555:android.tests.devicesetup/u0a69 for added application android.tests.devicesetup
06-24 11:21:52.898  2555  2555 W System  : ClassLoader referenced unknown path: /data/app/android.tests.devicesetup-1/lib/x86
06-24 11:21:52.898  2555  2555 W System  : ClassLoader referenced unknown path: /data/app/android.tests.devicesetup-1/lib/x86
06-24 11:21:52.902   815   827 I ActivityManager: START u0 {flg=0x10000000 cmp=android.tests.devicesetup/android.tests.getinfo.DeviceInfoActivity} from uid 10069 on display 0
06-24 11:21:52.975   921   921 V PhoneStatusBar: setLightsOn(true)
06-24 11:21:53.065  2555  2570 D libEGL  : loaded /system/lib/egl/libEGL_emulation.so
06-24 11:21:53.066   921   921 V PhoneStatusBar: setLightsOn(true)
06-24 11:21:53.067  2555  2570 D libEGL  : loaded /system/lib/egl/libGLESv1_CM_emulation.so
06-24 11:21:53.073  2555  2570 D libEGL  : loaded /system/lib/egl/libGLESv2_emulation.so
06-24 11:21:53.080  2555  2570 D         : HostConnection::get() New Host Connection established 0xee292a80, tid 2570
06-24 11:21:53.105  2555  2555 D         : HostConnection::get() New Host Connection established 0xefda0670, tid 2555
06-24 11:21:53.110  1163  1344 E Surface : getSlotFromBufferLocked: unknown buffer: 0xee2b5b80
06-24 11:21:53.250  2555  2570 I GLESSurfaceView: extensions : GL_EXT_debug_marker GL_OES_blend_func_separate GL_OES_blend_equation_separate GL_OES_blend_subtract GL_OES_byte_coordinates GL_OES_compressed_paletted_texture GL_OES_point_size_array GL_OES_point_sprite GL_OES_single_precision GL_OES_stencil_wrap GL_OES_texture_env_crossbar GL_OES_texture_mirored_repeat GL_OES_EGL_image GL_OES_element_index_uint GL_OES_draw_texture GL_OES_texture_cube_map GL_OES_draw_texture GL_OES_framebuffer_object GL_OES_depth24 GL_OES_depth32 GL_OES_fbo_render_mipmap GL_OES_rgb8_rgba8 GL_OES_stencil1 GL_OES_stencil4 GL_OES_stencil8 GL_OES_packed_depth_stencil GL_EXT_texture_format_BGRA8888 GL_APPLE_texture_format_BGRA8888 GL_OES_compressed_ETC1_RGB8_texture ANDROID_EMU_CHECKSUM_HELPER_v1 
06-24 11:21:53.250  2555  2570 I GLESSurfaceView: vendor : Google (Intel Inc.)
06-24 11:21:53.250  2555  2570 I GLESSurfaceView: renderer : Android Emulator OpenGL ES Translator (Intel(R) HD Graphics 6000)
06-24 11:21:53.254  2555  2570 I GLESSurfaceView: Compression supported: GL_OES_compressed_paletted_texture
06-24 11:21:53.256  2555  2570 I GLESSurfaceView: Compression supported: GL_OES_compressed_ETC1_RGB8_texture
06-24 11:21:53.268   796  1384 D         : HostConnection::get() New Host Connection established 0xf6bbe280, tid 1384
06-24 11:21:53.443   815   834 I ActivityManager: Displayed android.tests.devicesetup/android.tests.getinfo.DeviceInfoActivity: +534ms
06-24 11:21:53.446  2555  2570 E Surface : getSlotFromBufferLocked: unknown buffer: 0xee2b2700
06-24 11:21:53.563  2555  2574 D         : HostConnection::get() New Host Connection established 0xefda07a0, tid 2574
06-24 11:21:53.717  2555  2574 I GLESSurfaceView: extensions : GL_EXT_debug_marker GL_OES_EGL_image GL_OES_EGL_image_external GL_OES_depth24 GL_OES_depth32 GL_OES_element_index_uint GL_OES_texture_float GL_OES_texture_float_linear GL_OES_compressed_paletted_texture GL_OES_compressed_ETC1_RGB8_texture GL_OES_depth_texture GL_OES_texture_half_float GL_OES_texture_half_float_linear GL_OES_packed_depth_stencil GL_OES_vertex_half_float GL_OES_texture_npotANDROID_EMU_CHECKSUM_HELPER_v1 
06-24 11:21:53.717  2555  2574 I GLESSurfaceView: vendor : Google (Intel Inc.)
06-24 11:21:53.717  2555  2574 I GLESSurfaceView: renderer : Android Emulator OpenGL ES Translator (Intel(R) HD Graphics 6000)
06-24 11:21:53.717  2555  2574 I GLESSurfaceView: Compression supported: GL_OES_compressed_paletted_texture
06-24 11:21:53.718  2555  2574 I GLESSurfaceView: Compression supported: GL_OES_compressed_ETC1_RGB8_texture
06-24 11:21:53.828    96    96 D Genyd   : Received Set Clipboard
06-24 11:21:53.828    96    96 D Genymotion: Received Set Clipboard
06-24 11:21:55.127   815  1049 I ActivityManager: Force stopping android.tests.devicesetup appid=10069 user=0: finished inst
06-24 11:21:55.128   815  1049 I ActivityManager: Killing 2555:android.tests.devicesetup/u0a69 (adj 0): stop android.tests.devicesetup
06-24 11:21:55.177   815   826 I WindowState: WIN DEATH: Window{a464c52 u0 android.tests.devicesetup/android.tests.getinfo.DeviceInfoActivity}
06-24 11:21:55.177   815   826 W WindowManager: Force-removing child win Window{3c6c076 u0 SurfaceView} from container Window{a464c52 u0 android.tests.devicesetup/android.tests.getinfo.DeviceInfoActivity}
06-24 11:21:55.185   815  1206 W WindowManager: Failed looking up window
06-24 11:21:55.185   815  1206 W WindowManager: java.lang.IllegalArgumentException: Requested window android.os.BinderProxy@7776b38 does not exist
06-24 11:21:55.185   815  1206 W WindowManager: 	at com.android.server.wm.WindowManagerService.windowForClientLocked(WindowManagerService.java:8733)
06-24 11:21:55.185   815  1206 W WindowManager: 	at com.android.server.wm.WindowManagerService.windowForClientLocked(WindowManagerService.java:8724)
06-24 11:21:55.185   815  1206 W WindowManager: 	at com.android.server.wm.WindowState$DeathRecipient.binderDied(WindowState.java:1209)
06-24 11:21:55.185   815  1206 W WindowManager: 	at android.os.BinderProxy.sendDeathNotice(Binder.java:558)
06-24 11:21:55.185   815  1206 I WindowState: WIN DEATH: null
06-24 11:21:55.186   815  1049 W ActivityManager: Force removing ActivityRecord{7a0b2f0 u0 android.tests.devicesetup/android.tests.getinfo.DeviceInfoActivity t7}: app died, no saved state
06-24 11:21:55.197   815  1191 W ActivityManager: Spurious death for ProcessRecord{b881677 0:android.tests.devicesetup/u0a69}, curProc for 2555: null
06-24 11:21:55.248  1163  1344 W EGL_emulation: eglSurfaceAttrib not implemented
06-24 11:21:55.248  1163  1344 W OpenGLRenderer: Failed to set EGL_SWAP_BEHAVIOR on surface 0xe793fdc0, error=EGL_SUCCESS
06-24 11:21:55.281   815   950 W InputMethodManagerService: Got RemoteException sending setActive(false) notification to pid 2555 uid 10069
06-24 11:21:55.838  2579  2579 I chatty  : uid=0(root) app_process expire 11 lines
06-24 11:21:55.869  1163  1344 V RenderScript: 0xe82d4000 Launching thread(s), CPUs 4
06-24 11:21:55.932  1163  1344 W OpenGLRenderer: Incorrectly called buildLayer on View: ShortcutAndWidgetContainer, destroying layer...
06-24 11:21:55.932  1163  1344 W OpenGLRenderer: Incorrectly called buildLayer on View: ShortcutAndWidgetContainer, destroying layer...
06-24 11:21:55.974   815   829 I ActivityManager: Force stopping android.tests.devicesetup appid=10069 user=-1: uninstall pkg
06-24 11:21:55.991   815   838 I art     : Starting a blocking GC Explicit
06-24 11:21:56.013   815   838 I art     : Explicit concurrent mark sweep GC freed 16521(1194KB) AllocSpace objects, 6(120KB) LOS objects, 33% free, 6MB/9MB, paused 274us total 20.909ms
06-24 11:21:56.015   815   838 W PackageManager: Couldn't remove dex file for package:  at location /data/app/android.tests.devicesetup-1/base.apk, retcode=-1
06-24 11:21:56.020   815   838 I ActivityManager: Force stopping android.tests.devicesetup appid=10069 user=0: pkg removed
06-24 11:21:56.039  1225  2593 D VoicemailCleanupService: Cleaning up data for package: android.tests.devicesetup
06-24 11:21:56.042   815   849 I InputReader: Reconfiguring input devices.  changes=0x00000010
06-24 11:21:56.055   815  1049 I ActivityManager: Start proc 2599:com.android.keychain/1000 for broadcast com.android.keychain/.KeyChainBroadcastReceiver
06-24 11:21:56.058   815   815 D JobSchedulerService: Receieved: android.intent.action.PACKAGE_REMOVED
06-24 11:21:56.059  1149  1149 D CarrierServiceBindHelper: Receive action: android.intent.action.PACKAGE_REMOVED
06-24 11:21:56.131  2599  2599 W System  : ClassLoader referenced unknown path: /system/app/KeyChain/lib/x86
06-24 11:21:56.144  2599  2599 W ContextImpl: Calling a method in the system process without a qualified user: android.app.ContextImpl.startService:1221 android.content.ContextWrapper.startService:581 android.content.ContextWrapper.startService:581 com.android.keychain.KeyChainBroadcastReceiver.onReceive:12 android.app.ActivityThread.handleReceiver:2725 
06-24 11:21:56.176   815   815 I ActivityManager: Start proc 2615:com.android.documentsui/u0a33 for broadcast com.android.documentsui/.PackageReceiver
06-24 11:21:56.261   815  1191 I ActivityManager: Killing 1704:com.android.managedprovisioning/u0a9 (adj 15): empty #17
06-24 11:21:56.345  2615  2615 W System  : ClassLoader referenced unknown path: /system/app/DocumentsUI/lib/x86
06-24 11:21:56.450   815  1049 I ActivityManager: Start proc 2629:com.android.externalstorage/u0a7 for content provider com.android.externalstorage/.ExternalStorageProvider
06-24 11:21:56.475   815   950 I ActivityManager: Killing 1720:com.android.onetimeinitializer/u0a11 (adj 15): empty #17
06-24 11:21:56.501   815   826 I ActivityManager: Killing 1774:com.android.exchange/u0a35 (adj 15): empty #17
06-24 11:21:56.531  2629  2629 W System  : ClassLoader referenced unknown path: /system/priv-app/ExternalStorageProvider/lib/x86
06-24 11:21:56.534  2629  2629 D ExternalStorage: After updating volumes, found 1 active roots
06-24 11:21:56.543  2615  2628 D Documents: Update found 6 roots in 112ms
06-24 11:21:56.546  2615  2642 D Documents: Update found 6 roots in 10ms
06-24 11:21:56.552  2597  2597 I chatty  : uid=0(root) app_process expire 10 lines
06-24 11:21:56.595   815   950 I ActivityManager: START u0 {act=android.intent.action.MAIN cat=[android.intent.category.LAUNCHER] flg=0x10000000 cmp=com.quanleimu.activity/com.baixing.activity.BXMainActivity} from uid 0 on display 0
06-24 11:21:56.638  1838  1838 I chatty  : uid=10065(com.quanleimu.activity) expire 388 lines
06-24 11:21:56.925  1163  1344 E Surface : getSlotFromBufferLocked: unknown buffer: 0xde3748c0
06-24 11:21:57.022  1838  1863 I chatty  : uid=10065(com.quanleimu.activity) BUGLY_THREAD expire 3 lines
06-24 11:21:57.065  1838  2660 I chatty  : uid=10065(com.quanleimu.activity) expire 17 lines
06-24 11:21:57.117  1838  2681 I chatty  : uid=10065(com.quanleimu.activity) RenderThread expire 17 lines
06-24 11:21:57.144  1539  1539 I chatty  : uid=10065 com.quanleimu.activity:ppd_sdk expire 1 line
06-24 11:21:58.399  2706  2706 I chatty  : uid=0(root) com.quanleimu.activity:remote expire 1 line
06-24 11:21:58.400  2706  2706 I chatty  : uid=10065 com.quanleimu.activity:remote expire 684 lines
06-24 11:21:58.409   815  2578 I ActivityManager: Start proc 2706:com.quanleimu.activity:remote/u0a65 for service com.quanleimu.activity/com.baidu.location.f
06-24 11:21:58.410   815   834 I ActivityManager: Displayed com.quanleimu.activity/com.baixing.activity.BXMainActivity: +1s799ms
06-24 11:21:58.531  2706  2725 I chatty  : uid=10065(com.quanleimu.activity) BUGLY_THREAD expire 16 lines
06-24 11:21:58.749  2706  2724 I chatty  : uid=10065(com.quanleimu.activity) BUGLY_THREAD expire 21 lines
06-24 11:21:58.760  2706  2723 I chatty  : uid=10065(com.quanleimu.activity) BUGLY_THREAD expire 1 line
06-24 11:21:58.866   815   870 D WifiService: New client listening to asynchronous messages
06-24 11:21:58.973  2706  2752 I chatty  : uid=10065 com.quanleimu.activity:remote expire 8 lines
06-24 11:21:59.028  2706  2754 I chatty  : uid=10065 com.quanleimu.activity:remote expire 33 lines
06-24 11:21:59.339  2706  2764 I chatty  : uid=10065(com.quanleimu.activity) AsyncTask #1 expire 36 lines
06-24 11:21:59.537  2706  2765 I chatty  : uid=10065(com.quanleimu.activity) ServiceStartArg expire 7 lines
06-24 11:21:59.901  2706  2716 I chatty  : uid=10065(com.quanleimu.activity) HeapTaskDaemon expire 1 line
06-24 11:22:00.000  2706  2733 I chatty  : uid=10065(com.quanleimu.activity) ProcessingThrea expire 1 line
06-24 11:22:00.555  2783  2783 I chatty  : uid=0(root) app_process expire 50 lines
06-24 11:22:00.648   815   829 W BroadcastQueue: Skipping deliver [background] BroadcastRecord{427f422 u-1 android.net.conn.CONNECTIVITY_CHANGE} to ReceiverList{5b17eb3 2783 (unknown name)/0/u-1 remote:97f5404}: process crashing
06-24 11:22:01.203  2706  2737 I chatty  : uid=10065(com.quanleimu.activity) ModuleDataForwa expire 10 lines
06-24 11:22:02.136  1113  1113 D Utf7ImeService: onKeyDown(): keyCode = 4
06-24 11:22:02.280   815   950 I ActivityManager: Killing 1818:com.android.messaging/u0a56 (adj 15): empty #17
06-24 11:22:02.526  1838  1848 I chatty  : uid=10065(com.quanleimu.activity) HeapTaskDaemon expire 10 lines
06-24 11:22:03.305   815   876 W AudioTrack: AUDIO_OUTPUT_FLAG_FAST denied by client; transfer 4, track 48000 Hz, output 44100 Hz
06-24 11:22:03.306   815  1191 I ActivityManager: START u0 {cmp=com.quanleimu.activity/com.baixing.activity.ActionActivity (has extras)} from uid 10065 on display 0
06-24 11:22:03.499   815   830 W art     : Long monitor contention event with owner method=void com.android.server.am.ActivityManagerService.activityPaused(android.os.IBinder) from ActivityManagerService.java:6439 waiters=1 for 145ms
06-24 11:22:03.499   815   848 I InputDispatcher: Dropping event because there is no touchable window at (832, 452).
06-24 11:22:03.500   815   827 W InputManager: Input event injection from pid 2783 failed.
06-24 11:22:03.506   815  1049 W InputManager: Input event injection from pid 2783 failed.
06-24 11:22:03.540   481   860 D AudioFlinger: mixer(0xf1e80000) throttle end: throttle time(11)
06-24 11:22:03.750  1838  3108 I chatty  : uid=10065(com.quanleimu.activity) Thread-304 expire 1 line
06-24 11:22:03.852  2706  2770 I chatty  : uid=10065(com.quanleimu.activity) mqt_js expire 2 lines
06-24 11:22:03.962  2706  2751 I chatty  : uid=10065(com.quanleimu.activity) negotiationHand expire 1 line
06-24 11:22:03.963   815  1191 W ActivityManager: Unable to start service Intent { act=com.talkingdata.sdk.TDAntiCheatingService cmp=com.quanleimu.activity/com.talkingdata.sdk.TDAntiCheatingService } U=0: not found
06-24 11:22:03.982  2706  3115 I chatty  : uid=10065 com.quanleimu.activity:remote expire 5 lines
06-24 11:22:04.029  2706  3120 I chatty  : uid=10065(com.quanleimu.activity) CookieMonsterCl expire 1 line
06-24 11:22:04.345  1838  3106 I chatty  : uid=10065(com.quanleimu.activity) Chrome_IOThread expire 1 line
06-24 11:22:04.513   815   950 W InputManager: Input event injection from pid 2783 failed.
06-24 11:22:04.542   815  1049 W InputManager: Input event injection from pid 2783 failed.
06-24 11:22:04.799   815   834 I ActivityManager: Displayed com.quanleimu.activity/com.baixing.activity.ActionActivity: +1s447ms
06-24 11:22:04.811  1838  1838 W ViewRootImpl: Dropping event due to no window focus: KeyEvent { action=ACTION_DOWN, keyCode=KEYCODE_BACK, scanCode=0, metaState=0, flags=0x8, repeatCount=0, eventTime=174062, downTime=174062, deviceId=-1, source=0x101 }
06-24 11:22:05.201  1113  1113 D Utf7ImeService: onKeyDown(): keyCode = 4
06-24 11:22:05.229   815  1206 W ActivityManager: Duplicate finish request for ActivityRecord{42b1f9c u0 com.quanleimu.activity/com.baixing.activity.ActionActivity t8 f}
06-24 11:22:05.597  1838  3146 I chatty  : uid=10065(com.quanleimu.activity) GpuThread expire 10 lines
06-24 11:22:06.098  1838  1838 W ViewRootImpl: Dropping event due to no window focus: KeyEvent { action=ACTION_DOWN, keyCode=KEYCODE_BACK, scanCode=0, metaState=0, flags=0x8, repeatCount=0, eventTime=174737, downTime=174737, deviceId=-1, source=0x101 }
06-24 11:22:06.122  1838  1838 W ViewRootImpl: Cancelling event due to no window focus: KeyEvent { action=ACTION_UP, keyCode=KEYCODE_BACK, scanCode=0, metaState=0, flags=0x28, repeatCount=0, eventTime=175399, downTime=175399, deviceId=-1, source=0x101 }
06-24 11:22:06.122  1838  1838 W ViewRootImpl: Cancelling event due to no window focus: KeyEvent { action=ACTION_UP, keyCode=KEYCODE_BACK, scanCode=0, metaState=0, flags=0x28, repeatCount=0, eventTime=175399, downTime=175399, deviceId=-1, source=0x101 }
06-24 11:22:06.122  1838  1838 W ViewRootImpl: Cancelling event due to no window focus: KeyEvent { action=ACTION_UP, keyCode=KEYCODE_BACK, scanCode=0, metaState=0, flags=0x28, repeatCount=0, eventTime=175399, downTime=175399, deviceId=-1, source=0x101 }
06-24 11:22:06.137  1838  1838 W ViewRootImpl: Cancelling event due to no window focus: KeyEvent { action=ACTION_UP, keyCode=KEYCODE_BACK, scanCode=0, metaState=0, flags=0x28, repeatCount=0, eventTime=175399, downTime=175399, deviceId=-1, source=0x101 }
06-24 11:22:06.137  1838  1838 W ViewRootImpl: Cancelling event due to no window focus: KeyEvent { action=ACTION_UP, keyCode=KEYCODE_BACK, scanCode=0, metaState=0, flags=0x28, repeatCount=0, eventTime=175399, downTime=175399, deviceId=-1, source=0x101 }
06-24 11:22:06.137  1838  1838 W ViewRootImpl: Cancelling event due to no window focus: KeyEvent { action=ACTION_UP, keyCode=KEYCODE_BACK, scanCode=0, metaState=0, flags=0x28, repeatCount=0, eventTime=175399, downTime=175399, deviceId=-1, source=0x101 }
06-24 11:22:06.137  1838  1838 W ViewRootImpl: Cancelling event due to no window focus: KeyEvent { action=ACTION_UP, keyCode=KEYCODE_BACK, scanCode=0, metaState=0, flags=0x28, repeatCount=0, eventTime=175399, downTime=175399, deviceId=-1, source=0x101 }
06-24 11:22:06.137  1838  1838 W ViewRootImpl: Cancelling event due to no window focus: KeyEvent { action=ACTION_UP, keyCode=KEYCODE_BACK, scanCode=0, metaState=0, flags=0x28, repeatCount=0, eventTime=175399, downTime=175399, deviceId=-1, source=0x101 }
06-24 11:22:06.137  1838  1838 W ViewRootImpl: Cancelling event due to no window focus: KeyEvent { action=ACTION_UP, keyCode=KEYCODE_BACK, scanCode=0, metaState=0, flags=0x28, repeatCount=0, eventTime=175399, downTime=175399, deviceId=-1, source=0x101 }
06-24 11:22:06.756   815   827 I ActivityManager: START u0 {cmp=com.quanleimu.activity/com.baixing.activity.ActionActivity (has extras)} from uid 10065 on display 0
06-24 11:22:06.766  1838  2673 I chatty  : uid=10065(com.quanleimu.activity) CodelessViewCra expire 8 lines
06-24 11:22:06.801   481   860 D AudioFlinger: mixer(0xf1e80000) throttle end: throttle time(11)
06-24 11:22:06.995  1838  1838 I chatty  : uid=10065(com.quanleimu.activity) expire 68 lines
06-24 11:22:07.016  1539  1574 I chatty  : uid=10065(com.quanleimu.activity) ModuleDataForwa expire 11 lines
06-24 11:22:07.388   815   848 I InputDispatcher: Dropping event because there is no touchable window at (306, 458).
06-24 11:22:07.388   815  1191 W InputManager: Input event injection from pid 2783 failed.
06-24 11:22:07.389   815  1049 W InputManager: Input event injection from pid 2783 failed.
06-24 11:22:07.696  1838  2681 I chatty  : uid=10065(com.quanleimu.activity) RenderThread expire 22 lines
06-24 11:22:07.760  1838  1838 W ViewRootImpl: Dropping event due to no window focus: KeyEvent { action=ACTION_DOWN, keyCode=KEYCODE_BACK, scanCode=0, metaState=0, flags=0x8, repeatCount=0, eventTime=176910, downTime=176910, deviceId=-1, source=0x101 }
06-24 11:22:07.760  1838  1838 W ViewRootImpl: Cancelling event due to no window focus: KeyEvent { action=ACTION_UP, keyCode=KEYCODE_BACK, scanCode=0, metaState=0, flags=0x28, repeatCount=0, eventTime=177077, downTime=177077, deviceId=-1, source=0x101 }
06-24 11:22:07.760  1838  1838 W ViewRootImpl: Cancelling event due to no window focus: KeyEvent { action=ACTION_UP, keyCode=KEYCODE_BACK, scanCode=0, metaState=0, flags=0x28, repeatCount=0, eventTime=177077, downTime=177077, deviceId=-1, source=0x101 }
06-24 11:22:07.760  1838  1838 W ViewRootImpl: Cancelling event due to no window focus: KeyEvent { action=ACTION_UP, keyCode=KEYCODE_BACK, scanCode=0, metaState=0, flags=0x28, repeatCount=0, eventTime=177077, downTime=177077, deviceId=-1, source=0x101 }
06-24 11:22:07.760  1838  1838 W ViewRootImpl: Cancelling event due to no window focus: KeyEvent { action=ACTION_UP, keyCode=KEYCODE_BACK, scanCode=0, metaState=0, flags=0x28, repeatCount=0, eventTime=177077, downTime=177077, deviceId=-1, source=0x101 }
06-24 11:22:07.760  1838  1838 W ViewRootImpl: Cancelling event due to no window focus: KeyEvent { action=ACTION_UP, keyCode=KEYCODE_BACK, scanCode=0, metaState=0, flags=0x28, repeatCount=0, eventTime=177077, downTime=177077, deviceId=-1, source=0x101 }
06-24 11:22:07.760  1838  1838 W ViewRootImpl: Cancelling event due to no window focus: KeyEvent { action=ACTION_UP, keyCode=KEYCODE_BACK, scanCode=0, metaState=0, flags=0x28, repeatCount=0, eventTime=177077, downTime=177077, deviceId=-1, source=0x101 }
06-24 11:22:07.760  1838  1838 W ViewRootImpl: Cancelling event due to no window focus: KeyEvent { action=ACTION_UP, keyCode=KEYCODE_BACK, scanCode=0, metaState=0, flags=0x28, repeatCount=0, eventTime=177077, downTime=177077, deviceId=-1, source=0x101 }
06-24 11:22:07.760  1838  1838 W ViewRootImpl: Cancelling event due to no window focus: KeyEvent { action=ACTION_UP, keyCode=KEYCODE_BACK, scanCode=0, metaState=0, flags=0x28, repeatCount=0, eventTime=177077, downTime=177077, deviceId=-1, source=0x101 }
06-24 11:22:07.760  1838  1838 W ViewRootImpl: Cancelling event due to no window focus: KeyEvent { action=ACTION_UP, keyCode=KEYCODE_BACK, scanCode=0, metaState=0, flags=0x28, repeatCount=0, eventTime=177077, downTime=177077, deviceId=-1, source=0x101 }
06-24 11:22:08.105   815   834 I ActivityManager: Displayed com.quanleimu.activity/com.baixing.activity.ActionActivity: +1s90ms
06-24 11:22:08.933   921   921 D PhoneStatusBar: disable: < expand ICONS* alerts SYSTEM_INFO* back home recent clock search quick_settings >
06-24 11:22:09.054   921  1364 E Surface : getSlotFromBufferLocked: unknown buffer: 0xee2b2e00
06-24 11:22:09.069   921  1364 W EGL_emulation: eglSurfaceAttrib not implemented
06-24 11:22:09.069   921  1364 W OpenGLRenderer: Failed to set EGL_SWAP_BEHAVIOR on surface 0xe92bad80, error=EGL_SUCCESS
06-24 11:22:09.984  2706  2706 I chatty  : uid=10065 com.quanleimu.activity:remote expire 7 lines
06-24 11:22:09.985   815   827 I ActivityManager: Killing 1635:com.android.settings/1000 (adj 15): empty #17
06-24 11:22:10.476   815  1206 W InputMethodManagerService: Window already focused, ignoring focus gain of: com.android.internal.view.IInputMethodClient$Stub$Proxy@8ed5756 attribute=null, token = android.os.BinderProxy@d3f84ef
06-24 11:22:10.521  1113  1113 D Utf7ImeService: onKeyDown(): keyCode = 4
06-24 11:22:10.796  1113  1113 D Utf7ImeService: onKeyDown(): keyCode = 4
06-24 11:22:10.801   815   950 W ActivityManager: Duplicate finish request for ActivityRecord{15726cd u0 com.quanleimu.activity/com.baixing.activity.ActionActivity t8 f}
06-24 11:22:10.899  2783  2783 I chatty  : uid=0(root) app_process expire 25 lines
06-24 11:22:10.949   921   921 D PhoneStatusBar: disable: < expand icons* alerts system_info* back home recent clock search quick_settings >
06-24 11:22:11.062   921  1364 E Surface : getSlotFromBufferLocked: unknown buffer: 0xee2b2310
06-24 11:22:11.082   921  1364 W EGL_emulation: eglSurfaceAttrib not implemented
06-24 11:22:11.082   921  1364 W OpenGLRenderer: Failed to set EGL_SWAP_BEHAVIOR on surface 0xe92bad80, error=EGL_SUCCESS
06-24 11:22:11.120  1113  1113 D Utf7ImeService: onKeyDown(): keyCode = 4
06-24 11:22:11.255   815   950 W ActivityManager: Duplicate finish request for ActivityRecord{15726cd u0 com.quanleimu.activity/com.baixing.activity.ActionActivity t8 f}
06-24 11:22:11.255  1838  1838 W ViewRootImpl: Dropping event due to no window focus: KeyEvent { action=ACTION_DOWN, keyCode=KEYCODE_BACK, scanCode=0, metaState=0, flags=0x8, repeatCount=0, eventTime=180542, downTime=180542, deviceId=-1, source=0x101 }
06-24 11:22:11.256  1838  1838 W ViewRootImpl: Cancelling event due to no window focus: KeyEvent { action=ACTION_UP, keyCode=KEYCODE_BACK, scanCode=0, metaState=0, flags=0x28, repeatCount=0, eventTime=180555, downTime=180555, deviceId=-1, source=0x101 }
06-24 11:22:11.256  1838  1838 W ViewRootImpl: Cancelling event due to no window focus: KeyEvent { action=ACTION_UP, keyCode=KEYCODE_BACK, scanCode=0, metaState=0, flags=0x28, repeatCount=0, eventTime=180555, downTime=180555, deviceId=-1, source=0x101 }
06-24 11:22:11.256  1838  1838 W ViewRootImpl: Cancelling event due to no window focus: KeyEvent { action=ACTION_UP, keyCode=KEYCODE_BACK, scanCode=0, metaState=0, flags=0x28, repeatCount=0, eventTime=180555, downTime=180555, deviceId=-1, source=0x101 }
06-24 11:22:11.256  1838  1838 W ViewRootImpl: Cancelling event due to no window focus: KeyEvent { action=ACTION_UP, keyCode=KEYCODE_BACK, scanCode=0, metaState=0, flags=0x28, repeatCount=0, eventTime=180555, downTime=180555, deviceId=-1, source=0x101 }
06-24 11:22:11.256  1838  1838 W ViewRootImpl: Cancelling event due to no window focus: KeyEvent { action=ACTION_UP, keyCode=KEYCODE_BACK, scanCode=0, metaState=0, flags=0x28, repeatCount=0, eventTime=180555, downTime=180555, deviceId=-1, source=0x101 }
06-24 11:22:11.256  1838  1838 W ViewRootImpl: Cancelling event due to no window focus: KeyEvent { action=ACTION_UP, keyCode=KEYCODE_BACK, scanCode=0, metaState=0, flags=0x28, repeatCount=0, eventTime=180555, downTime=180555, deviceId=-1, source=0x101 }
06-24 11:22:11.256  1838  1838 W ViewRootImpl: Cancelling event due to no window focus: KeyEvent { action=ACTION_UP, keyCode=KEYCODE_BACK, scanCode=0, metaState=0, flags=0x28, repeatCount=0, eventTime=180555, downTime=180555, deviceId=-1, source=0x101 }
06-24 11:22:11.256  1838  1838 W ViewRootImpl: Cancelling event due to no window focus: KeyEvent { action=ACTION_UP, keyCode=KEYCODE_BACK, scanCode=0, metaState=0, flags=0x28, repeatCount=0, eventTime=180555, downTime=180555, deviceId=-1, source=0x101 }
06-24 11:22:11.256  1838  1838 W ViewRootImpl: Cancelling event due to no window focus: KeyEvent { action=ACTION_UP, keyCode=KEYCODE_BACK, scanCode=0, metaState=0, flags=0x28, repeatCount=0, eventTime=180555, downTime=180555, deviceId=-1, source=0x101 }
06-24 11:22:11.258  1838  1838 W ViewRootImpl: Dropping event due to no window focus: KeyEvent { action=ACTION_DOWN, keyCode=KEYCODE_BACK, scanCode=0, metaState=0, flags=0x8, repeatCount=0, eventTime=180673, downTime=180673, deviceId=-1, source=0x101 }
06-24 11:22:11.264  1838  1838 W ViewRootImpl: Cancelling event due to no window focus: KeyEvent { action=ACTION_UP, keyCode=KEYCODE_BACK, scanCode=0, metaState=0, flags=0x28, repeatCount=0, eventTime=180678, downTime=180678, deviceId=-1, source=0x101 }
06-24 11:22:11.264  1838  1838 W ViewRootImpl: Cancelling event due to no window focus: KeyEvent { action=ACTION_UP, keyCode=KEYCODE_BACK, scanCode=0, metaState=0, flags=0x28, repeatCount=0, eventTime=180678, downTime=180678, deviceId=-1, source=0x101 }
06-24 11:22:11.264  1838  1838 W ViewRootImpl: Cancelling event due to no window focus: KeyEvent { action=ACTION_UP, keyCode=KEYCODE_BACK, scanCode=0, metaState=0, flags=0x28, repeatCount=0, eventTime=180678, downTime=180678, deviceId=-1, source=0x101 }
06-24 11:22:11.265  1838  1838 W ViewRootImpl: Cancelling event due to no window focus: KeyEvent { action=ACTION_UP, keyCode=KEYCODE_BACK, scanCode=0, metaState=0, flags=0x28, repeatCount=0, eventTime=180678, downTime=180678, deviceId=-1, source=0x101 }
06-24 11:22:11.265  1838  1838 W ViewRootImpl: Cancelling event due to no window focus: KeyEvent { action=ACTION_UP, keyCode=KEYCODE_BACK, scanCode=0, metaState=0, flags=0x28, repeatCount=0, eventTime=180678, downTime=180678, deviceId=-1, source=0x101 }
06-24 11:22:11.265  1838  1838 W ViewRootImpl: Cancelling event due to no window focus: KeyEvent { action=ACTION_UP, keyCode=KEYCODE_BACK, scanCode=0, metaState=0, flags=0x28, repeatCount=0, eventTime=180678, downTime=180678, deviceId=-1, source=0x101 }
06-24 11:22:11.265  1838  1838 W ViewRootImpl: Cancelling event due to no window focus: KeyEvent { action=ACTION_UP, keyCode=KEYCODE_BACK, scanCode=0, metaState=0, flags=0x28, repeatCount=0, eventTime=180678, downTime=180678, deviceId=-1, source=0x101 }
06-24 11:22:11.265  1838  1838 W ViewRootImpl: Cancelling event due to no window focus: KeyEvent { action=ACTION_UP, keyCode=KEYCODE_BACK, scanCode=0, metaState=0, flags=0x28, repeatCount=0, eventTime=180678, downTime=180678, deviceId=-1, source=0x101 }
06-24 11:22:11.265  1838  1838 W ViewRootImpl: Cancelling event due to no window focus: KeyEvent { action=ACTION_UP, keyCode=KEYCODE_BACK, scanCode=0, metaState=0, flags=0x28, repeatCount=0, eventTime=180678, downTime=180678, deviceId=-1, source=0x101 }
06-24 11:22:12.494  1113  1113 D Utf7ImeService: onKeyDown(): keyCode = 4
06-24 11:22:14.862   815  2578 I ActivityManager: START u0 {cmp=com.quanleimu.activity/com.baixing.activity.SearchActivity (has extras)} from uid 10065 on display 0
06-24 11:22:15.173   815  1206 E DatabaseUtils: Writing exception to parcel
06-24 11:22:15.173   815  1206 E DatabaseUtils: java.lang.SecurityException: com.quanleimu.activity was not granted  this permission: android.permission.WRITE_SETTINGS.
06-24 11:22:15.173   815  1206 E DatabaseUtils: 	at android.provider.Settings.isCallingPackageAllowedToPerformAppOpsProtectedOperation(Settings.java:8478)
06-24 11:22:15.173   815  1206 E DatabaseUtils: 	at android.provider.Settings.checkAndNoteWriteSettingsOperation(Settings.java:8351)
06-24 11:22:15.173   815  1206 E DatabaseUtils: 	at com.android.providers.settings.SettingsProvider.mutateSystemSetting(SettingsProvider.java:899)
06-24 11:22:15.173   815  1206 E DatabaseUtils: 	at com.android.providers.settings.SettingsProvider.insertSystemSetting(SettingsProvider.java:874)
06-24 11:22:15.173   815  1206 E DatabaseUtils: 	at com.android.providers.settings.SettingsProvider.call(SettingsProvider.java:257)
06-24 11:22:15.173   815  1206 E DatabaseUtils: 	at android.content.ContentProvider$Transport.call(ContentProvider.java:398)
06-24 11:22:15.173   815  1206 E DatabaseUtils: 	at android.content.ContentProviderNative.onTransact(ContentProviderNative.java:283)
06-24 11:22:15.173   815  1206 E DatabaseUtils: 	at android.os.Binder.execTransact(Binder.java:453)
06-24 11:22:15.377   815  1191 W ActivityManager: Unable to start service Intent { cmp=com.quanleimu.activity/com.iflytek.common.LaunchService } U=0: not found
06-24 11:22:15.383  1838  3553 I chatty  : uid=10065(com.quanleimu.activity) expire 2 lines
06-24 11:22:15.400  1838  3555 I chatty  : uid=10065(com.quanleimu.activity) expire 1 line
06-24 11:22:15.456   815  1191 W ActivityManager: Unable to start service Intent { cmp=com.quanleimu.activity/com.iflytek.common.LaunchService } U=0: not found
06-24 11:22:15.508  1838  1838 W ViewRootImpl: Dropping event due to no window focus: KeyEvent { action=ACTION_DOWN, keyCode=KEYCODE_BACK, scanCode=0, metaState=0, flags=0x8, repeatCount=0, eventTime=184390, downTime=184390, deviceId=-1, source=0x101 }
06-24 11:22:15.511  1838  1838 W ViewRootImpl: Cancelling event due to no window focus: KeyEvent { action=ACTION_UP, keyCode=KEYCODE_BACK, scanCode=0, metaState=0, flags=0x28, repeatCount=0, eventTime=184850, downTime=184850, deviceId=-1, source=0x101 }
06-24 11:22:15.512  1838  1838 W ViewRootImpl: Cancelling event due to no window focus: KeyEvent { action=ACTION_UP, keyCode=KEYCODE_BACK, scanCode=0, metaState=0, flags=0x28, repeatCount=0, eventTime=184850, downTime=184850, deviceId=-1, source=0x101 }
06-24 11:22:15.512  1838  1838 W ViewRootImpl: Cancelling event due to no window focus: KeyEvent { action=ACTION_UP, keyCode=KEYCODE_BACK, scanCode=0, metaState=0, flags=0x28, repeatCount=0, eventTime=184850, downTime=184850, deviceId=-1, source=0x101 }
06-24 11:22:15.512  1838  1838 W ViewRootImpl: Cancelling event due to no window focus: KeyEvent { action=ACTION_UP, keyCode=KEYCODE_BACK, scanCode=0, metaState=0, flags=0x28, repeatCount=0, eventTime=184850, downTime=184850, deviceId=-1, source=0x101 }
06-24 11:22:15.515  1838  1838 W ViewRootImpl: Cancelling event due to no window focus: KeyEvent { action=ACTION_UP, keyCode=KEYCODE_BACK, scanCode=0, metaState=0, flags=0x28, repeatCount=0, eventTime=184850, downTime=184850, deviceId=-1, source=0x101 }
06-24 11:22:15.515  1838  1838 W ViewRootImpl: Cancelling event due to no window focus: KeyEvent { action=ACTION_UP, keyCode=KEYCODE_BACK, scanCode=0, metaState=0, flags=0x28, repeatCount=0, eventTime=184850, downTime=184850, deviceId=-1, source=0x101 }
06-24 11:22:15.515  1838  1838 W ViewRootImpl: Cancelling event due to no window focus: KeyEvent { action=ACTION_UP, keyCode=KEYCODE_BACK, scanCode=0, metaState=0, flags=0x28, repeatCount=0, eventTime=184850, downTime=184850, deviceId=-1, source=0x101 }
06-24 11:22:15.515  1838  1838 W ViewRootImpl: Cancelling event due to no window focus: KeyEvent { action=ACTION_UP, keyCode=KEYCODE_BACK, scanCode=0, metaState=0, flags=0x28, repeatCount=0, eventTime=184850, downTime=184850, deviceId=-1, source=0x101 }
06-24 11:22:15.515  1838  1838 W ViewRootImpl: Cancelling event due to no window focus: KeyEvent { action=ACTION_UP, keyCode=KEYCODE_BACK, scanCode=0, metaState=0, flags=0x28, repeatCount=0, eventTime=184850, downTime=184850, deviceId=-1, source=0x101 }
06-24 11:22:15.712   815   834 I ActivityManager: Displayed com.quanleimu.activity/com.baixing.activity.SearchActivity: +773ms
06-24 11:22:16.638  1113  1113 D Utf7ImeService: onKeyDown(): keyCode = 4
06-24 11:22:16.740   815   848 I InputDispatcher: Dropping event because there is no touchable window at (1215, 595).
06-24 11:22:16.740   815   827 W InputManager: Input event injection from pid 2783 failed.
06-24 11:22:16.742   815   826 W InputManager: Input event injection from pid 2783 failed.
06-24 11:22:16.963  2783  2783 D MonkeyStub: translateCommand: touch down 1332 1594
06-24 11:22:16.974  2783  2783 D MonkeyStub: translateCommand: touch move 1332 1594
06-24 11:22:17.068   815  1049 I ActivityManager: START u0 {cmp=com.quanleimu.activity/com.baixing.activity.ActionActivity (has extras)} from uid 10065 on display 0
06-24 11:22:17.404  1987  1987 I chatty  : uid=10065 com.quanleimu.activity:ipc expire 3 lines
06-24 11:22:17.615   815   834 I ActivityManager: Displayed com.quanleimu.activity/com.baixing.activity.ActionActivity: +483ms
06-24 11:22:17.835  1838  1838 I chatty  : uid=10065(com.quanleimu.activity) expire 57 lines
06-24 11:22:17.986  2783  2783 D MonkeyStub: translateCommand: touch move 1252 1382
06-24 11:22:17.998  2783  2783 D MonkeyStub: translateCommand: touch up 1252 1382
06-24 11:22:18.103  2783  2783 D MonkeyStub: translateCommand: tap 1146 2269
06-24 11:22:18.211  2783  2783 D MonkeyStub: translateCommand: tap 881 1323
06-24 11:22:18.318  2783  2783 D MonkeyStub: translateCommand: press KEYCODE_BACK
06-24 11:22:18.399  1113  1113 D Utf7ImeService: onKeyDown(): keyCode = 4
06-24 11:22:18.431   815   950 I ActivityManager: START u0 {cmp=com.quanleimu.activity/com.baixing.activity.GeneralAdListActivity (has extras)} from uid 10065 on display 0
06-24 11:22:18.432   815   950 W ActivityManager: startActivity called from finishing ActivityRecord{47e9978 u0 com.quanleimu.activity/com.baixing.activity.ActionActivity t8 f}; forcing Intent.FLAG_ACTIVITY_NEW_TASK for: Intent { cmp=com.quanleimu.activity/com.baixing.activity.GeneralAdListActivity (has extras) }
06-24 11:22:18.437  2783  2783 D MonkeyStub: translateCommand: press KEYCODE_BACK
06-24 11:22:18.735  1838  1897 I chatty  : uid=10065(com.quanleimu.activity) ProcessingThrea expire 10 lines
06-24 11:22:18.914  1838  2681 I chatty  : uid=10065(com.quanleimu.activity) RenderThread expire 16 lines
06-24 11:22:18.951  1838  1838 W ViewRootImpl: Dropping event due to no window focus: KeyEvent { action=ACTION_DOWN, keyCode=KEYCODE_BACK, scanCode=0, metaState=0, flags=0x8, repeatCount=0, eventTime=187855, downTime=187855, deviceId=-1, source=0x101 }
06-24 11:22:18.952  1838  1838 W ViewRootImpl: Cancelling event due to no window focus: KeyEvent { action=ACTION_UP, keyCode=KEYCODE_BACK, scanCode=0, metaState=0, flags=0x28, repeatCount=0, eventTime=188304, downTime=188304, deviceId=-1, source=0x101 }
06-24 11:22:18.952  1838  1838 W ViewRootImpl: Cancelling event due to no window focus: KeyEvent { action=ACTION_UP, keyCode=KEYCODE_BACK, scanCode=0, metaState=0, flags=0x28, repeatCount=0, eventTime=188304, downTime=188304, deviceId=-1, source=0x101 }
06-24 11:22:18.952  1838  1838 W ViewRootImpl: Cancelling event due to no window focus: KeyEvent { action=ACTION_UP, keyCode=KEYCODE_BACK, scanCode=0, metaState=0, flags=0x28, repeatCount=0, eventTime=188304, downTime=188304, deviceId=-1, source=0x101 }
06-24 11:22:18.952  1838  1838 W ViewRootImpl: Cancelling event due to no window focus: KeyEvent { action=ACTION_UP, keyCode=KEYCODE_BACK, scanCode=0, metaState=0, flags=0x28, repeatCount=0, eventTime=188304, downTime=188304, deviceId=-1, source=0x101 }
06-24 11:22:18.952  2783  2783 D MonkeyStub: translateCommand: tap 977 2055
06-24 11:22:18.952  1838  1838 W ViewRootImpl: Cancelling event due to no window focus: KeyEvent { action=ACTION_UP, keyCode=KEYCODE_BACK, scanCode=0, metaState=0, flags=0x28, repeatCount=0, eventTime=188304, downTime=188304, deviceId=-1, source=0x101 }
06-24 11:22:18.952  1838  1838 W ViewRootImpl: Cancelling event due to no window focus: KeyEvent { action=ACTION_UP, keyCode=KEYCODE_BACK, scanCode=0, metaState=0, flags=0x28, repeatCount=0, eventTime=188304, downTime=188304, deviceId=-1, source=0x101 }
06-24 11:22:18.952  1838  1838 W ViewRootImpl: Cancelling event due to no window focus: KeyEvent { action=ACTION_UP, keyCode=KEYCODE_BACK, scanCode=0, metaState=0, flags=0x28, repeatCount=0, eventTime=188304, downTime=188304, deviceId=-1, source=0x101 }
06-24 11:22:18.952  1838  1838 W ViewRootImpl: Cancelling event due to no window focus: KeyEvent { action=ACTION_UP, keyCode=KEYCODE_BACK, scanCode=0, metaState=0, flags=0x28, repeatCount=0, eventTime=188304, downTime=188304, deviceId=-1, source=0x101 }
06-24 11:22:18.952  1838  1838 W ViewRootImpl: Cancelling event due to no window focus: KeyEvent { action=ACTION_UP, keyCode=KEYCODE_BACK, scanCode=0, metaState=0, flags=0x28, repeatCount=0, eventTime=188304, downTime=188304, deviceId=-1, source=0x101 }
06-24 11:22:19.059  2783  2783 D MonkeyStub: translateCommand: tap 817 2123
06-24 11:22:19.065   815   876 W AudioTrack: AUDIO_OUTPUT_FLAG_FAST denied by client; transfer 4, track 48000 Hz, output 44100 Hz
06-24 11:22:19.153   815   834 I ActivityManager: Displayed com.quanleimu.activity/com.baixing.activity.GeneralAdListActivity: +591ms
06-24 11:22:19.171  2783  2783 D MonkeyStub: translateCommand: tap 944 599
06-24 11:22:19.281  2783  2783 D MonkeyStub: translateCommand: press KEYCODE_BACK
06-24 11:22:19.355  1113  1113 D Utf7ImeService: onKeyDown(): keyCode = 4
06-24 11:22:19.393  2783  2783 D MonkeyStub: translateCommand: tap 1117 340
06-24 11:22:19.418   815   848 I InputDispatcher: Dropping event because there is no touchable window at (1117, 340).
06-24 11:22:19.418   815   827 W InputManager: Input event injection from pid 2783 failed.
06-24 11:22:19.420   815  1049 W InputManager: Input event injection from pid 2783 failed.
06-24 11:22:19.506  2783  2783 D MonkeyStub: translateCommand: press KEYCODE_BACK
06-24 11:22:19.791  1838  1838 W ViewRootImpl: Dropping event due to no window focus: KeyEvent { action=ACTION_DOWN, keyCode=KEYCODE_BACK, scanCode=0, metaState=0, flags=0x8, repeatCount=0, eventTime=188923, downTime=188923, deviceId=-1, source=0x101 }
06-24 11:22:19.795  2783  2783 D MonkeyStub: translateCommand: tap 35 1369
06-24 11:22:19.796  1838  1838 W ViewRootImpl: Cancelling event due to no window focus: KeyEvent { action=ACTION_UP, keyCode=KEYCODE_BACK, scanCode=0, metaState=0, flags=0x28, repeatCount=0, eventTime=189134, downTime=189134, deviceId=-1, source=0x101 }
06-24 11:22:19.796  1838  1838 W ViewRootImpl: Cancelling event due to no window focus: KeyEvent { action=ACTION_UP, keyCode=KEYCODE_BACK, scanCode=0, metaState=0, flags=0x28, repeatCount=0, eventTime=189134, downTime=189134, deviceId=-1, source=0x101 }
06-24 11:22:19.796  1838  1838 W ViewRootImpl: Cancelling event due to no window focus: KeyEvent { action=ACTION_UP, keyCode=KEYCODE_BACK, scanCode=0, metaState=0, flags=0x28, repeatCount=0, eventTime=189134, downTime=189134, deviceId=-1, source=0x101 }
06-24 11:22:19.797  1838  1838 W ViewRootImpl: Cancelling event due to no window focus: KeyEvent { action=ACTION_UP, keyCode=KEYCODE_BACK, scanCode=0, metaState=0, flags=0x28, repeatCount=0, eventTime=189134, downTime=189134, deviceId=-1, source=0x101 }
06-24 11:22:19.797  1838  1838 W ViewRootImpl: Cancelling event due to no window focus: KeyEvent { action=ACTION_UP, keyCode=KEYCODE_BACK, scanCode=0, metaState=0, flags=0x28, repeatCount=0, eventTime=189134, downTime=189134, deviceId=-1, source=0x101 }
06-24 11:22:19.797  1838  1838 W ViewRootImpl: Cancelling event due to no window focus: KeyEvent { action=ACTION_UP, keyCode=KEYCODE_BACK, scanCode=0, metaState=0, flags=0x28, repeatCount=0, eventTime=189134, downTime=189134, deviceId=-1, source=0x101 }
06-24 11:22:19.798  1838  1838 W ViewRootImpl: Cancelling event due to no window focus: KeyEvent { action=ACTION_UP, keyCode=KEYCODE_BACK, scanCode=0, metaState=0, flags=0x28, repeatCount=0, eventTime=189134, downTime=189134, deviceId=-1, source=0x101 }
06-24 11:22:19.800  1838  1838 W ViewRootImpl: Cancelling event due to no window focus: KeyEvent { action=ACTION_UP, keyCode=KEYCODE_BACK, scanCode=0, metaState=0, flags=0x28, repeatCount=0, eventTime=189134, downTime=189134, deviceId=-1, source=0x101 }
06-24 11:22:19.800  1838  1838 W ViewRootImpl: Cancelling event due to no window focus: KeyEvent { action=ACTION_UP, keyCode=KEYCODE_BACK, scanCode=0, metaState=0, flags=0x28, repeatCount=0, eventTime=189134, downTime=189134, deviceId=-1, source=0x101 }
06-24 11:22:19.904  2783  2783 D MonkeyStub: translateCommand: press KEYCODE_BACK
06-24 11:22:20.318  1838  1838 W ViewRootImpl: Dropping event due to no window focus: KeyEvent { action=ACTION_DOWN, keyCode=KEYCODE_BACK, scanCode=0, metaState=0, flags=0x8, repeatCount=0, eventTime=189322, downTime=189322, deviceId=-1, source=0x101 }
06-24 11:22:20.320  2783  2783 D MonkeyStub: translateCommand: touch down 1016 1542
06-24 11:22:20.322  1838  1838 W ViewRootImpl: Cancelling event due to no window focus: KeyEvent { action=ACTION_UP, keyCode=KEYCODE_BACK, scanCode=0, metaState=0, flags=0x28, repeatCount=0, eventTime=189323, downTime=189323, deviceId=-1, source=0x101 }
06-24 11:22:20.327  1838  1838 W ViewRootImpl: Cancelling event due to no window focus: KeyEvent { action=ACTION_UP, keyCode=KEYCODE_BACK, scanCode=0, metaState=0, flags=0x28, repeatCount=0, eventTime=189323, downTime=189323, deviceId=-1, source=0x101 }
06-24 11:22:20.327  1838  1838 W ViewRootImpl: Cancelling event due to no window focus: KeyEvent { action=ACTION_UP, keyCode=KEYCODE_BACK, scanCode=0, metaState=0, flags=0x28, repeatCount=0, eventTime=189323, downTime=189323, deviceId=-1, source=0x101 }
06-24 11:22:20.328  2783  2783 D MonkeyStub: translateCommand: touch move 1016 1542
06-24 11:22:20.329  1838  1838 W ViewRootImpl: Cancelling event due to no window focus: KeyEvent { action=ACTION_UP, keyCode=KEYCODE_BACK, scanCode=0, metaState=0, flags=0x28, repeatCount=0, eventTime=189323, downTime=189323, deviceId=-1, source=0x101 }
06-24 11:22:20.329  1838  1838 W ViewRootImpl: Cancelling event due to no window focus: KeyEvent { action=ACTION_UP, keyCode=KEYCODE_BACK, scanCode=0, metaState=0, flags=0x28, repeatCount=0, eventTime=189323, downTime=189323, deviceId=-1, source=0x101 }
06-24 11:22:20.329  1838  1838 W ViewRootImpl: Cancelling event due to no window focus: KeyEvent { action=ACTION_UP, keyCode=KEYCODE_BACK, scanCode=0, metaState=0, flags=0x28, repeatCount=0, eventTime=189323, downTime=189323, deviceId=-1, source=0x101 }
06-24 11:22:20.329  1838  1838 W ViewRootImpl: Cancelling event due to no window focus: KeyEvent { action=ACTION_UP, keyCode=KEYCODE_BACK, scanCode=0, metaState=0, flags=0x28, repeatCount=0, eventTime=189323, downTime=189323, deviceId=-1, source=0x101 }
06-24 11:22:20.329  1838  1838 W ViewRootImpl: Cancelling event due to no window focus: KeyEvent { action=ACTION_UP, keyCode=KEYCODE_BACK, scanCode=0, metaState=0, flags=0x28, repeatCount=0, eventTime=189323, downTime=189323, deviceId=-1, source=0x101 }
06-24 11:22:20.329  1838  1838 W ViewRootImpl: Cancelling event due to no window focus: KeyEvent { action=ACTION_UP, keyCode=KEYCODE_BACK, scanCode=0, metaState=0, flags=0x28, repeatCount=0, eventTime=189323, downTime=189323, deviceId=-1, source=0x101 }
06-24 11:22:20.406   815   876 W AudioTrack: AUDIO_OUTPUT_FLAG_FAST denied by client; transfer 4, track 48000 Hz, output 44100 Hz
06-24 11:22:20.408   815  1049 I ActivityManager: START u0 {cmp=com.quanleimu.activity/com.baixing.activity.ActionActivity (has extras)} from uid 10065 on display 0
06-24 11:22:20.854   815  1206 W WindowManager: Force-removing child win Window{997b16d u0 PopupWindow:cdb1327} from container Window{f20b7c1 u0 com.quanleimu.activity/com.baixing.activity.GeneralAdListActivity}
06-24 11:22:20.988   815   826 W WindowManager: Failed looking up window
06-24 11:22:20.988   815   826 W WindowManager: java.lang.IllegalArgumentException: Requested window android.os.BinderProxy@2f4b584 does not exist
06-24 11:22:20.988   815   826 W WindowManager: 	at com.android.server.wm.WindowManagerService.windowForClientLocked(WindowManagerService.java:8733)
06-24 11:22:20.988   815   826 W WindowManager: 	at com.android.server.wm.WindowManagerService.windowForClientLocked(WindowManagerService.java:8724)
06-24 11:22:20.988   815   826 W WindowManager: 	at com.android.server.wm.WindowManagerService.removeWindow(WindowManagerService.java:2697)
06-24 11:22:20.988   815   826 W WindowManager: 	at com.android.server.wm.Session.remove(Session.java:187)
06-24 11:22:20.988   815   826 W WindowManager: 	at android.view.IWindowSession$Stub.onTransact(IWindowSession.java:242)
06-24 11:22:20.988   815   826 W WindowManager: 	at com.android.server.wm.Session.onTransact(Session.java:130)
06-24 11:22:20.988   815   826 W WindowManager: 	at android.os.Binder.execTransact(Binder.java:453)
06-24 11:22:21.209   815   834 I ActivityManager: Displayed com.quanleimu.activity/com.baixing.activity.ActionActivity: +624ms
06-24 11:22:21.335  2783  2783 D MonkeyStub: translateCommand: touch move 1021 1521
06-24 11:22:21.343  2783  2783 D MonkeyStub: translateCommand: touch up 1021 1521
06-24 11:22:21.453  2783  2783 D MonkeyStub: translateCommand: touch down 1401 1991
06-24 11:22:21.463  2783  2783 D MonkeyStub: translateCommand: touch move 1401 1991
06-24 11:22:22.476  2783  2783 D MonkeyStub: translateCommand: touch move 1440 1991
06-24 11:22:22.479  2783  2783 D MonkeyStub: translateCommand: touch up 1440 1991
06-24 11:22:22.582  2783  2783 D MonkeyStub: Quit requested
06-24 11:22:22.660  2783  2783 I art     : System.exit called, status: 124
06-24 11:22:22.660  2783  2783 I AndroidRuntime: VM exiting with result code 124.
06-24 11:22:22.684   815   950 W WindowManager: Attempted to remove non-existing token: android.os.Binder@29fac70
06-24 11:22:22.767  3772  3772 D         : HostConnection::get() New Host Connection established 0xf661c250, tid 3772
