--------- beginning of system
06-24 11:19:11.318    83    83 I vold    : Vold 3.0 (the awakening) firing up
06-24 11:19:11.318    83    83 V vold    : Detected support for: ext4 vfat
--------- beginning of main
06-24 11:19:11.936    97    97 I genybaseband: run_main_looper start
06-24 11:19:11.948   110   110 I chatty  : uid=1000(system) /system/bin/gatekeeperd expire 2 lines
06-24 11:19:11.962   107   107 I keystore: SELinux: Keystore SELinux is disabled.
06-24 11:19:12.069    99    99 I chatty  : uid=0(root) /system/bin/netd expire 21 lines
06-24 11:19:12.114   111   111 I chatty  : uid=0(root) /system/xbin/perfprofd expire 3 lines
06-24 11:19:12.224   132   132 I chatty  : uid=0(root) /system/bin/dhcptool expire 61 lines
06-24 11:19:12.232    96    96 D Genyd   : Connected to genybaseband
06-24 11:19:12.232    96    96 I Genyd   : Genyd running
06-24 11:19:12.831   109   109 I chatty  : uid=0(root) expire 46 lines
06-24 11:19:12.851   347   347 I chatty  : uid=0(root) /system/bin/vinput_seamless expire 1 line
06-24 11:19:12.854   348   348 D local_opengl: Starting local_opengl
06-24 11:19:12.854   348   348 D local_opengl: Getting player version
06-24 11:19:12.857   341   341 I chatty  : uid=0(root) /system/bin/lmkd expire 2 lines
06-24 11:19:12.953   345   345 I chatty  : uid=1000(system) /system/bin/surfaceflinger expire 12 lines
--------- beginning of crash
06-24 11:19:13.007   345   345 F libc    : Fatal signal 6 (SIGABRT), code -6 in tid 345 (surfaceflinger)
06-24 11:19:13.043   105   105 I mediaserver: ServiceManager: 0xf618ca40
06-24 11:19:13.043   105   105 I AudioFlinger: Using default 3000 mSec as standby time.
06-24 11:19:13.052   105   105 E         : batterystats service unavailable!
06-24 11:19:13.052   105   105 E         : batterystats service unavailable!
06-24 11:19:13.054   105   105 I CameraService: CameraService started (pid=105)
06-24 11:19:13.054   105   105 I CameraService: CameraService process starting
06-24 11:19:13.054   105   105 E         : batterystats service unavailable!
06-24 11:19:13.059   105   105 E         : batterystats service unavailable!
06-24 11:19:13.062   100   100 F DEBUG   : *** *** *** *** *** *** *** *** *** *** *** *** *** *** *** ***
06-24 11:19:13.062   100   100 F DEBUG   : Build fingerprint: 'Android/vbox86p/vbox86p:6.0/MRA58K/genymotion08241314:userdebug/test-keys'
06-24 11:19:13.062   100   100 F DEBUG   : Revision: '0'
06-24 11:19:13.062   100   100 F DEBUG   : ABI: 'x86'
06-24 11:19:13.062   100   100 F DEBUG   : pid: 345, tid: 345, name: surfaceflinger  >>> /system/bin/surfaceflinger <<<
06-24 11:19:13.062   100   100 F DEBUG   : signal 6 (SIGABRT), code -6 (SI_TKILL), fault addr --------
06-24 11:19:13.063   100   100 F DEBUG   :     eax 00000000  ebx 00000159  ecx 00000159  edx 00000006
06-24 11:19:13.063   100   100 F DEBUG   :     esi f76fdc50  edi 00000002
06-24 11:19:13.063   100   100 F DEBUG   :     xcs 00000023  xds 0000002b  xes 0000002b  xfs 00000003  xss 0000002b
06-24 11:19:13.063   100   100 F DEBUG   :     eip f7441e66  ebp 00000159  esp ffd2c7e0  flags 00000206
06-24 11:19:13.076   100   100 F DEBUG   : 
06-24 11:19:13.076   100   100 F DEBUG   : backtrace:
06-24 11:19:13.076   100   100 F DEBUG   :     #00 pc 00083e66  /system/lib/libc.so (tgkill+22)
06-24 11:19:13.076   100   100 F DEBUG   :     #01 pc 00081348  /system/lib/libc.so (pthread_kill+70)
06-24 11:19:13.076   100   100 F DEBUG   :     #02 pc 00027205  /system/lib/libc.so (raise+36)
06-24 11:19:13.076   100   100 F DEBUG   :     #03 pc 000209e4  /system/lib/libc.so (abort+80)
06-24 11:19:13.076   100   100 F DEBUG   :     #04 pc 0003730b  /system/lib/libsurfaceflinger.so
06-24 11:19:13.076   100   100 F DEBUG   :     #05 pc 000247d7  /system/lib/libsurfaceflinger.so (android::SurfaceFlinger::init()+199)
06-24 11:19:13.076   100   100 F DEBUG   :     #06 pc 00000d59  /system/bin/surfaceflinger
06-24 11:19:13.076   100   100 F DEBUG   :     #07 pc 00016ebc  /system/lib/libc.so (__libc_init+99)
06-24 11:19:13.076   100   100 F DEBUG   :     #08 pc 00000bc0  /system/bin/surfaceflinger
06-24 11:19:13.100   100   100 F DEBUG   : 
06-24 11:19:13.100   100   100 F DEBUG   : Tombstone written to: /data/tombstones/tombstone_01
06-24 11:19:13.105   342   342 I chatty  : uid=1000(system) /system/bin/servicemanager expire 3 lines
06-24 11:19:14.116   480   480 I chatty  : uid=0(root) /system/bin/netd expire 23 lines
06-24 11:19:14.199   481   481 I mediaserver: ServiceManager: 0xf61cca40
06-24 11:19:14.199   481   481 I AudioFlinger: Using default 3000 mSec as standby time.
06-24 11:19:14.199   481   481 E         : batterystats service unavailable!
06-24 11:19:14.199   481   481 E         : batterystats service unavailable!
06-24 11:19:14.199   481   481 I CameraService: CameraService started (pid=481)
06-24 11:19:14.199   481   481 I CameraService: CameraService process starting
06-24 11:19:14.199   481   481 E         : batterystats service unavailable!
06-24 11:19:14.199   481   481 E         : batterystats service unavailable!
06-24 11:19:14.336   481   481 V EmulatedCamera_GenyCamera: Initialize:
06-24 11:19:14.336   481   481 V EmulatedCamera_GenyCamera:    initializing back camera on local srv port 24801
06-24 11:19:14.336   481   481 V EmulatedCamera_GenyDevice: Initialize: Connected to the emulated camera service 'back'
06-24 11:19:14.336   481   481 V EmulatedCamera_Device: initializeWhiteBalanceModes with auto, 1.000000, 1.000000
06-24 11:19:14.336   481   481 V EmulatedCamera_Device: initializeWhiteBalanceModes with incandescent, 1.380000, 0.600000
06-24 11:19:14.336   481   481 V EmulatedCamera_Device: initializeWhiteBalanceModes with daylight, 1.090000, 0.920000
06-24 11:19:14.336   481   481 V EmulatedCamera_Device: initializeWhiteBalanceModes with twilight, 0.920000, 1.220000
06-24 11:19:14.336   481   481 V EmulatedCamera_Device: setWhiteBalanceMode with white balance auto
06-24 11:19:14.336   481   481 V EmulatedCamera_GenyCamera: getCameraOrientation: camera orientation set to 90
06-24 11:19:14.336   481   481 V EmulatedCamera_GenyCamera: Initialize: Geny camera back is initialized. Current frame is 640x480
06-24 11:19:14.336   481   481 V EmulatedCamera_GenyCamera: Initialize:
06-24 11:19:14.336   481   481 V EmulatedCamera_GenyCamera:    initializing front camera on local srv port 24811
06-24 11:19:14.336   481   481 V EmulatedCamera_GenyDevice: Initialize: Connected to the emulated camera service 'front'
06-24 11:19:14.336   481   481 V EmulatedCamera_Device: initializeWhiteBalanceModes with auto, 1.000000, 1.000000
06-24 11:19:14.336   481   481 V EmulatedCamera_Device: initializeWhiteBalanceModes with incandescent, 1.380000, 0.600000
06-24 11:19:14.336   481   481 V EmulatedCamera_Device: initializeWhiteBalanceModes with daylight, 1.090000, 0.920000
06-24 11:19:14.336   481   481 V EmulatedCamera_Device: initializeWhiteBalanceModes with twilight, 0.920000, 1.220000
06-24 11:19:14.336   481   481 V EmulatedCamera_Device: setWhiteBalanceMode with white balance auto
06-24 11:19:14.336   481   481 V EmulatedCamera_GenyCamera: getCameraOrientation: camera orientation set to 90
06-24 11:19:14.336   481   481 V EmulatedCamera_GenyCamera: Initialize: Geny camera front is initialized. Current frame is 640x480
06-24 11:19:14.336   481   481 I CameraService: Loaded "Emulated Camera Module" camera module
06-24 11:19:14.336   481   481 V EmulatedCamera_Camera: getCameraInfo
06-24 11:19:14.336   481   481 V EmulatedCamera_BaseCamera: getCameraInfo
06-24 11:19:14.336   481   481 I CameraFlashlight: Opening camera 0
06-24 11:19:14.336   481   481 V EmulatedCamera_Camera: getCameraInfo
06-24 11:19:14.336   481   481 V EmulatedCamera_BaseCamera: getCameraInfo
06-24 11:19:14.336   481   481 V EmulatedCamera_Camera: connectCamera
06-24 11:19:14.336   481   481 V EmulatedCamera_GenyDevice: connectDevice
06-24 11:19:14.341   482   482 I chatty  : uid=0(root) main expire 600 lines
06-24 11:19:14.768    96    96 D Genyd   : Received Get Capabilities
06-24 11:19:14.790    96    96 D Genyd   : Received Get GenymotionVersion
06-24 11:19:14.790    96    96 D Genymotion: Received Get GenymotionVersion
06-24 11:19:15.446   480   791 I chatty  : uid=0(root) /system/bin/netd expire 2 lines
06-24 11:19:15.764   481   481 V EmulatedCamera_GenyDevice: connectDevice: Connected to device 'back'
06-24 11:19:15.764   481   481 V EmulatedCamera_CallbackNotifier: setCallbacks: 0xf7651577, 0xf7651e2c, 0xf7651d04, 0xf76522d9 (0xf61d99c0)
06-24 11:19:15.764   481   481 I ServiceManager: Waiting for service SurfaceFlinger...
06-24 11:19:16.323    96    96 D Genyd   : Received Set Clipboard
06-24 11:19:16.323    96    96 D Genymotion: Received Set Clipboard
06-24 11:19:16.324    96    96 D Genyd   : Received Set TokenValidity
06-24 11:19:16.324    96    96 D Genymotion: Received Set TokenValidity 0
06-24 11:19:16.767   481   481 I ServiceManager: Waiting for service SurfaceFlinger...
06-24 11:19:17.009   482   600 I chatty  : uid=0(root) main expire 2 lines
06-24 11:19:17.013   795   795 I chatty  : uid=1000(system) expire 1 line
06-24 11:19:17.130   796   796 I chatty  : uid=1000(system) /system/bin/surfaceflinger expire 30 lines
06-24 11:19:17.692   807   810 D libEGL  : loaded /system/lib/egl/libEGL_emulation.so
06-24 11:19:17.692   807   810 D libEGL  : loaded /system/lib/egl/libGLESv1_CM_emulation.so
06-24 11:19:17.699   807   810 D libEGL  : loaded /system/lib/egl/libGLESv2_emulation.so
06-24 11:19:17.710   807   810 D         : HostConnection::get() New Host Connection established 0xf630a0f0, tid 810
06-24 11:19:17.768   481   481 V EmulatedCamera_Preview: setPreviewWindow: current: 0x0 -> new: 0xf61d99d0
06-24 11:19:17.768   481   481 V EmulatedCamera_GenyCamera: setParameters: overriding parent method, params: exposure-compensation=0;exposure-compensation-step=0.5;flash-mode=off;focal-length=4.31;focus-mode=fixed;focus-mode-values=fixed;horizontal-view-angle=54.8;jpeg-quality=90;jpeg-thumbnail-height=384;jpeg-thumbnail-quality=90;jpeg-thumbnail-size-values=320x240,0x0;jpeg-thumbnail-width=512;max-exposure-compensation=6;min-exposure-compensation=-6;picture-format=jpeg;picture-format-values=jpeg;picture-size=640x480;picture-size-values=640x480,352x288,320x240,176x144;preview-format=yuv420sp;preview-format-values=yuv420sp,yuv420p,rgba8888;preview-fps-range=5000,30000;preview-fps-range-values=(5000,30000);preview-frame-rate=24;preview-frame-rate-values=30,25,24,20,15,10,5;preview-size=640x480;preview-size-values=640x480,352x288,320x240,176x144;prop-facing=back;prop-orientation=90;vertical-view-angle=42.5;video-frame-format=yuv420p;whitebalance=auto;whitebalance-values=auto,incandescent,daylight,twilight
06-24 11:19:17.768   481   481 V EmulatedCamera_Camera: setParameters
06-24 11:19:17.768   481   481 D EmulatedCamera_Camera: +++ New parameter: flash-mode=off
06-24 11:19:17.768   481   481 V EmulatedCamera_Camera: doStopPreview
06-24 11:19:17.768   481   481 V EmulatedCamera_Preview: setPreviewWindow: current: 0xf61d99d0 -> new: 0x0
06-24 11:19:17.768   481   481 V EmulatedCamera_Camera: releaseCamera
06-24 11:19:17.768   481   481 V EmulatedCamera_Camera: doStopPreview
06-24 11:19:17.768   481   481 V EmulatedCamera_GenyDevice: disconnectDevice
06-24 11:19:17.769   481   481 V EmulatedCamera_GenyDevice: disconnectDevice: Disonnected from device 'back'
06-24 11:19:17.769   481   481 I CameraFlashlight: Destroying camera 0
06-24 11:19:17.769   481   481 V EmulatedCamera_Camera: closeCamera
06-24 11:19:17.769   481   481 V EmulatedCamera_Camera: doStopPreview
06-24 11:19:17.769   481   481 V EmulatedCamera_Camera: getCameraInfo
06-24 11:19:17.770   481   481 V EmulatedCamera_BaseCamera: getCameraInfo
06-24 11:19:17.770   481   481 I CameraFlashlight: Opening camera 1
06-24 11:19:17.770   481   481 V EmulatedCamera_Camera: getCameraInfo
06-24 11:19:17.770   481   481 V EmulatedCamera_BaseCamera: getCameraInfo
06-24 11:19:17.770   481   481 V EmulatedCamera_Camera: connectCamera
06-24 11:19:17.770   481   481 V EmulatedCamera_GenyDevice: connectDevice
06-24 11:19:17.771   481   481 V EmulatedCamera_GenyDevice: connectDevice: Connected to device 'front'
06-24 11:19:17.771   481   481 V EmulatedCamera_CallbackNotifier: setCallbacks: 0xf7651577, 0xf7651e2c, 0xf7651d04, 0xf76522d9 (0xf61d99c0)
06-24 11:19:17.771   481   481 V EmulatedCamera_Preview: setPreviewWindow: current: 0x0 -> new: 0xf61d99d0
06-24 11:19:17.771   481   481 V EmulatedCamera_GenyCamera: setParameters: overriding parent method, params: exposure-compensation=0;exposure-compensation-step=0.5;flash-mode=off;focal-length=4.31;focus-mode=fixed;focus-mode-values=fixed;horizontal-view-angle=54.8;jpeg-quality=90;jpeg-thumbnail-height=384;jpeg-thumbnail-quality=90;jpeg-thumbnail-size-values=320x240,0x0;jpeg-thumbnail-width=512;max-exposure-compensation=6;min-exposure-compensation=-6;picture-format=jpeg;picture-format-values=jpeg;picture-size=640x480;picture-size-values=640x480,352x288,320x240,176x144;preview-format=yuv420sp;preview-format-values=yuv420sp,yuv420p,rgba8888;preview-fps-range=5000,30000;preview-fps-range-values=(5000,30000);preview-frame-rate=24;preview-frame-rate-values=30,25,24,20,15,10,5;preview-size=640x480;preview-size-values=640x480,352x288,320x240,176x144;prop-facing=front;prop-orientation=90;vertical-view-angle=42.5;video-frame-format=yuv420p;whitebalance=auto;whitebalance-values=auto,incandescent,daylight,twilight
06-24 11:19:17.771   481   481 V EmulatedCamera_Camera: setParameters
06-24 11:19:17.771   481   481 D EmulatedCamera_Camera: +++ New parameter: flash-mode=off
06-24 11:19:17.771   481   481 V EmulatedCamera_Camera: doStopPreview
06-24 11:19:17.771   481   481 V EmulatedCamera_Preview: setPreviewWindow: current: 0xf61d99d0 -> new: 0x0
06-24 11:19:17.771   481   481 V EmulatedCamera_Camera: releaseCamera
06-24 11:19:17.771   481   481 V EmulatedCamera_Camera: doStopPreview
06-24 11:19:17.771   481   481 V EmulatedCamera_GenyDevice: disconnectDevice
06-24 11:19:17.772   481   481 V EmulatedCamera_GenyDevice: disconnectDevice: Disonnected from device 'front'
06-24 11:19:17.772   481   481 I CameraFlashlight: Destroying camera 1
06-24 11:19:17.773   481   481 V EmulatedCamera_Camera: closeCamera
06-24 11:19:17.773   481   481 V EmulatedCamera_Camera: doStopPreview
06-24 11:19:17.773   481   481 V EmulatedCamera_Camera: getCameraInfo
06-24 11:19:17.773   481   481 V EmulatedCamera_BaseCamera: getCameraInfo
06-24 11:19:17.773   481   481 V EmulatedCamera_Camera: getCameraInfo
06-24 11:19:17.773   481   481 V EmulatedCamera_BaseCamera: getCameraInfo
06-24 11:19:17.773   481   481 I ServiceManager: Waiting for service media.camera.proxy...
06-24 11:19:17.790   796   799 I chatty  : uid=1000(system) Binder_2 expire 1 line
06-24 11:19:17.925   796   812 I chatty  : uid=1000(system) Binder_3 expire 2 lines
06-24 11:19:18.220   815   815 I InstallerConnection: connecting...
06-24 11:19:18.223   106   106 I chatty  : uid=0(root) /system/bin/installd expire 6 lines
06-24 11:19:18.258   815   815 I InstallerConnection: disconnecting...
06-24 11:19:18.368   815   815 I SystemServer: Entered the Android system server!
06-24 11:19:18.471   815   815 I SystemServiceManager: Starting com.android.server.pm.Installer
06-24 11:19:18.494   815   815 I Installer: Waiting for installd to be ready.
06-24 11:19:18.494   815   815 I InstallerConnection: connecting...
06-24 11:19:18.494   815   815 I SystemServiceManager: Starting com.android.server.am.ActivityManagerService$Lifecycle
06-24 11:19:18.557   815   815 I ActivityManager: Memory class: 96
06-24 11:19:18.562   815   829 I ServiceThread: Enabled StrictMode logging for ActivityManager looper.
06-24 11:19:18.566   815   830 I ServiceThread: Enabled StrictMode logging for android.ui looper.
06-24 11:19:18.611   815   815 D BatteryStatsImpl: Reading daily items from /data/system/batterystats-daily.xml
06-24 11:19:18.711   815   815 I IntentFirewall: Read new rules (A:0 B:0 S:0)
06-24 11:19:18.723   815   834 I ServiceThread: Enabled StrictMode logging for android.display looper.
06-24 11:19:18.726   815   815 D AppOps  : AppOpsService published
06-24 11:19:18.726   815   815 I SystemServiceManager: Starting com.android.server.power.PowerManagerService
06-24 11:19:18.733   815   836 I ServiceThread: Enabled StrictMode logging for PowerManagerService looper.
06-24 11:19:18.747   815   815 I chatty  : uid=1000 system_server expire 35 lines
06-24 11:19:18.748   815   815 I SystemServiceManager: Starting com.android.server.lights.LightsService
06-24 11:19:18.755   815   815 I SystemServiceManager: Starting com.android.server.display.DisplayManagerService
06-24 11:19:18.773   481   481 I ServiceManager: Waiting for service media.camera.proxy...
06-24 11:19:18.775   815   815 I SystemServiceManager: Starting phase 100
06-24 11:19:18.790   815   834 I DisplayManagerService: Display device added: DisplayDeviceInfo{"Built-in Screen": uniqueId="local:0", 1440 x 2560, modeId 1, defaultModeId 1, supportedModes [{id=1, width=1440, height=2560, fps=60.000004}], density 560, 560.0 x 560.0 dpi, appVsyncOff 0, presDeadline 17666666, touch INTERNAL, rotation 0, type BUILT_IN, state UNKNOWN, FLAG_DEFAULT_DISPLAY, FLAG_ROTATES_WITH_CONTENT, FLAG_SECURE, FLAG_SUPPORTS_PROTECTED_BUFFERS}
06-24 11:19:18.790   815   815 I SystemServer: Package Manager
06-24 11:19:18.790   815   834 I DisplayManagerService: Display device changed state: "Built-in Screen", ON
06-24 11:19:18.845   815   815 W SystemConfig: No directory /system/etc/sysconfig, skipping
06-24 11:19:18.916   815   815 D SELinuxMMAC: Using policy file /system/etc/security/mac_permissions.xml
06-24 11:19:18.978   815   825 I chatty  : uid=1000(system) HeapTaskDaemon expire 4 lines
06-24 11:19:19.024   815   815 W PackageManager: Library not found: /system/framework/org.apache.http.legacy.jar
06-24 11:19:19.194   815   815 W PackageManager: Failed to parse /system/framework/oat: Missing base APK in /system/framework/oat
06-24 11:19:19.194   815   815 W PackageManager: Failed to parse /system/framework/x86: Missing base APK in /system/framework/x86
06-24 11:19:19.305   815   815 W PackageParser: No actions in intent filter at /system/priv-app/Contacts/Contacts.apk Binary XML file line #388
06-24 11:19:19.396   815   815 W PackageParser: No actions in intent filter at /system/priv-app/Dialer/Dialer.apk Binary XML file line #172
06-24 11:19:19.430   815   815 W PackageManager: Permission android.permission.DOWNLOAD_WITHOUT_NOTIFICATION from package com.android.providers.downloads in an unknown group android.permission-group.NETWORK
06-24 11:19:19.678   815   815 W PackageParser: Ignoring duplicate uses-permissions/uses-permissions-sdk-m: android.permission.USE_CREDENTIALS in package: com.android.settings at: Binary XML file line #55
06-24 11:19:19.678   815   815 W PackageParser: Ignoring duplicate uses-permissions/uses-permissions-sdk-m: android.permission.READ_SYNC_SETTINGS in package: com.android.settings at: Binary XML file line #60
06-24 11:19:19.678   815   815 W PackageParser: Ignoring duplicate uses-permissions/uses-permissions-sdk-m: android.permission.WRITE_SYNC_SETTINGS in package: com.android.settings at: Binary XML file line #61
06-24 11:19:19.757   815   815 W PackageParser: Ignoring duplicate uses-permissions/uses-permissions-sdk-m: android.permission.INSTALL_GRANT_RUNTIME_PERMISSIONS in package: com.android.shell at: Binary XML file line #101
06-24 11:19:19.774   481   481 I ServiceManager: Waiting for service media.camera.proxy...
06-24 11:19:19.826   815   815 W PackageParser: Ignoring duplicate uses-permissions/uses-permissions-sdk-m: android.permission.CONFIGURE_WIFI_DISPLAY in package: com.android.systemui at: Binary XML file line #119
06-24 11:19:20.056   815   815 W PackageParser: Ignoring duplicate uses-permissions/uses-permissions-sdk-m: android.permission.READ_CONTACTS in package: com.android.bluetooth at: Binary XML file line #57
06-24 11:19:20.056   815   815 W PackageParser: No actions in intent filter at /system/app/Bluetooth/Bluetooth.apk Binary XML file line #207
06-24 11:19:20.483   815   815 W PackageParser: Ignoring duplicate uses-permissions/uses-permissions-sdk-m: android.permission.WRITE_CONTACTS in package: com.android.email at: Binary XML file line #40
06-24 11:19:20.579   815   815 W PackageParser: Unknown element under <application>: permission at /system/app/Gallery2/Gallery2.apk Binary XML file line #244
06-24 11:19:20.579   815   815 W PackageParser: Unknown element under <application>: permission at /system/app/Gallery2/Gallery2.apk Binary XML file line #247
06-24 11:19:20.777   481   481 I ServiceManager: Waiting for service media.camera.proxy...
06-24 11:19:21.137   815   815 W PackageParser: No actions in intent filter at /data/app/ApiDemos/ApiDemos.apk Binary XML file line #3082
06-24 11:19:21.137   815   815 W PackageParser: No actions in intent filter at /data/app/ApiDemos/ApiDemos.apk Binary XML file line #3088
06-24 11:19:21.138   815   815 W PackageManager: Package com.example.android.apis desires unavailable shared library com.example.will.never.exist; ignoring!
06-24 11:19:21.174   815   815 I PackageParser: xdf.android_unlock: compat added android.permission.WRITE_EXTERNAL_STORAGE android.permission.READ_PHONE_STATE
06-24 11:19:21.215   815   815 I PackageParser: io.appium.settings: compat added android.permission.WRITE_EXTERNAL_STORAGE
06-24 11:19:21.280   815   815 W PackageParser: Ignoring duplicate uses-permissions/uses-permissions-sdk-m: android.permission.INTERNET in package: com.macaca.android.testing at: Binary XML file line #15
06-24 11:19:21.390   815   815 W PackageParser: No actions in intent filter at /data/app/com.quanleimu.activity-1/base.apk Binary XML file line #147
06-24 11:19:21.747   815   815 W PackageParser: Unknown element under <manifest>: meta-data at /data/app/com.gotokeep.keep-1/base.apk Binary XML file line #54
06-24 11:19:21.779   481   481 I ServiceManager: Waiting for service media.camera.proxy...
06-24 11:19:22.140   815   815 W PackageManager: Package com.android.gallery3d desires unavailable shared library com.google.android.media.effects; ignoring!
06-24 11:19:22.140   815   815 W PackageManager: Package com.android.gallery3d desires unavailable shared library com.google.android.media.effects; ignoring!
06-24 11:19:22.140   815   815 W PackageManager: Package com.example.android.apis desires unavailable shared library com.example.will.never.exist; ignoring!
06-24 11:19:22.140   815   815 I PackageManager: Adjusting ABI for : com.android.keychain to x86
06-24 11:19:22.145   815   815 I PackageManager: Adjusting ABI for : com.android.inputdevices to x86
06-24 11:19:22.145   815   815 I PackageManager: Adjusting ABI for : com.android.server.telecom to x86
06-24 11:19:22.145   815   815 I PackageManager: Adjusting ABI for : com.android.settings to x86
06-24 11:19:22.145   815   815 I PackageManager: Adjusting ABI for : com.android.location.fused to x86
06-24 11:19:22.145   815   815 I PackageManager: Adjusting ABI for : com.android.providers.settings to x86
06-24 11:19:22.149   815   815 I PackageManager: Time to scan packages: 3.154 seconds
06-24 11:19:22.149   815   815 W PackageManager: Not granting permission android.permission.UPDATE_DEVICE_STATS to package io.appium.settings (protectionLevel=18 flags=0x18008446)
06-24 11:19:22.149   815   815 W PackageManager: Not granting permission android.permission.MODIFY_PHONE_STATE to package io.appium.settings (protectionLevel=18 flags=0x18008446)
06-24 11:19:22.150   815   815 W PackageManager: Not granting permission android.permission.WRITE_SECURE_SETTINGS to package io.appium.settings (protectionLevel=50 flags=0x18008446)
06-24 11:19:22.150   815   815 W PackageManager: Not granting permission android.permission.ACCESS_MOCK_LOCATION to package io.appium.settings (protectionLevel=2 flags=0x18008446)
06-24 11:19:22.150   815   815 W PackageManager: Unknown permission com.google.android.googleapps.permission.GOOGLE_AUTH in package com.android.providers.calendar
06-24 11:19:22.150   815   815 W PackageManager: Unknown permission com.google.android.googleapps.permission.GOOGLE_AUTH.cl in package com.android.providers.calendar
06-24 11:19:22.150   815   815 W PackageManager: Not granting permission android.permission.WRITE_CONTACTS to package com.quanleimu.activity because it was previously installed without
06-24 11:19:22.150   815   815 W PackageManager: Not granting permission android.permission.READ_CONTACTS to package com.quanleimu.activity because it was previously installed without
06-24 11:19:22.150   815   815 W PackageManager: Not granting permission android.permission.READ_CALL_LOG to package com.quanleimu.activity because it was previously installed without
06-24 11:19:22.150   815   815 W PackageManager: Not granting permission android.permission.CAMERA to package com.quanleimu.activity because it was previously installed without
06-24 11:19:22.150   815   815 W PackageManager: Not granting permission android.permission.RECEIVE_SMS to package com.quanleimu.activity because it was previously installed without
06-24 11:19:22.150   815   815 W PackageManager: Not granting permission android.permission.READ_SMS to package com.quanleimu.activity because it was previously installed without
06-24 11:19:22.150   815   815 W PackageManager: Unknown permission com.android.launcher.permission.READ_SETTINGS in package com.quanleimu.activity
06-24 11:19:22.150   815   815 W PackageManager: Not granting permission android.permission.ACCESS_FINE_LOCATION to package com.quanleimu.activity because it was previously installed without
06-24 11:19:22.150   815   815 W PackageManager: Not granting permission android.permission.ACCESS_COARSE_LOCATION to package com.quanleimu.activity because it was previously installed without
06-24 11:19:22.150   815   815 W PackageManager: Not granting permission android.permission.READ_PHONE_STATE to package com.quanleimu.activity because it was previously installed without
06-24 11:19:22.150   815   815 W PackageManager: Not granting permission android.permission.READ_LOGS to package com.quanleimu.activity (protectionLevel=50 flags=0x3858be44)
06-24 11:19:22.150   815   815 W PackageManager: Not granting permission android.permission.READ_EXTERNAL_STORAGE to package com.quanleimu.activity because it was previously installed without
06-24 11:19:22.150   815   815 W PackageManager: Not granting permission android.permission.WRITE_EXTERNAL_STORAGE to package com.quanleimu.activity because it was previously installed without
06-24 11:19:22.150   815   815 W PackageManager: Not granting permission android.permission.RECORD_AUDIO to package com.quanleimu.activity because it was previously installed without
06-24 11:19:22.150   815   815 W PackageManager: Unknown permission android.permission.RECEIVE_USER_PRESENT in package com.quanleimu.activity
06-24 11:19:22.150   815   815 W PackageManager: Unknown permission com.xiaomi.permission.AUTH_SERVICE in package com.quanleimu.activity
06-24 11:19:22.150   815   815 W PackageManager: Not granting permission android.permission.GET_ACCOUNTS to package com.quanleimu.activity because it was previously installed without
06-24 11:19:22.150   815   815 W PackageManager: Not granting permission android.permission.MOUNT_UNMOUNT_FILESYSTEMS to package com.quanleimu.activity (protectionLevel=18 flags=0x3858be44)
06-24 11:19:22.150   815   815 W PackageManager: Not granting permission android.permission.GLOBAL_SEARCH to package com.android.quicksearchbox (protectionLevel=18 flags=0x3808be45)
06-24 11:19:22.151   815   815 W PackageManager: Not granting permission android.permission.ACCESS_DOWNLOAD_MANAGER to package com.android.browser (protectionLevel=18 flags=0x3809be45)
06-24 11:19:22.151   815   815 W PackageManager: Not granting permission android.permission.SEND_DOWNLOAD_COMPLETED_INTENTS to package com.android.browser (protectionLevel=2 flags=0x3809be45)
06-24 11:19:22.151   815   815 W PackageManager: Not granting permission android.permission.BIND_WALLPAPER to package com.android.camera2 (protectionLevel=18 flags=0x3058bc45)
06-24 11:19:22.151   815   815 W PackageManager: Unknown permission com.android.launcher.permission.READ_SETTINGS in package com.android.launcher3
06-24 11:19:22.151   815   815 W PackageManager: Unknown permission com.android.launcher.permission.WRITE_SETTINGS in package com.android.launcher3
06-24 11:19:22.151   815   815 W PackageManager: Unknown permission com.google.android.googleapps.permission.GOOGLE_AUTH.mail in package com.android.calendar
06-24 11:19:22.151   815   815 W PackageManager: Not granting permission android.permission.WRITE_EXTERNAL_STORAGE to package com.macaca.android.testing because it was previously installed without
06-24 11:19:22.151   815   815 W PackageManager: Not granting permission android.permission.READ_EXTERNAL_STORAGE to package com.macaca.android.testing because it was previously installed without
06-24 11:19:22.151   815   815 W PackageManager: Not granting permission android.permission.ACCESS_COARSE_LOCATION to package com.macaca.android.testing because it was previously installed without
06-24 11:19:22.151   815   815 W PackageManager: Not granting permission android.permission.READ_PHONE_STATE to package com.macaca.android.testing because it was previously installed without
06-24 11:19:22.151   815   815 W PackageManager: Not granting permission android.permission.GET_ACCOUNTS to package com.macaca.android.testing because it was previously installed without
06-24 11:19:22.151   815   815 W PackageManager: Not granting permission android.permission.ACCESS_FINE_LOCATION to package com.macaca.android.testing because it was previously installed without
06-24 11:19:22.151   815   815 W PackageManager: Not granting permission android.permission.MOUNT_UNMOUNT_FILESYSTEMS to package com.macaca.android.testing (protectionLevel=18 flags=0x3808be46)
06-24 11:19:22.151   815   815 W PackageManager: Unknown permission com.android.launcher.permission.READ_SETTINGS in package com.android.onetimeinitializer
06-24 11:19:22.151   815   815 W PackageManager: Unknown permission com.android.launcher.permission.WRITE_SETTINGS in package com.android.onetimeinitializer
06-24 11:19:22.151   815   815 W PackageManager: Not granting permission android.permission.DELETE_PACKAGES to package com.svox.pico (protectionLevel=18 flags=0x3808be45)
06-24 11:19:22.151   815   815 W PackageManager: Not granting permission android.permission.READ_CONTACTS to package com.example.android.apis because it was previously installed without
06-24 11:19:22.151   815   815 W PackageManager: Not granting permission android.permission.WRITE_CONTACTS to package com.example.android.apis because it was previously installed without
06-24 11:19:22.151   815   815 W PackageManager: Not granting permission android.permission.ACCESS_COARSE_LOCATION to package com.example.android.apis because it was previously installed without
06-24 11:19:22.151   815   815 W PackageManager: Not granting permission android.permission.WRITE_EXTERNAL_STORAGE to package com.example.android.apis because it was previously installed without
06-24 11:19:22.151   815   815 W PackageManager: Not granting permission android.permission.SEND_SMS to package com.example.android.apis because it was previously installed without
06-24 11:19:22.151   815   815 W PackageManager: Not granting permission android.permission.RECEIVE_SMS to package com.example.android.apis because it was previously installed without
06-24 11:19:22.151   815   815 W PackageManager: Not granting permission android.permission.RECEIVE_MMS to package com.example.android.apis because it was previously installed without
06-24 11:19:22.151   815   815 W PackageManager: Not granting permission android.permission.READ_SMS to package com.example.android.apis because it was previously installed without
06-24 11:19:22.151   815   815 W PackageManager: Not granting permission android.permission.READ_PHONE_STATE to package com.example.android.apis because it was previously installed without
06-24 11:19:22.151   815   815 W PackageManager: Not granting permission android.permission.RECORD_AUDIO to package com.example.android.apis because it was previously installed without
06-24 11:19:22.151   815   815 W PackageManager: Not granting permission android.permission.CAMERA to package com.example.android.apis because it was previously installed without
06-24 11:19:22.151   815   815 W PackageManager: Not granting permission android.permission.READ_EXTERNAL_STORAGE to package com.example.android.apis because it was previously installed without
06-24 11:19:22.151   815   815 W PackageManager: Unknown permission android.permission.ACCESS_GPS in package com.gotokeep.keep
06-24 11:19:22.151   815   815 W PackageManager: Not granting permission android.permission.READ_LOGS to package com.gotokeep.keep (protectionLevel=50 flags=0x38583e44)
06-24 11:19:22.151   815   815 W PackageManager: Unknown permission com.android.launcher.permission.READ_SETTINGS in package com.gotokeep.keep
06-24 11:19:22.151   815   815 W PackageManager: Unknown permission android.permission.RECEIVE_USER_PRESENT in package com.gotokeep.keep
06-24 11:19:22.151   815   815 W PackageManager: Not granting permission android.permission.MOUNT_UNMOUNT_FILESYSTEMS to package com.gotokeep.keep (protectionLevel=18 flags=0x38583e44)
06-24 11:19:22.151   815   815 W PackageManager: Not granting permission android.permission.CHANGE_CONFIGURATION to package com.gotokeep.keep (protectionLevel=50 flags=0x38583e44)
06-24 11:19:22.151   815   815 W PackageManager: Unknown permission com.google.android.gallery3d.permission.PICASA_STORE in package com.android.dreams.phototable
06-24 11:19:22.151   815   815 W PackageManager: Unknown permission android.permission.ACCESS_SUPERUSER in package com.amaze.filemanager
06-24 11:19:22.151   815   815 W PackageManager: Unknown permission com.google.android.googleapps.permission.GOOGLE_AUTH in package com.android.settings
06-24 11:19:22.151   815   815 W PackageManager: Unknown permission com.android.launcher.permission.READ_SETTINGS in package com.android.settings
06-24 11:19:22.151   815   815 W PackageManager: Unknown permission com.android.launcher.permission.WRITE_SETTINGS in package com.android.settings
06-24 11:19:22.152   815   815 W PackageManager: Unknown permission com.google.android.gallery3d.permission.GALLERY_PROVIDER in package com.android.bluetooth
06-24 11:19:22.152   815   815 W PackageManager: Unknown permission com.google.android.googleapps.permission.ACCESS_GOOGLE_PASSWORD in package com.android.development
06-24 11:19:22.152   815   815 W PackageManager: Unknown permission com.google.android.googleapps.permission.GOOGLE_AUTH in package com.android.development
06-24 11:19:22.152   815   815 W PackageManager: Unknown permission com.google.android.googleapps.permission.GOOGLE_AUTH.ALL_SERVICES in package com.android.development
06-24 11:19:22.152   815   815 W PackageManager: Unknown permission com.google.android.googleapps.permission.GOOGLE_AUTH.YouTubeUser in package com.android.development
06-24 11:19:22.188   815   815 I SystemServer: User Service
06-24 11:19:22.222   815   815 I SystemServiceManager: Starting com.android.server.BatteryService
06-24 11:19:22.223   815   840 I chatty  : uid=1000(system) SensorEventAckR expire 1 line
06-24 11:19:22.223   815   841 I chatty  : uid=1000(system) SensorService expire 1 line
06-24 11:19:22.229   815   815 I SystemServiceManager: Starting com.android.server.usage.UsageStatsService
06-24 11:19:22.230   815   831 I chatty  : uid=1000(system) android.fg expire 1 line
06-24 11:19:22.232   815   831 I BatteryStatsImpl: Resetting battery stats: level=97 status=3 dischargeLevel=97 lowAmount=0 highAmount=0
06-24 11:19:22.256   815   815 I SystemServiceManager: Starting com.android.server.webkit.WebViewUpdateService
06-24 11:19:22.264   815   815 I SystemServer: Reading configuration...
06-24 11:19:22.264   815   815 I SystemServer: Scheduling Policy
06-24 11:19:22.265   815   815 I SystemServiceManager: Starting com.android.server.telecom.TelecomLoaderService
06-24 11:19:22.268   815   815 I SystemServer: Telephony Registry
06-24 11:19:22.279   815   815 I SystemServer: Entropy Mixer
06-24 11:19:22.282   815   815 I EntropyMixer: Writing entropy...
06-24 11:19:22.287   815   815 I SystemServer: Camera Service
06-24 11:19:22.288   815   815 I SystemServiceManager: Starting com.android.server.camera.CameraService
06-24 11:19:22.302   815   842 I ServiceThread: Enabled StrictMode logging for CameraService_proxy looper.
06-24 11:19:22.303   815   815 I SystemServer: Account Manager
06-24 11:19:22.308   815   815 I SystemServer: Content Manager
06-24 11:19:22.316   815   815 I SystemServer: System Content Providers
06-24 11:19:22.350   815   815 I SystemServer: Vibrator Service
06-24 11:19:22.352   815   815 I SystemServer: Consumer IR Service
06-24 11:19:22.352   815   815 I SystemServiceManager: Starting com.android.server.AlarmManagerService
06-24 11:19:22.372   815   815 I SystemServer: Init Watchdog
06-24 11:19:22.372   815   815 I SystemServer: Input Manager
06-24 11:19:22.372   815   815 I InputManager: Initializing input manager, mUseDevInputEventForAudioJack=false
06-24 11:19:22.396   815   815 I SystemServer: Window Manager
06-24 11:19:22.453   815   834 I WindowManager: No existing display settings /data/system/display_settings.xml; starting empty
06-24 11:19:22.535   815   815 I InputManager: Starting input manager
06-24 11:19:22.539   815   815 I SystemServer: No Bluetooh Service (emulator)
06-24 11:19:22.539   815   815 I SystemServer: Input Method Service
06-24 11:19:22.552   815   849 I chatty  : uid=1000(system) InputReader expire 23 lines
06-24 11:19:22.632   815   815 I SystemServer: Accessibility Manager
06-24 11:19:22.642   815   815 I ActivityManager: Config changes=1df8 {1.0 ?mcc?mnc en_US ldltr sw411dp w411dp h731dp 560dpi nrml long port ?uimode ?night -touch -keyb/v/h -nav/h s.2}
06-24 11:19:22.651   815   815 I ActivityManager: Config changes=500 {1.0 ?mcc?mnc en_US ldltr sw411dp w411dp h659dp 560dpi nrml port ?uimode ?night -touch -keyb/v/h -nav/h s.3}
06-24 11:19:22.655   815   815 I SystemServiceManager: Starting com.android.server.MountService$Lifecycle
06-24 11:19:22.667   815   815 I SystemServiceManager: Starting com.android.server.UiModeManagerService
06-24 11:19:22.668   815   850 D MountService: Thinking about reset, mSystemReady=false, mDaemonConnected=true
06-24 11:19:22.669   815   850 D MountService: Thinking about reset, mSystemReady=false, mDaemonConnected=true
06-24 11:19:22.669   815   815 I ActivityManager: Config changes=200 {1.0 ?mcc?mnc en_US ldltr sw411dp w411dp h659dp 560dpi nrml port -touch -keyb/v/h -nav/h s.4}
06-24 11:19:22.670   815   850 D CryptdConnector: SND -> {1 cryptfs getfield SystemLocale}
06-24 11:19:22.671    83   102 I Ext4Crypt: ext4 crypto complete called on /data
06-24 11:19:22.671    83   102 I Ext4Crypt: No master key, so not ext4enc
06-24 11:19:22.671   815   852 D CryptdConnector: RCV <- {200 1 -1}
06-24 11:19:22.673   815   815 W PackageManager: No disk maintenance in 365387673; running immediately
06-24 11:19:22.673   815   815 I SystemServer: LockSettingsService
06-24 11:19:22.674   815   850 W MountService: No primary storage mounted!
06-24 11:19:22.674   815   850 D VoldConnector: SND -> {1 asec list}
06-24 11:19:22.676   815   815 I SystemServiceManager: Starting com.android.server.DeviceIdleController
06-24 11:19:22.677   815   815 I SystemServiceManager: Starting com.android.server.devicepolicy.DevicePolicyManagerService$Lifecycle
06-24 11:19:22.684   815   815 I SystemServer: Status Bar
06-24 11:19:22.690   815   828 I UsageStatsService: User[0] Rollover scheduled @ 2017-06-23 20:00:00(1498262400000)
06-24 11:19:22.690   815   828 I UsageStatsService: User[0] Rolling over usage stats
06-24 11:19:22.691   815   828 I UsageStatsService: User[0] Flushing usage stats to disk
06-24 11:19:22.712   815   828 I UsageStatsService: User[0] Rollover scheduled @ 2017-06-24 20:00:00(1498348800000)
06-24 11:19:22.712   815   828 I UsageStatsService: User[0] Rolling over usage stats complete. Took 22 milliseconds
06-24 11:19:22.714   815   851 D VoldConnector: RCV <- {200 1 asec operation succeeded}
06-24 11:19:22.716   815   850 I chatty  : uid=1000(system) MountService expire 3 lines
06-24 11:19:22.716   815   850 W PackageManager: Not granting permission android.permission.UPDATE_DEVICE_STATS to package io.appium.settings (protectionLevel=18 flags=0x18008446)
06-24 11:19:22.716   815   850 W PackageManager: Not granting permission android.permission.MODIFY_PHONE_STATE to package io.appium.settings (protectionLevel=18 flags=0x18008446)
06-24 11:19:22.716   815   850 W PackageManager: Not granting permission android.permission.WRITE_SECURE_SETTINGS to package io.appium.settings (protectionLevel=50 flags=0x18008446)
06-24 11:19:22.717   815   850 W PackageManager: Not granting permission android.permission.ACCESS_MOCK_LOCATION to package io.appium.settings (protectionLevel=2 flags=0x18008446)
06-24 11:19:22.717   815   850 W PackageManager: Unknown permission com.google.android.googleapps.permission.GOOGLE_AUTH in package com.android.providers.calendar
06-24 11:19:22.717   815   850 W PackageManager: Unknown permission com.google.android.googleapps.permission.GOOGLE_AUTH.cl in package com.android.providers.calendar
06-24 11:19:22.717   815   850 W PackageManager: Not granting permission android.permission.WRITE_CONTACTS to package com.quanleimu.activity because it was previously installed without
06-24 11:19:22.717   815   850 W PackageManager: Not granting permission android.permission.READ_CONTACTS to package com.quanleimu.activity because it was previously installed without
06-24 11:19:22.717   815   850 W PackageManager: Not granting permission android.permission.READ_CALL_LOG to package com.quanleimu.activity because it was previously installed without
06-24 11:19:22.717   815   850 W PackageManager: Not granting permission android.permission.CAMERA to package com.quanleimu.activity because it was previously installed without
06-24 11:19:22.717   815   850 W PackageManager: Not granting permission android.permission.RECEIVE_SMS to package com.quanleimu.activity because it was previously installed without
06-24 11:19:22.717   815   850 W PackageManager: Not granting permission android.permission.READ_SMS to package com.quanleimu.activity because it was previously installed without
06-24 11:19:22.717   815   850 W PackageManager: Unknown permission com.android.launcher.permission.READ_SETTINGS in package com.quanleimu.activity
06-24 11:19:22.717   815   850 W PackageManager: Not granting permission android.permission.ACCESS_FINE_LOCATION to package com.quanleimu.activity because it was previously installed without
06-24 11:19:22.717   815   850 W PackageManager: Not granting permission android.permission.ACCESS_COARSE_LOCATION to package com.quanleimu.activity because it was previously installed without
06-24 11:19:22.717   815   850 W PackageManager: Not granting permission android.permission.READ_PHONE_STATE to package com.quanleimu.activity because it was previously installed without
06-24 11:19:22.720   815   850 W PackageManager: Not granting permission android.permission.READ_LOGS to package com.quanleimu.activity (protectionLevel=50 flags=0x3858be44)
06-24 11:19:22.720   815   850 W PackageManager: Not granting permission android.permission.READ_EXTERNAL_STORAGE to package com.quanleimu.activity because it was previously installed without
06-24 11:19:22.720   815   850 W PackageManager: Not granting permission android.permission.WRITE_EXTERNAL_STORAGE to package com.quanleimu.activity because it was previously installed without
06-24 11:19:22.720   815   850 W PackageManager: Not granting permission android.permission.RECORD_AUDIO to package com.quanleimu.activity because it was previously installed without
06-24 11:19:22.720   815   850 W PackageManager: Unknown permission android.permission.RECEIVE_USER_PRESENT in package com.quanleimu.activity
06-24 11:19:22.720   815   850 W PackageManager: Unknown permission com.xiaomi.permission.AUTH_SERVICE in package com.quanleimu.activity
06-24 11:19:22.720   815   850 W PackageManager: Not granting permission android.permission.GET_ACCOUNTS to package com.quanleimu.activity because it was previously installed without
06-24 11:19:22.721   815   850 W PackageManager: Not granting permission android.permission.MOUNT_UNMOUNT_FILESYSTEMS to package com.quanleimu.activity (protectionLevel=18 flags=0x3858be44)
06-24 11:19:22.721   815   850 W PackageManager: Not granting permission android.permission.GLOBAL_SEARCH to package com.android.quicksearchbox (protectionLevel=18 flags=0x3808be45)
06-24 11:19:22.721   815   850 W PackageManager: Not granting permission android.permission.ACCESS_DOWNLOAD_MANAGER to package com.android.browser (protectionLevel=18 flags=0x3809be45)
06-24 11:19:22.721   815   850 W PackageManager: Not granting permission android.permission.SEND_DOWNLOAD_COMPLETED_INTENTS to package com.android.browser (protectionLevel=2 flags=0x3809be45)
06-24 11:19:22.721   815   850 W PackageManager: Not granting permission android.permission.BIND_WALLPAPER to package com.android.camera2 (protectionLevel=18 flags=0x3058bc45)
06-24 11:19:22.721   815   850 W PackageManager: Unknown permission com.android.launcher.permission.READ_SETTINGS in package com.android.launcher3
06-24 11:19:22.721   815   850 W PackageManager: Unknown permission com.android.launcher.permission.WRITE_SETTINGS in package com.android.launcher3
06-24 11:19:22.721   815   850 W PackageManager: Unknown permission com.google.android.googleapps.permission.GOOGLE_AUTH.mail in package com.android.calendar
06-24 11:19:22.721   815   850 W PackageManager: Not granting permission android.permission.WRITE_EXTERNAL_STORAGE to package com.macaca.android.testing because it was previously installed without
06-24 11:19:22.721   815   850 W PackageManager: Not granting permission android.permission.READ_EXTERNAL_STORAGE to package com.macaca.android.testing because it was previously installed without
06-24 11:19:22.721   815   850 W PackageManager: Not granting permission android.permission.ACCESS_COARSE_LOCATION to package com.macaca.android.testing because it was previously installed without
06-24 11:19:22.721   815   850 W PackageManager: Not granting permission android.permission.READ_PHONE_STATE to package com.macaca.android.testing because it was previously installed without
06-24 11:19:22.721   815   850 W PackageManager: Not granting permission android.permission.GET_ACCOUNTS to package com.macaca.android.testing because it was previously installed without
06-24 11:19:22.721   815   850 W PackageManager: Not granting permission android.permission.ACCESS_FINE_LOCATION to package com.macaca.android.testing because it was previously installed without
06-24 11:19:22.721   815   850 W PackageManager: Not granting permission android.permission.MOUNT_UNMOUNT_FILESYSTEMS to package com.macaca.android.testing (protectionLevel=18 flags=0x3808be46)
06-24 11:19:22.721   815   850 W PackageManager: Unknown permission com.android.launcher.permission.READ_SETTINGS in package com.android.onetimeinitializer
06-24 11:19:22.721   815   850 W PackageManager: Unknown permission com.android.launcher.permission.WRITE_SETTINGS in package com.android.onetimeinitializer
06-24 11:19:22.721   815   850 W PackageManager: Not granting permission android.permission.DELETE_PACKAGES to package com.svox.pico (protectionLevel=18 flags=0x3808be45)
06-24 11:19:22.721   815   850 W PackageManager: Not granting permission android.permission.READ_CONTACTS to package com.example.android.apis because it was previously installed without
06-24 11:19:22.721   815   850 W PackageManager: Not granting permission android.permission.WRITE_CONTACTS to package com.example.android.apis because it was previously installed without
06-24 11:19:22.721   815   850 W PackageManager: Not granting permission android.permission.ACCESS_COARSE_LOCATION to package com.example.android.apis because it was previously installed without
06-24 11:19:22.721   815   850 W PackageManager: Not granting permission android.permission.WRITE_EXTERNAL_STORAGE to package com.example.android.apis because it was previously installed without
06-24 11:19:22.721   815   850 W PackageManager: Not granting permission android.permission.SEND_SMS to package com.example.android.apis because it was previously installed without
06-24 11:19:22.721   815   850 W PackageManager: Not granting permission android.permission.RECEIVE_SMS to package com.example.android.apis because it was previously installed without
06-24 11:19:22.721   815   850 W PackageManager: Not granting permission android.permission.RECEIVE_MMS to package com.example.android.apis because it was previously installed without
06-24 11:19:22.721   815   850 W PackageManager: Not granting permission android.permission.READ_SMS to package com.example.android.apis because it was previously installed without
06-24 11:19:22.721   815   850 W PackageManager: Not granting permission android.permission.READ_PHONE_STATE to package com.example.android.apis because it was previously installed without
06-24 11:19:22.721   815   850 W PackageManager: Not granting permission android.permission.RECORD_AUDIO to package com.example.android.apis because it was previously installed without
06-24 11:19:22.721   815   850 W PackageManager: Not granting permission android.permission.CAMERA to package com.example.android.apis because it was previously installed without
