06-24 11:19:21.390   815   815 W PackageParser: No actions in intent filter at /data/app/com.quanleimu.activity-1/base.apk Binary XML file line #147
06-24 11:19:22.150   815   815 W PackageManager: Not granting permission android.permission.WRITE_CONTACTS to package com.quanleimu.activity because it was previously installed without
06-24 11:19:22.150   815   815 W PackageManager: Not granting permission android.permission.READ_CONTACTS to package com.quanleimu.activity because it was previously installed without
06-24 11:19:22.150   815   815 W PackageManager: Not granting permission android.permission.READ_CALL_LOG to package com.quanleimu.activity because it was previously installed without
06-24 11:19:22.150   815   815 W PackageManager: Not granting permission android.permission.CAMERA to package com.quanleimu.activity because it was previously installed without
06-24 11:19:22.150   815   815 W PackageManager: Not granting permission android.permission.RECEIVE_SMS to package com.quanleimu.activity because it was previously installed without
06-24 11:19:22.150   815   815 W PackageManager: Not granting permission android.permission.READ_SMS to package com.quanleimu.activity because it was previously installed without
06-24 11:19:22.150   815   815 W PackageManager: Unknown permission com.android.launcher.permission.READ_SETTINGS in package com.quanleimu.activity
06-24 11:19:22.150   815   815 W PackageManager: Not granting permission android.permission.ACCESS_FINE_LOCATION to package com.quanleimu.activity because it was previously installed without
06-24 11:19:22.150   815   815 W PackageManager: Not granting permission android.permission.ACCESS_COARSE_LOCATION to package com.quanleimu.activity because it was previously installed without
06-24 11:19:22.150   815   815 W PackageManager: Not granting permission android.permission.READ_PHONE_STATE to package com.quanleimu.activity because it was previously installed without
06-24 11:19:22.150   815   815 W PackageManager: Not granting permission android.permission.READ_LOGS to package com.quanleimu.activity (protectionLevel=50 flags=0x3858be44)
06-24 11:19:22.150   815   815 W PackageManager: Not granting permission android.permission.READ_EXTERNAL_STORAGE to package com.quanleimu.activity because it was previously installed without
06-24 11:19:22.150   815   815 W PackageManager: Not granting permission android.permission.WRITE_EXTERNAL_STORAGE to package com.quanleimu.activity because it was previously installed without
06-24 11:19:22.150   815   815 W PackageManager: Not granting permission android.permission.RECORD_AUDIO to package com.quanleimu.activity because it was previously installed without
06-24 11:19:22.150   815   815 W PackageManager: Unknown permission android.permission.RECEIVE_USER_PRESENT in package com.quanleimu.activity
06-24 11:19:22.150   815   815 W PackageManager: Unknown permission com.xiaomi.permission.AUTH_SERVICE in package com.quanleimu.activity
06-24 11:19:22.150   815   815 W PackageManager: Not granting permission android.permission.GET_ACCOUNTS to package com.quanleimu.activity because it was previously installed without
06-24 11:19:22.150   815   815 W PackageManager: Not granting permission android.permission.MOUNT_UNMOUNT_FILESYSTEMS to package com.quanleimu.activity (protectionLevel=18 flags=0x3858be44)
06-24 11:19:22.717   815   850 W PackageManager: Not granting permission android.permission.WRITE_CONTACTS to package com.quanleimu.activity because it was previously installed without
06-24 11:19:22.717   815   850 W PackageManager: Not granting permission android.permission.READ_CONTACTS to package com.quanleimu.activity because it was previously installed without
06-24 11:19:22.717   815   850 W PackageManager: Not granting permission android.permission.READ_CALL_LOG to package com.quanleimu.activity because it was previously installed without
06-24 11:19:22.717   815   850 W PackageManager: Not granting permission android.permission.CAMERA to package com.quanleimu.activity because it was previously installed without
06-24 11:19:22.717   815   850 W PackageManager: Not granting permission android.permission.RECEIVE_SMS to package com.quanleimu.activity because it was previously installed without
06-24 11:19:22.717   815   850 W PackageManager: Not granting permission android.permission.READ_SMS to package com.quanleimu.activity because it was previously installed without
06-24 11:19:22.717   815   850 W PackageManager: Unknown permission com.android.launcher.permission.READ_SETTINGS in package com.quanleimu.activity
06-24 11:19:22.717   815   850 W PackageManager: Not granting permission android.permission.ACCESS_FINE_LOCATION to package com.quanleimu.activity because it was previously installed without
06-24 11:19:22.717   815   850 W PackageManager: Not granting permission android.permission.ACCESS_COARSE_LOCATION to package com.quanleimu.activity because it was previously installed without
06-24 11:19:22.717   815   850 W PackageManager: Not granting permission android.permission.READ_PHONE_STATE to package com.quanleimu.activity because it was previously installed without
06-24 11:19:22.720   815   850 W PackageManager: Not granting permission android.permission.READ_LOGS to package com.quanleimu.activity (protectionLevel=50 flags=0x3858be44)
06-24 11:19:22.720   815   850 W PackageManager: Not granting permission android.permission.READ_EXTERNAL_STORAGE to package com.quanleimu.activity because it was previously installed without
06-24 11:19:22.720   815   850 W PackageManager: Not granting permission android.permission.WRITE_EXTERNAL_STORAGE to package com.quanleimu.activity because it was previously installed without
06-24 11:19:22.720   815   850 W PackageManager: Not granting permission android.permission.RECORD_AUDIO to package com.quanleimu.activity because it was previously installed without
06-24 11:19:22.720   815   850 W PackageManager: Unknown permission android.permission.RECEIVE_USER_PRESENT in package com.quanleimu.activity
06-24 11:19:22.720   815   850 W PackageManager: Unknown permission com.xiaomi.permission.AUTH_SERVICE in package com.quanleimu.activity
06-24 11:19:22.720   815   850 W PackageManager: Not granting permission android.permission.GET_ACCOUNTS to package com.quanleimu.activity because it was previously installed without
06-24 11:19:22.721   815   850 W PackageManager: Not granting permission android.permission.MOUNT_UNMOUNT_FILESYSTEMS to package com.quanleimu.activity (protectionLevel=18 flags=0x3858be44)
06-24 11:19:35.726   815   826 I ActivityManager: Start proc 1407:io.rong.push/u0a65 for broadcast com.quanleimu.activity/io.rong.push.PushReceiver
06-24 11:19:35.726  1407  1407 I chatty  : uid=10065(com.quanleimu.activity) io.rong.push expire 714 lines
06-24 11:19:36.592  1407  1479 I chatty  : uid=10065(com.quanleimu.activity) BUGLY_THREAD expire 5 lines
06-24 11:19:36.851  1407  1481 I chatty  : uid=10065(com.quanleimu.activity) BUGLY_THREAD expire 23 lines
06-24 11:19:36.856  1407  1480 I chatty  : uid=10065(com.quanleimu.activity) BUGLY_THREAD expire 10 lines
06-24 11:19:37.551  1407  1515 I chatty  : uid=10065(com.quanleimu.activity) io.rong.push expire 10 lines
06-24 11:19:37.589  1407  1517 I chatty  : uid=10065(com.quanleimu.activity) io.rong.push expire 1 line
06-24 11:19:37.835  1407  1488 I chatty  : uid=10065(com.quanleimu.activity) ProcessingThrea expire 1 line
06-24 11:19:37.967  1539  1539 I chatty  : uid=0(root) com.quanleimu.activity:ppd_sdk expire 1 line
06-24 11:19:37.967  1539  1539 I chatty  : uid=10065 com.quanleimu.activity:ppd_sdk expire 853 lines
06-24 11:19:37.972   815  1191 I ActivityManager: Start proc 1539:com.quanleimu.activity:ppd_sdk/u0a65 for broadcast com.quanleimu.activity/com.ppdai.module.watchdog.ScheduleDaemonReceiver
06-24 11:19:38.006  1407  1553 I chatty  : uid=10065(com.quanleimu.activity) io.rong.push expire 10 lines
06-24 11:19:38.040  1539  1560 I chatty  : uid=10065(com.quanleimu.activity) BUGLY_THREAD expire 22 lines
06-24 11:19:38.063  1407  1537 I chatty  : uid=10065(com.quanleimu.activity) AsyncTask #1 expire 36 lines
06-24 11:19:38.094  1407  1554 I chatty  : uid=10065(com.quanleimu.activity) PushConnectivit expire 31 lines
06-24 11:19:38.163  1539  1561 I chatty  : uid=10065(com.quanleimu.activity) BUGLY_THREAD expire 14 lines
06-24 11:19:38.164  1539  1559 I chatty  : uid=10065(com.quanleimu.activity) BUGLY_THREAD expire 2 lines
06-24 11:19:38.339  1539  1590 I chatty  : uid=10065 com.quanleimu.activity:ppd_sdk expire 10 lines
06-24 11:19:38.344  1539  1592 I chatty  : uid=10065 com.quanleimu.activity:ppd_sdk expire 1 line
06-24 11:19:38.548  1539  1598 I chatty  : uid=10065(com.quanleimu.activity) AsyncTask #1 expire 36 lines
06-24 11:19:38.763  1539  1569 I chatty  : uid=10065(com.quanleimu.activity) ProcessingThrea expire 1 line
06-24 11:19:40.608  1407  1579 I chatty  : uid=10065(com.quanleimu.activity) mqt_js expire 2 lines
06-24 11:19:40.730   815  1049 I ActivityManager: Start proc 1838:com.quanleimu.activity/u0a65 for broadcast com.quanleimu.activity/com.baixing.broadcast.KeepAliveReceiver
06-24 11:19:40.748  1838  1838 I chatty  : uid=0(root) com.quanleimu.activity expire 1 line
06-24 11:19:40.748  1838  1838 I chatty  : uid=10065(com.quanleimu.activity) expire 561 lines
06-24 11:19:40.870  1407  1500 I chatty  : uid=10065(com.quanleimu.activity) locHandlerThrea expire 4 lines
06-24 11:19:40.943  1407  1856 I chatty  : uid=10065(com.quanleimu.activity) io.rong.push expire 5 lines
06-24 11:19:41.006  1838  1848 I chatty  : uid=10065(com.quanleimu.activity) HeapTaskDaemon expire 11 lines
06-24 11:19:41.007  1838  1863 I chatty  : uid=10065(com.quanleimu.activity) BUGLY_THREAD expire 46 lines
06-24 11:19:41.309  1838  1865 I chatty  : uid=10065(com.quanleimu.activity) BUGLY_THREAD expire 10 lines
06-24 11:19:41.343  1838  1864 I chatty  : uid=10065(com.quanleimu.activity) BUGLY_THREAD expire 16 lines
06-24 11:19:43.637  1838  1940 I chatty  : uid=10065(com.quanleimu.activity) expire 10 lines
06-24 11:19:43.800  1539  1629 I chatty  : uid=10065(com.quanleimu.activity) mqt_js expire 2 lines
06-24 11:19:43.878  1838  1941 I chatty  : uid=10065(com.quanleimu.activity) expire 26 lines
06-24 11:19:43.990  1539  1970 I chatty  : uid=10065 com.quanleimu.activity:ppd_sdk expire 5 lines
06-24 11:19:44.087  1987  1987 I chatty  : uid=0(root) com.quanleimu.activity:ipc expire 1 line
06-24 11:19:44.087  1987  1987 I chatty  : uid=10065 com.quanleimu.activity:ipc expire 773 lines
06-24 11:19:44.091   815  1206 I ActivityManager: Start proc 1987:com.quanleimu.activity:ipc/u0a65 for service com.quanleimu.activity/io.rong.imlib.ipc.RongService
06-24 11:19:44.109  1838  1897 I chatty  : uid=10065(com.quanleimu.activity) ProcessingThrea expire 10 lines
06-24 11:19:44.160  1407  1514 I chatty  : uid=10065(com.quanleimu.activity) negotiationHand expire 1 line
06-24 11:19:44.160   815  1191 W ActivityManager: Unable to start service Intent { act=com.talkingdata.sdk.TDAntiCheatingService cmp=com.quanleimu.activity/com.talkingdata.sdk.TDAntiCheatingService } U=0: not found
06-24 11:19:44.174  1987  2013 I chatty  : uid=10065(com.quanleimu.activity) BUGLY_THREAD expire 17 lines
06-24 11:19:44.282  1987  2012 I chatty  : uid=10065(com.quanleimu.activity) BUGLY_THREAD expire 15 lines
06-24 11:19:44.286  1987  2014 I chatty  : uid=10065(com.quanleimu.activity) BUGLY_THREAD expire 6 lines
06-24 11:19:44.378  1838  1948 I chatty  : uid=10065(com.quanleimu.activity) pool-3-thread-1 expire 5 lines
06-24 11:19:44.559  1838  2023 I chatty  : uid=10065(com.quanleimu.activity) pool-7-thread-1 expire 2 lines
06-24 11:19:44.560  1838  2039 I chatty  : uid=10065(com.quanleimu.activity) expire 1 line
06-24 11:19:44.579  1987  2048 I chatty  : uid=10065 com.quanleimu.activity:ipc expire 8 lines
06-24 11:19:44.598  1838  2049 I chatty  : uid=10065(com.quanleimu.activity) expire 2 lines
06-24 11:19:44.639  1838  1968 I chatty  : uid=10065(com.quanleimu.activity) expire 1 line
06-24 11:19:44.758  1987  2051 I chatty  : uid=10065 com.quanleimu.activity:ipc expire 34 lines
06-24 11:19:44.920  1838  2060 I chatty  : uid=10065(com.quanleimu.activity) ConnectTask #1 expire 1 line
06-24 11:19:44.993  1838  2064 I chatty  : uid=10065(com.quanleimu.activity) AsyncTask #1 expire 36 lines
06-24 11:19:45.032  1987  2062 I chatty  : uid=10065(com.quanleimu.activity) AsyncTask #1 expire 36 lines
06-24 11:19:45.143  1987  2027 I chatty  : uid=10065(com.quanleimu.activity) ProcessingThrea expire 1 line
06-24 11:19:45.334  1407  2083 I chatty  : uid=10065(com.quanleimu.activity) Thread-120 expire 9 lines
06-24 11:19:45.517   815  1049 I ActivityManager: Start proc 2098:com.quanleimu.activity:pushcore/u0a65 for service com.quanleimu.activity/cn.jpush.android.service.PushService
06-24 11:19:45.523  2098  2098 I chatty  : uid=0(root) com.quanleimu.activity:pushcore expire 1 line
06-24 11:19:45.523  2098  2098 I chatty  : uid=10065 com.quanleimu.activity:pushcore expire 864 lines
06-24 11:19:45.651  2098  2117 I chatty  : uid=10065(com.quanleimu.activity) BUGLY_THREAD expire 7 lines
06-24 11:19:45.748  1838  1902 I chatty  : uid=10065(com.quanleimu.activity) ModuleDataForwa expire 10 lines
06-24 11:19:45.757  1987  1998 I chatty  : uid=10065(com.quanleimu.activity) Binder_1 expire 21 lines
06-24 11:19:45.759  1987  1999 I chatty  : uid=10065(com.quanleimu.activity) Binder_2 expire 19 lines
06-24 11:19:45.760  1987  2043 I chatty  : uid=10065(com.quanleimu.activity) Binder_3 expire 20 lines
06-24 11:19:45.801  1987  2123 I chatty  : uid=10065(com.quanleimu.activity) Binder_4 expire 6 lines
06-24 11:19:45.841  2098  2116 I chatty  : uid=10065(com.quanleimu.activity) BUGLY_THREAD expire 24 lines
06-24 11:19:45.845  2098  2115 I chatty  : uid=10065(com.quanleimu.activity) BUGLY_THREAD expire 8 lines
06-24 11:19:45.888  2098  2108 I chatty  : uid=10065(com.quanleimu.activity) HeapTaskDaemon expire 2 lines
06-24 11:19:45.888  1987  2134 I chatty  : uid=10065(com.quanleimu.activity) pool-5-thread-1 expire 3 lines
06-24 11:19:45.907  1838  2137 I chatty  : uid=10065(com.quanleimu.activity) expire 4 lines
06-24 11:19:45.929  1838  2128 I chatty  : uid=10065(com.quanleimu.activity) expire 10 lines
06-24 11:19:46.230  1838  2146 I chatty  : uid=10065(com.quanleimu.activity) expire 5 lines
06-24 11:19:46.287  2153  2153 I chatty  : uid=10065(com.quanleimu.activity) /system/bin/dex2oat expire 3 lines
06-24 11:19:46.435  2098  2130 I chatty  : uid=10065(com.quanleimu.activity) ProcessingThrea expire 1 line
06-24 11:19:46.714  1838  2167 I chatty  : uid=10065(com.quanleimu.activity) pool-13-thread- expire 5 lines
06-24 11:19:46.887  2153  2170 I chatty  : uid=10065(com.quanleimu.activity) /system/bin/dex2oat expire 1 line
06-24 11:19:46.945  1987  2176 I chatty  : uid=10065(com.quanleimu.activity) Thread-183 expire 5 lines
06-24 11:19:47.005  1987  2030 I chatty  : uid=10065(com.quanleimu.activity) ModuleDataForwa expire 10 lines
06-24 11:19:47.209  2098  2185 I chatty  : uid=10065 com.quanleimu.activity:pushcore expire 10 lines
06-24 11:19:47.220  2098  2186 I chatty  : uid=10065 com.quanleimu.activity:pushcore expire 23 lines
06-24 11:19:47.299  2098  2187 I chatty  : uid=10065(com.quanleimu.activity) AsyncTask #1 expire 36 lines
06-24 11:19:47.407  1838  1853 I chatty  : uid=10065(com.quanleimu.activity) Binder_2 expire 2 lines
06-24 11:19:47.407  1838  1981 I chatty  : uid=10065(com.quanleimu.activity) IPC_WORK expire 1 line
06-24 11:19:48.964  2098  2136 I chatty  : uid=10065(com.quanleimu.activity) ModuleDataForwa expire 10 lines
06-24 11:19:49.561  1987  2045 I chatty  : uid=10065(com.quanleimu.activity) negotiationHand expire 1 line
06-24 11:19:49.561   815  1049 W ActivityManager: Unable to start service Intent { act=com.talkingdata.sdk.TDAntiCheatingService cmp=com.quanleimu.activity/com.talkingdata.sdk.TDAntiCheatingService } U=0: not found
06-24 11:19:49.643  1838  2232 I chatty  : uid=10065(com.quanleimu.activity) expire 11 lines
06-24 11:19:49.833  1838  2233 I chatty  : uid=10065(com.quanleimu.activity) expire 23 lines
06-24 11:19:49.975  1987  2089 I chatty  : uid=10065(com.quanleimu.activity) mqt_js expire 2 lines
06-24 11:19:50.284  1987  2243 I chatty  : uid=10065 com.quanleimu.activity:ipc expire 5 lines
06-24 11:19:50.799  1838  2073 I chatty  : uid=10065(com.quanleimu.activity) mqt_js expire 2 lines
06-24 11:19:51.181  1838  2292 I chatty  : uid=10065(com.quanleimu.activity) expire 8 lines
06-24 11:19:51.189  1838  2293 I chatty  : uid=10065(com.quanleimu.activity) expire 20 lines
06-24 11:19:51.435  2098  2199 I chatty  : uid=10065(com.quanleimu.activity) mqt_js expire 2 lines
06-24 11:19:51.556  2098  2317 I chatty  : uid=10065 com.quanleimu.activity:pushcore expire 5 lines
06-24 11:19:52.082   815  1049 W BroadcastQueue: Permission Denial: broadcasting Intent { act=android.intent.action.USER_PRESENT flg=0x24000010 } from com.android.systemui (pid=921, uid=10016) is not exported from uid 10065 due to receiver com.quanleimu.activity/cn.jpush.android.service.PushReceiver
06-24 11:19:52.089   815   826 I BroadcastQueue: Delay finish: com.quanleimu.activity/com.baixing.broadcast.KeepAliveReceiver
06-24 11:19:52.156  1407  1407 I chatty  : uid=10065(com.quanleimu.activity) io.rong.push expire 9 lines
06-24 11:19:52.158  1407  1554 I chatty  : uid=10065(com.quanleimu.activity) PushConnectivit expire 12 lines
06-24 11:19:52.624  1838  2426 I chatty  : uid=10065(com.quanleimu.activity) pool-13-thread- expire 5 lines
06-24 11:19:54.545   815   829 I ActivityManager: Waited long enough for: ServiceRecord{8ce9289 u0 com.quanleimu.activity/io.rong.push.PushService}
06-24 11:19:55.116   815   829 I ActivityManager: Waited long enough for: ServiceRecord{5042ff9 u0 com.quanleimu.activity/com.ppdai.module.watchdog.ScheduleDaemonService}
06-24 11:19:58.733   815   829 I ActivityManager: Waited long enough for: ServiceRecord{eefcad4 u0 com.quanleimu.activity/com.pushtool.BXPushService}
06-24 11:21:56.595   815   950 I ActivityManager: START u0 {act=android.intent.action.MAIN cat=[android.intent.category.LAUNCHER] flg=0x10000000 cmp=com.quanleimu.activity/com.baixing.activity.BXMainActivity} from uid 0 on display 0
06-24 11:21:56.638  1838  1838 I chatty  : uid=10065(com.quanleimu.activity) expire 388 lines
06-24 11:21:57.022  1838  1863 I chatty  : uid=10065(com.quanleimu.activity) BUGLY_THREAD expire 3 lines
06-24 11:21:57.065  1838  2660 I chatty  : uid=10065(com.quanleimu.activity) expire 17 lines
06-24 11:21:57.117  1838  2681 I chatty  : uid=10065(com.quanleimu.activity) RenderThread expire 17 lines
06-24 11:21:57.144  1539  1539 I chatty  : uid=10065 com.quanleimu.activity:ppd_sdk expire 1 line
06-24 11:21:58.399  2706  2706 I chatty  : uid=0(root) com.quanleimu.activity:remote expire 1 line
06-24 11:21:58.400  2706  2706 I chatty  : uid=10065 com.quanleimu.activity:remote expire 684 lines
06-24 11:21:58.409   815  2578 I ActivityManager: Start proc 2706:com.quanleimu.activity:remote/u0a65 for service com.quanleimu.activity/com.baidu.location.f
06-24 11:21:58.410   815   834 I ActivityManager: Displayed com.quanleimu.activity/com.baixing.activity.BXMainActivity: +1s799ms
06-24 11:21:58.531  2706  2725 I chatty  : uid=10065(com.quanleimu.activity) BUGLY_THREAD expire 16 lines
06-24 11:21:58.749  2706  2724 I chatty  : uid=10065(com.quanleimu.activity) BUGLY_THREAD expire 21 lines
06-24 11:21:58.760  2706  2723 I chatty  : uid=10065(com.quanleimu.activity) BUGLY_THREAD expire 1 line
06-24 11:21:58.973  2706  2752 I chatty  : uid=10065 com.quanleimu.activity:remote expire 8 lines
06-24 11:21:59.028  2706  2754 I chatty  : uid=10065 com.quanleimu.activity:remote expire 33 lines
06-24 11:21:59.339  2706  2764 I chatty  : uid=10065(com.quanleimu.activity) AsyncTask #1 expire 36 lines
06-24 11:21:59.537  2706  2765 I chatty  : uid=10065(com.quanleimu.activity) ServiceStartArg expire 7 lines
06-24 11:21:59.901  2706  2716 I chatty  : uid=10065(com.quanleimu.activity) HeapTaskDaemon expire 1 line
06-24 11:22:00.000  2706  2733 I chatty  : uid=10065(com.quanleimu.activity) ProcessingThrea expire 1 line
06-24 11:22:01.203  2706  2737 I chatty  : uid=10065(com.quanleimu.activity) ModuleDataForwa expire 10 lines
06-24 11:22:02.526  1838  1848 I chatty  : uid=10065(com.quanleimu.activity) HeapTaskDaemon expire 10 lines
06-24 11:22:03.306   815  1191 I ActivityManager: START u0 {cmp=com.quanleimu.activity/com.baixing.activity.ActionActivity (has extras)} from uid 10065 on display 0
06-24 11:22:03.750  1838  3108 I chatty  : uid=10065(com.quanleimu.activity) Thread-304 expire 1 line
06-24 11:22:03.852  2706  2770 I chatty  : uid=10065(com.quanleimu.activity) mqt_js expire 2 lines
06-24 11:22:03.962  2706  2751 I chatty  : uid=10065(com.quanleimu.activity) negotiationHand expire 1 line
06-24 11:22:03.963   815  1191 W ActivityManager: Unable to start service Intent { act=com.talkingdata.sdk.TDAntiCheatingService cmp=com.quanleimu.activity/com.talkingdata.sdk.TDAntiCheatingService } U=0: not found
06-24 11:22:03.982  2706  3115 I chatty  : uid=10065 com.quanleimu.activity:remote expire 5 lines
06-24 11:22:04.029  2706  3120 I chatty  : uid=10065(com.quanleimu.activity) CookieMonsterCl expire 1 line
06-24 11:22:04.345  1838  3106 I chatty  : uid=10065(com.quanleimu.activity) Chrome_IOThread expire 1 line
06-24 11:22:04.799   815   834 I ActivityManager: Displayed com.quanleimu.activity/com.baixing.activity.ActionActivity: +1s447ms
06-24 11:22:05.229   815  1206 W ActivityManager: Duplicate finish request for ActivityRecord{42b1f9c u0 com.quanleimu.activity/com.baixing.activity.ActionActivity t8 f}
06-24 11:22:05.597  1838  3146 I chatty  : uid=10065(com.quanleimu.activity) GpuThread expire 10 lines
06-24 11:22:06.756   815   827 I ActivityManager: START u0 {cmp=com.quanleimu.activity/com.baixing.activity.ActionActivity (has extras)} from uid 10065 on display 0
06-24 11:22:06.766  1838  2673 I chatty  : uid=10065(com.quanleimu.activity) CodelessViewCra expire 8 lines
06-24 11:22:06.995  1838  1838 I chatty  : uid=10065(com.quanleimu.activity) expire 68 lines
06-24 11:22:07.016  1539  1574 I chatty  : uid=10065(com.quanleimu.activity) ModuleDataForwa expire 11 lines
06-24 11:22:07.696  1838  2681 I chatty  : uid=10065(com.quanleimu.activity) RenderThread expire 22 lines
06-24 11:22:08.105   815   834 I ActivityManager: Displayed com.quanleimu.activity/com.baixing.activity.ActionActivity: +1s90ms
06-24 11:22:09.984  2706  2706 I chatty  : uid=10065 com.quanleimu.activity:remote expire 7 lines
06-24 11:22:10.801   815   950 W ActivityManager: Duplicate finish request for ActivityRecord{15726cd u0 com.quanleimu.activity/com.baixing.activity.ActionActivity t8 f}
06-24 11:22:11.255   815   950 W ActivityManager: Duplicate finish request for ActivityRecord{15726cd u0 com.quanleimu.activity/com.baixing.activity.ActionActivity t8 f}
06-24 11:22:14.862   815  2578 I ActivityManager: START u0 {cmp=com.quanleimu.activity/com.baixing.activity.SearchActivity (has extras)} from uid 10065 on display 0
06-24 11:22:15.173   815  1206 E DatabaseUtils: java.lang.SecurityException: com.quanleimu.activity was not granted  this permission: android.permission.WRITE_SETTINGS.
06-24 11:22:15.377   815  1191 W ActivityManager: Unable to start service Intent { cmp=com.quanleimu.activity/com.iflytek.common.LaunchService } U=0: not found
06-24 11:22:15.383  1838  3553 I chatty  : uid=10065(com.quanleimu.activity) expire 2 lines
06-24 11:22:15.400  1838  3555 I chatty  : uid=10065(com.quanleimu.activity) expire 1 line
06-24 11:22:15.456   815  1191 W ActivityManager: Unable to start service Intent { cmp=com.quanleimu.activity/com.iflytek.common.LaunchService } U=0: not found
06-24 11:22:15.712   815   834 I ActivityManager: Displayed com.quanleimu.activity/com.baixing.activity.SearchActivity: +773ms
06-24 11:22:17.068   815  1049 I ActivityManager: START u0 {cmp=com.quanleimu.activity/com.baixing.activity.ActionActivity (has extras)} from uid 10065 on display 0
06-24 11:22:17.404  1987  1987 I chatty  : uid=10065 com.quanleimu.activity:ipc expire 3 lines
06-24 11:22:17.615   815   834 I ActivityManager: Displayed com.quanleimu.activity/com.baixing.activity.ActionActivity: +483ms
06-24 11:22:17.835  1838  1838 I chatty  : uid=10065(com.quanleimu.activity) expire 57 lines
06-24 11:22:18.431   815   950 I ActivityManager: START u0 {cmp=com.quanleimu.activity/com.baixing.activity.GeneralAdListActivity (has extras)} from uid 10065 on display 0
06-24 11:22:18.432   815   950 W ActivityManager: startActivity called from finishing ActivityRecord{47e9978 u0 com.quanleimu.activity/com.baixing.activity.ActionActivity t8 f}; forcing Intent.FLAG_ACTIVITY_NEW_TASK for: Intent { cmp=com.quanleimu.activity/com.baixing.activity.GeneralAdListActivity (has extras) }
06-24 11:22:18.735  1838  1897 I chatty  : uid=10065(com.quanleimu.activity) ProcessingThrea expire 10 lines
06-24 11:22:18.914  1838  2681 I chatty  : uid=10065(com.quanleimu.activity) RenderThread expire 16 lines
06-24 11:22:19.153   815   834 I ActivityManager: Displayed com.quanleimu.activity/com.baixing.activity.GeneralAdListActivity: +591ms
06-24 11:22:20.408   815  1049 I ActivityManager: START u0 {cmp=com.quanleimu.activity/com.baixing.activity.ActionActivity (has extras)} from uid 10065 on display 0
06-24 11:22:20.854   815  1206 W WindowManager: Force-removing child win Window{997b16d u0 PopupWindow:cdb1327} from container Window{f20b7c1 u0 com.quanleimu.activity/com.baixing.activity.GeneralAdListActivity}
06-24 11:22:21.209   815   834 I ActivityManager: Displayed com.quanleimu.activity/com.baixing.activity.ActionActivity: +624ms
06-24 11:22:24.689  1838  1848 I chatty  : uid=10065(com.quanleimu.activity) HeapTaskDaemon expire 10 lines
06-24 11:22:34.423  1407  1501 I chatty  : uid=10065(com.quanleimu.activity) ModuleDataForwa expire 10 lines
06-24 11:23:52.691  1838  1838 I chatty  : uid=10065(com.quanleimu.activity) expire 11 lines
06-24 11:23:52.923  1838  2681 I chatty  : uid=10065(com.quanleimu.activity) RenderThread expire 11 lines
06-24 11:23:56.592   815  1191 I ActivityManager: START u0 {act=android.intent.action.MAIN cat=[android.intent.category.LAUNCHER] flg=0x10000000 cmp=com.quanleimu.activity/com.baixing.activity.BXMainActivity} from uid 0 on display 0
06-24 11:23:59.899  1838  1902 I chatty  : uid=10065(com.quanleimu.activity) ModuleDataForwa expire 10 lines
06-24 11:24:04.700  1838  2681 I chatty  : uid=10065(com.quanleimu.activity) RenderThread expire 22 lines
06-24 11:24:06.415   815  2578 I ActivityManager: START u0 {cmp=com.quanleimu.activity/com.baixing.activity.SearchActivity (has extras)} from uid 10065 on display 0
06-24 11:24:06.424  1838  1838 I chatty  : uid=10065(com.quanleimu.activity) expire 37 lines
06-24 11:24:06.920   815   834 I ActivityManager: Displayed com.quanleimu.activity/com.baixing.activity.SearchActivity: +487ms
06-24 11:24:09.628   815  1049 I ActivityManager: START u0 {cmp=com.quanleimu.activity/com.baixing.activity.ActionActivity (has extras)} from uid 10065 on display 0
06-24 11:24:10.379   815   834 I ActivityManager: Displayed com.quanleimu.activity/com.baixing.activity.ActionActivity: +645ms
06-24 11:24:10.514  1838  1846 I chatty  : uid=10065(com.quanleimu.activity) FinalizerDaemon expire 2 lines
06-24 11:24:12.228   815   950 W ActivityManager: Duplicate finish request for ActivityRecord{caeb193 u0 com.quanleimu.activity/com.baixing.activity.ActionActivity t8 f}
06-24 11:24:14.654   815  2578 I ActivityManager: START u0 {cmp=com.quanleimu.activity/com.baixing.activity.ActionActivity (has extras)} from uid 10065 on display 0
06-24 11:24:15.032  1838  2681 I chatty  : uid=10065(com.quanleimu.activity) RenderThread expire 13 lines
06-24 11:24:15.422   815   834 I ActivityManager: Displayed com.quanleimu.activity/com.baixing.activity.ActionActivity: +689ms
06-24 11:24:15.607  1838  1848 I chatty  : uid=10065(com.quanleimu.activity) HeapTaskDaemon expire 13 lines
06-24 11:24:18.935  1838  1838 I chatty  : uid=10065(com.quanleimu.activity) expire 30 lines
06-24 11:24:21.118  1838  1897 I chatty  : uid=10065(com.quanleimu.activity) ProcessingThrea expire 10 lines
06-24 11:24:22.554   815   826 I ActivityManager: START u0 {cmp=com.quanleimu.activity/com.baixing.activity.ActionActivity (has extras)} from uid 10065 on display 0
06-24 11:24:23.429   815   834 I ActivityManager: Displayed com.quanleimu.activity/com.baixing.activity.ActionActivity: +697ms
06-24 11:24:23.808   815  1206 W ActivityManager: Duplicate finish request for ActivityRecord{a554d06 u0 com.quanleimu.activity/com.baixing.activity.ActionActivity t8 f}
06-24 11:24:23.847  1838  3146 I chatty  : uid=10065(com.quanleimu.activity) GpuThread expire 9 lines
06-24 11:24:25.144  1838  2681 I chatty  : uid=10065(com.quanleimu.activity) RenderThread expire 11 lines
06-24 11:24:25.147   815  1206 I ActivityManager: moveTaskToBack: TaskRecord{69103b6 #8 A=com.quanleimu.activity U=0 sz=2}
06-24 11:24:26.009   815  1191 I ActivityManager: START u0 {act=android.intent.action.MAIN cat=[android.intent.category.LAUNCHER] flg=0x10000000 cmp=com.quanleimu.activity/com.baixing.activity.BXMainActivity} from uid 0 on display 0
06-24 11:24:37.990  2098  2136 I chatty  : uid=10065(com.quanleimu.activity) ModuleDataForwa expire 7 lines
06-24 11:24:40.158  1987  2030 I chatty  : uid=10065(com.quanleimu.activity) ModuleDataForwa expire 7 lines
06-24 11:25:53.291  1838  1838 I chatty  : uid=10065(com.quanleimu.activity) expire 10 lines
06-24 11:25:56.504  1838  1848 I chatty  : uid=10065(com.quanleimu.activity) HeapTaskDaemon expire 10 lines
06-24 11:25:57.732   815   826 I ActivityManager: START u0 {act=android.intent.action.MAIN cat=[android.intent.category.LAUNCHER] flg=0x10000000 cmp=com.quanleimu.activity/com.baixing.activity.BXMainActivity} from uid 0 on display 0
06-24 11:26:03.057   815  1049 I ActivityManager: START u0 {cmp=com.quanleimu.activity/com.baixing.activity.GeneralAdListActivity (has extras)} from uid 10065 on display 0
06-24 11:26:03.602  1838  2681 I chatty  : uid=10065(com.quanleimu.activity) RenderThread expire 22 lines
06-24 11:26:03.830   815   834 I ActivityManager: Displayed com.quanleimu.activity/com.baixing.activity.GeneralAdListActivity: +752ms
06-24 11:26:03.864  1838  1838 I chatty  : uid=10065(com.quanleimu.activity) expire 66 lines
06-24 11:26:07.377   815   950 I ActivityManager: START u0 {cmp=com.quanleimu.activity/com.baixing.view.activity.BXVadActivity (has extras)} from uid 10065 on display 0
06-24 11:26:08.590   815   834 I ActivityManager: Displayed com.quanleimu.activity/com.baixing.view.activity.BXVadActivity: +1s40ms
06-24 11:26:09.957   815   826 W ActivityManager: Duplicate finish request for ActivityRecord{f8d5940 u0 com.quanleimu.activity/com.baixing.view.activity.BXVadActivity t8 f}
06-24 11:26:09.968   815   827 W ActivityManager: Duplicate finish request for ActivityRecord{f8d5940 u0 com.quanleimu.activity/com.baixing.view.activity.BXVadActivity t8 f}
06-24 11:26:12.112   815  2578 I ActivityManager: START u0 {cmp=com.quanleimu.activity/com.baixing.activity.ActionActivity (has extras)} from uid 10065 on display 0
06-24 11:26:12.455   815   834 I ActivityManager: Displayed com.quanleimu.activity/com.baixing.activity.ActionActivity: +321ms
06-24 11:26:15.765  1838  5531 I chatty  : uid=10065(com.quanleimu.activity) expire 2 lines
06-24 11:26:16.004  1838  1838 I chatty  : uid=10065(com.quanleimu.activity) expire 120 lines
06-24 11:26:16.689  1838  6122 I chatty  : uid=10065(com.quanleimu.activity) expire 1 line
06-24 11:26:16.797  1838  6128 I chatty  : uid=10065(com.quanleimu.activity) expire 1 line
06-24 11:26:16.911  1838  6132 I chatty  : uid=10065(com.quanleimu.activity) expire 1 line
06-24 11:26:17.014  1838  6135 I chatty  : uid=10065(com.quanleimu.activity) expire 1 line
06-24 11:26:17.128  1838  2221 I chatty  : uid=10065(com.quanleimu.activity) pool-13-thread- expire 4 lines
06-24 11:26:17.212  1838  2223 I chatty  : uid=10065(com.quanleimu.activity) pool-13-thread- expire 4 lines
06-24 11:26:17.531   815  1049 W ActivityManager: Duplicate finish request for ActivityRecord{2abd50c u0 com.quanleimu.activity/com.baixing.activity.GeneralAdListActivity t8 f}
06-24 11:26:17.585  1838  1897 I chatty  : uid=10065(com.quanleimu.activity) ProcessingThrea expire 8 lines
06-24 11:26:17.730  1838  2681 I chatty  : uid=10065(com.quanleimu.activity) RenderThread expire 18 lines
06-24 11:26:19.870  1838  5621 I chatty  : uid=10065(com.quanleimu.activity) expire 2 lines
06-24 11:26:19.946   815   950 I ActivityManager: moveTaskToBack: TaskRecord{69103b6 #8 A=com.quanleimu.activity U=0 sz=1}
06-24 11:26:20.130   815  1049 I ActivityManager: START u0 {cmp=com.quanleimu.activity/com.baixing.activity.SearchActivity (has extras)} from uid 10065 on display 0
06-24 11:26:21.053   815   834 I ActivityManager: Displayed com.quanleimu.activity/com.baixing.activity.SearchActivity: +728ms
06-24 11:26:21.224   815  1206 I ActivityManager: START u0 {act=android.intent.action.MAIN cat=[android.intent.category.LAUNCHER] flg=0x10000000 cmp=com.quanleimu.activity/com.baixing.activity.BXMainActivity} from uid 0 on display 0
06-24 11:26:25.624   815  1191 I ActivityManager: START u0 {cmp=com.quanleimu.activity/com.baixing.activity.SearchActivity (has extras)} from uid 10065 on display 0
06-24 11:26:26.186   815   834 I ActivityManager: Displayed com.quanleimu.activity/com.baixing.activity.SearchActivity: +415ms
06-24 11:26:26.704  1838  1838 I chatty  : uid=10065(com.quanleimu.activity) expire 49 lines
06-24 11:26:27.222  1838  6151 I chatty  : uid=10065(com.quanleimu.activity) expire 2 lines
06-24 11:26:27.386  1838  1848 I chatty  : uid=10065(com.quanleimu.activity) HeapTaskDaemon expire 2 lines
06-24 11:26:27.966   815  1049 I ActivityManager: START u0 {cmp=com.quanleimu.activity/com.baixing.activity.ActionActivity (has extras)} from uid 10065 on display 0
06-24 11:26:28.269  1838  2681 I chatty  : uid=10065(com.quanleimu.activity) RenderThread expire 11 lines
06-24 11:26:28.561   815   834 I ActivityManager: Displayed com.quanleimu.activity/com.baixing.activity.ActionActivity: +562ms
06-24 11:26:38.355  1539  1574 I chatty  : uid=10065(com.quanleimu.activity) ModuleDataForwa expire 3 lines
06-24 11:26:57.025  1838  6809 I chatty  : uid=10065(com.quanleimu.activity) expire 10 lines
06-24 11:26:57.028  1838  6810 I chatty  : uid=10065(com.quanleimu.activity) expire 26 lines
06-24 11:27:23.282  2706  2737 I chatty  : uid=10065(com.quanleimu.activity) ModuleDataForwa expire 2 lines
06-24 11:27:45.939  1407  1554 I chatty  : uid=10065(com.quanleimu.activity) PushConnectivit expire 4 lines
06-24 11:27:52.316  1407  1501 I chatty  : uid=10065(com.quanleimu.activity) ModuleDataForwa expire 1 line
06-24 11:27:53.024  1838  1838 I chatty  : uid=10065(com.quanleimu.activity) expire 10 lines
06-24 11:27:56.473   815  6906 I ActivityManager: START u0 {act=android.intent.action.MAIN cat=[android.intent.category.LAUNCHER] flg=0x10000000 cmp=com.quanleimu.activity/com.baixing.activity.BXMainActivity} from uid 0 on display 0
06-24 11:28:04.344   815  1206 I ActivityManager: START u0 {cmp=com.quanleimu.activity/com.baixing.activity.ActionActivity (has extras)} from uid 10065 on display 0
06-24 11:28:04.513  1838  1838 I chatty  : uid=10065(com.quanleimu.activity) expire 19 lines
06-24 11:28:05.160   815   834 I ActivityManager: Displayed com.quanleimu.activity/com.baixing.activity.ActionActivity: +631ms
06-24 11:28:06.917   815   826 I ActivityManager: START u0 {cmp=com.quanleimu.activity/com.baixing.activity.GeneralAdListActivity (has extras)} from uid 10065 on display 0
06-24 11:28:07.630   815   834 I ActivityManager: Displayed com.quanleimu.activity/com.baixing.activity.GeneralAdListActivity: +639ms
06-24 11:28:17.677   815   827 W ActivityManager: Duplicate finish request for ActivityRecord{dffa329 u0 com.quanleimu.activity/com.baixing.activity.GeneralAdListActivity t8 f}
06-24 11:28:20.710   815  1206 I ActivityManager: moveTaskToBack: TaskRecord{69103b6 #8 A=com.quanleimu.activity U=0 sz=1}
06-24 11:28:21.851   815  1191 I ActivityManager: START u0 {act=android.intent.action.MAIN cat=[android.intent.category.LAUNCHER] flg=0x10000000 cmp=com.quanleimu.activity/com.baixing.activity.BXMainActivity} from uid 0 on display 0
06-24 11:28:23.078   815  1191 I ActivityManager: START u0 {cmp=com.quanleimu.activity/com.baixing.activity.ActionActivity (has extras)} from uid 10065 on display 0
06-24 11:28:23.697   815   834 I ActivityManager: Displayed com.quanleimu.activity/com.baixing.activity.ActionActivity: +476ms
06-24 11:28:27.381   815   950 W ActivityManager: Duplicate finish request for ActivityRecord{317d141 u0 com.quanleimu.activity/com.baixing.activity.ActionActivity t8 f}
06-24 11:28:28.043   815  1206 W ActivityManager: Duplicate finish request for ActivityRecord{317d141 u0 com.quanleimu.activity/com.baixing.activity.ActionActivity t8 f}
06-24 11:28:28.046   815  1191 W ActivityManager: Duplicate finish request for ActivityRecord{317d141 u0 com.quanleimu.activity/com.baixing.activity.ActionActivity t8 f}
06-24 11:29:47.412  1987  1987 D RongLog : [ WakeLockUtils ] startNextHeartbeat com.quanleimu.activity
06-24 11:29:58.264   815  1191 I ActivityManager: START u0 {act=android.intent.action.MAIN cat=[android.intent.category.LAUNCHER] flg=0x10000000 cmp=com.quanleimu.activity/com.baixing.activity.BXMainActivity} from uid 0 on display 0
06-24 11:30:04.595   815  1049 I ActivityManager: START u0 {cmp=com.quanleimu.activity/com.baixing.activity.ActionActivity (has extras)} from uid 10065 on display 0
06-24 11:30:05.733   815   834 I ActivityManager: Displayed com.quanleimu.activity/com.baixing.activity.ActionActivity: +983ms
06-24 11:30:08.718   815   827 I ActivityManager: START u0 {cmp=com.quanleimu.activity/com.pegasus.activity.BXRnActivity (has extras)} from uid 10065 on display 0
06-24 11:30:09.547   815   834 I ActivityManager: Displayed com.quanleimu.activity/com.pegasus.activity.BXRnActivity: +479ms
06-24 11:30:09.644  1838  1838 D houdini : [1838] Added shared library /data/app/com.quanleimu.activity-1/lib/arm/libyoga.so for ClassLoader by Native Bridge.
06-24 11:30:11.979  1838  9121 D houdini : [9121] Added shared library /data/app/com.quanleimu.activity-1/lib/arm/libimagepipeline.so for ClassLoader by Native Bridge.
06-24 11:30:16.003   815  6906 I ActivityManager: START u0 {cmp=com.quanleimu.activity/com.baixing.activity.ActionActivity (has extras)} from uid 10065 on display 0
06-24 11:30:16.904   815   834 I ActivityManager: Displayed com.quanleimu.activity/com.baixing.activity.ActionActivity: +866ms
06-24 11:30:20.297   815   950 I ActivityManager: moveTaskToBack: TaskRecord{69103b6 #8 A=com.quanleimu.activity U=0 sz=1}
06-24 11:30:21.246   815   950 I ActivityManager: START u0 {act=android.intent.action.MAIN cat=[android.intent.category.LAUNCHER] flg=0x10000000 cmp=com.quanleimu.activity/com.baixing.activity.BXMainActivity} from uid 0 on display 0
06-24 11:30:23.352   815  1191 I ActivityManager: START u0 {cmp=com.quanleimu.activity/com.baixing.activity.ActionActivity (has extras)} from uid 10065 on display 0
06-24 11:30:23.999   815   834 I ActivityManager: Displayed com.quanleimu.activity/com.baixing.activity.ActionActivity: +577ms (total +3s86ms)
06-24 11:30:25.254   815  2578 I ActivityManager: START u0 {cmp=com.quanleimu.activity/com.baixing.activity.MultiSelectGeneralAdListActivity (has extras)} from uid 10065 on display 0
06-24 11:30:26.068   815   834 I ActivityManager: Displayed com.quanleimu.activity/com.baixing.activity.MultiSelectGeneralAdListActivity: +741ms
06-24 11:31:45.943  1407  1407 D RongLog-Push[PushReceiver]: onReceive intent = Intent { act=io.rong.push.intent.action.HEART_BEAT flg=0x14 cmp=com.quanleimu.activity/io.rong.push.PushReceiver (has extras) }
06-24 11:31:45.944  1407  1407 D RongLog-Push[PushService]: onStartCommand, intent Intent { act=io.rong.push.intent.action.HEART_BEAT cmp=com.quanleimu.activity/io.rong.push.PushService (has extras) }
06-24 11:31:55.557   815  6906 I ActivityManager: START u0 {act=android.intent.action.MAIN cat=[android.intent.category.LAUNCHER] flg=0x10000000 cmp=com.quanleimu.activity/com.baixing.activity.BXMainActivity} from uid 0 on display 0
06-24 11:32:02.900   815  1206 I ActivityManager: START u0 {cmp=com.quanleimu.activity/com.baixing.activity.MultiSelectGeneralAdListActivity (has extras)} from uid 10065 on display 0
06-24 11:32:03.810   815   834 I ActivityManager: Displayed com.quanleimu.activity/com.baixing.activity.MultiSelectGeneralAdListActivity: +680ms
06-24 11:32:05.490   815   826 I ActivityManager: START u0 {cmp=com.quanleimu.activity/com.baixing.activity.ActionActivity (has extras)} from uid 10065 on display 0
06-24 11:32:06.494   815   834 I ActivityManager: Displayed com.quanleimu.activity/com.baixing.activity.ActionActivity: +810ms
06-24 11:32:06.780   815   950 I ActivityManager: START u0 {cmp=com.quanleimu.activity/com.baixing.activity.GeneralAdListActivity (has extras)} from uid 10065 on display 0
06-24 11:32:06.781   815   950 W ActivityManager: startActivity called from finishing ActivityRecord{d399aaa u0 com.quanleimu.activity/com.baixing.activity.ActionActivity t8 f}; forcing Intent.FLAG_ACTIVITY_NEW_TASK for: Intent { cmp=com.quanleimu.activity/com.baixing.activity.GeneralAdListActivity (has extras) }
06-24 11:32:07.120   815   834 I ActivityManager: Displayed com.quanleimu.activity/com.baixing.activity.GeneralAdListActivity: +251ms
06-24 11:32:14.199   815  1191 I ActivityManager: START u0 {cmp=com.quanleimu.activity/com.baixing.view.activity.BigGalleryActivity (has extras)} from uid 10065 on display 0
06-24 11:32:14.579   815   834 I ActivityManager: Displayed com.quanleimu.activity/com.baixing.view.activity.BigGalleryActivity: +317ms
06-24 11:32:17.423  1987  1987 D RongLog : [ WakeLockUtils ] startNextHeartbeat com.quanleimu.activity
06-24 11:32:17.965   815  1206 I ActivityManager: START u0 {cmp=com.quanleimu.activity/com.baixing.view.activity.BigGalleryActivity (has extras)} from uid 10065 on display 0
06-24 11:32:18.275   815   834 I ActivityManager: Displayed com.quanleimu.activity/com.baixing.view.activity.BigGalleryActivity: +296ms
06-24 11:32:18.663   815  6906 W ActivityManager: Duplicate finish request for ActivityRecord{7809244 u0 com.quanleimu.activity/com.baixing.view.activity.BigGalleryActivity t8 f}
06-24 11:32:20.082   815   827 I ActivityManager: START u0 {cmp=com.quanleimu.activity/com.baixing.view.activity.BXVadActivity (has extras)} from uid 10065 on display 0
06-24 11:32:20.942   815   834 I ActivityManager: Displayed com.quanleimu.activity/com.baixing.view.activity.BXVadActivity: +741ms
06-24 11:33:56.724   815  1206 I ActivityManager: START u0 {act=android.intent.action.MAIN cat=[android.intent.category.LAUNCHER] flg=0x10000000 cmp=com.quanleimu.activity/com.baixing.activity.BXMainActivity} from uid 0 on display 0
06-24 11:34:04.963   815   827 W ActivityManager: Duplicate finish request for ActivityRecord{975e86f u0 com.quanleimu.activity/com.baixing.activity.GeneralAdListActivity t8 f}
06-24 11:34:07.909   815   826 I ActivityManager: START u0 {cmp=com.quanleimu.activity/com.baixing.activity.GeneralMapActivity (has extras)} from uid 10065 on display 0
06-24 11:34:08.395  1838  1838 D houdini : [1838] Added shared library /data/app/com.quanleimu.activity-1/lib/arm/libBaiduMapSDK_map_v4_1_1.so for ClassLoader by Native Bridge.
06-24 11:34:08.847  1838  1838 D houdini : [1838] Added shared library /data/app/com.quanleimu.activity-1/lib/arm/libBaiduMapSDK_search_v4_1_1.so for ClassLoader by Native Bridge.
06-24 11:34:09.461   815   834 I ActivityManager: Displayed com.quanleimu.activity/com.baixing.activity.GeneralMapActivity: +1s376ms
06-24 11:34:13.817   815  6906 I ActivityManager: moveTaskToBack: TaskRecord{69103b6 #8 A=com.quanleimu.activity U=0 sz=1}
06-24 11:34:14.217   815  1206 I ActivityManager: START u0 {cmp=com.quanleimu.activity/com.baixing.activity.SearchActivity (has extras)} from uid 10065 on display 0
06-24 11:34:15.074   815   827 I ActivityManager: START u0 {act=android.intent.action.MAIN cat=[android.intent.category.LAUNCHER] flg=0x10000000 cmp=com.quanleimu.activity/com.baixing.activity.BXMainActivity} from uid 0 on display 0
06-24 11:34:15.597   815   834 I ActivityManager: Displayed com.quanleimu.activity/com.baixing.activity.SearchActivity: +816ms
06-24 11:34:21.110   815  6906 I ActivityManager: START u0 {cmp=com.quanleimu.activity/com.baixing.activity.ActionActivity (has extras)} from uid 10065 on display 0
06-24 11:34:22.551   815   834 I ActivityManager: Displayed com.quanleimu.activity/com.baixing.activity.ActionActivity: +1s225ms
06-24 11:34:23.112   815   829 W ActivityManager: Activity pause timeout for ActivityRecord{658ea20 u0 com.quanleimu.activity/com.baixing.activity.ActionActivity t8 f}
